Archive member included to satisfy reference by file (symbol)

/usr/lib/gcc/arm-none-eabi/10.3.1/thumb/v6-m/nofp/libgcc.a(_dvmd_tls.o)
                              CMakeFiles/sensing_unit.dir/opt/pico/pico-sdk/src/rp2_common/pico_divider/divider.S.obj (__aeabi_idiv0)
/usr/lib/gcc/arm-none-eabi/10.3.1/../../../arm-none-eabi/lib/thumb/v6-m/nofp/libg.a(lib_a-atexit.o)
                              /usr/lib/gcc/arm-none-eabi/10.3.1/../../../arm-none-eabi/lib/thumb/v6-m/nofp/crt0.o (atexit)
/usr/lib/gcc/arm-none-eabi/10.3.1/../../../arm-none-eabi/lib/thumb/v6-m/nofp/libg.a(lib_a-atoi.o)
                              CMakeFiles/sensing_unit.dir/opt/pico/pico-sdk/lib/lwip/src/core/netif.c.obj (atoi)
/usr/lib/gcc/arm-none-eabi/10.3.1/../../../arm-none-eabi/lib/thumb/v6-m/nofp/libg.a(lib_a-calloc.o)
                              CMakeFiles/sensing_unit.dir/opt/pico/pico-sdk/src/rp2_common/pico_malloc/pico_malloc.c.obj (calloc)
/usr/lib/gcc/arm-none-eabi/10.3.1/../../../arm-none-eabi/lib/thumb/v6-m/nofp/libg.a(lib_a-callocr.o)
                              /usr/lib/gcc/arm-none-eabi/10.3.1/../../../arm-none-eabi/lib/thumb/v6-m/nofp/libg.a(lib_a-calloc.o) (_calloc_r)
/usr/lib/gcc/arm-none-eabi/10.3.1/../../../arm-none-eabi/lib/thumb/v6-m/nofp/libg.a(lib_a-ctype_.o)
                              CMakeFiles/sensing_unit.dir/opt/pico/pico-sdk/lib/lwip/src/core/dns.c.obj (_ctype_)
/usr/lib/gcc/arm-none-eabi/10.3.1/../../../arm-none-eabi/lib/thumb/v6-m/nofp/libg.a(lib_a-fini.o)
                              /usr/lib/gcc/arm-none-eabi/10.3.1/../../../arm-none-eabi/lib/thumb/v6-m/nofp/crt0.o (__libc_fini_array)
/usr/lib/gcc/arm-none-eabi/10.3.1/../../../arm-none-eabi/lib/thumb/v6-m/nofp/libg.a(lib_a-impure.o)
                              /usr/lib/gcc/arm-none-eabi/10.3.1/../../../arm-none-eabi/lib/thumb/v6-m/nofp/libg.a(lib_a-calloc.o) (_impure_ptr)
/usr/lib/gcc/arm-none-eabi/10.3.1/../../../arm-none-eabi/lib/thumb/v6-m/nofp/libg.a(lib_a-init.o)
                              /usr/lib/gcc/arm-none-eabi/10.3.1/../../../arm-none-eabi/lib/thumb/v6-m/nofp/crt0.o (__libc_init_array)
/usr/lib/gcc/arm-none-eabi/10.3.1/../../../arm-none-eabi/lib/thumb/v6-m/nofp/libg.a(lib_a-malloc.o)
                              CMakeFiles/sensing_unit.dir/opt/pico/pico-sdk/src/rp2_common/pico_malloc/pico_malloc.c.obj (malloc)
/usr/lib/gcc/arm-none-eabi/10.3.1/../../../arm-none-eabi/lib/thumb/v6-m/nofp/libg.a(lib_a-mallocr.o)
                              /usr/lib/gcc/arm-none-eabi/10.3.1/../../../arm-none-eabi/lib/thumb/v6-m/nofp/libg.a(lib_a-callocr.o) (_malloc_r)
/usr/lib/gcc/arm-none-eabi/10.3.1/../../../arm-none-eabi/lib/thumb/v6-m/nofp/libg.a(lib_a-memcmp.o)
                              CMakeFiles/sensing_unit.dir/tcp_server_new.c.obj (memcmp)
/usr/lib/gcc/arm-none-eabi/10.3.1/../../../arm-none-eabi/lib/thumb/v6-m/nofp/libg.a(lib_a-memmove.o)
                              CMakeFiles/sensing_unit.dir/opt/pico/pico-sdk/lib/lwip/src/core/def.c.obj (memmove)
/usr/lib/gcc/arm-none-eabi/10.3.1/../../../arm-none-eabi/lib/thumb/v6-m/nofp/libg.a(lib_a-mlock.o)
                              /usr/lib/gcc/arm-none-eabi/10.3.1/../../../arm-none-eabi/lib/thumb/v6-m/nofp/libg.a(lib_a-mallocr.o) (__malloc_lock)
/usr/lib/gcc/arm-none-eabi/10.3.1/../../../arm-none-eabi/lib/thumb/v6-m/nofp/libg.a(lib_a-realloc.o)
                              CMakeFiles/sensing_unit.dir/opt/pico/pico-sdk/src/rp2_common/pico_malloc/pico_malloc.c.obj (realloc)
/usr/lib/gcc/arm-none-eabi/10.3.1/../../../arm-none-eabi/lib/thumb/v6-m/nofp/libg.a(lib_a-reallocr.o)
                              /usr/lib/gcc/arm-none-eabi/10.3.1/../../../arm-none-eabi/lib/thumb/v6-m/nofp/libg.a(lib_a-realloc.o) (_realloc_r)
/usr/lib/gcc/arm-none-eabi/10.3.1/../../../arm-none-eabi/lib/thumb/v6-m/nofp/libg.a(lib_a-sbrkr.o)
                              /usr/lib/gcc/arm-none-eabi/10.3.1/../../../arm-none-eabi/lib/thumb/v6-m/nofp/libg.a(lib_a-mallocr.o) (_sbrk_r)
/usr/lib/gcc/arm-none-eabi/10.3.1/../../../arm-none-eabi/lib/thumb/v6-m/nofp/libg.a(lib_a-strlen-stub.o)
                              CMakeFiles/sensing_unit.dir/opt/pico/pico-sdk/src/rp2_common/pico_stdio/stdio.c.obj (strlen)
/usr/lib/gcc/arm-none-eabi/10.3.1/../../../arm-none-eabi/lib/thumb/v6-m/nofp/libg.a(lib_a-strncmp.o)
                              CMakeFiles/sensing_unit.dir/opt/pico/pico-sdk/lib/lwip/src/core/def.c.obj (strncmp)
/usr/lib/gcc/arm-none-eabi/10.3.1/../../../arm-none-eabi/lib/thumb/v6-m/nofp/libg.a(lib_a-strtol.o)
                              /usr/lib/gcc/arm-none-eabi/10.3.1/../../../arm-none-eabi/lib/thumb/v6-m/nofp/libg.a(lib_a-atoi.o) (_strtol_r)
/usr/lib/gcc/arm-none-eabi/10.3.1/../../../arm-none-eabi/lib/thumb/v6-m/nofp/libg.a(lib_a-__atexit.o)
                              /usr/lib/gcc/arm-none-eabi/10.3.1/../../../arm-none-eabi/lib/thumb/v6-m/nofp/libg.a(lib_a-atexit.o) (__register_exitproc)
/usr/lib/gcc/arm-none-eabi/10.3.1/../../../arm-none-eabi/lib/thumb/v6-m/nofp/libg.a(lib_a-errno.o)
[...]
Memory Configuration

Name             Origin             Length             Attributes
FLASH            0x0000000010000000 0x00000000001fc000 xr
FLASH_PERSISTENT 0x00000000101fc000 0x0000000000004000 rw
RAM              0x0000000020000000 0x0000000000040000 xrw
SCRATCH_X        0x0000000020040000 0x0000000000001000 xrw
SCRATCH_Y        0x0000000020041000 0x0000000000001000 xrw
*default*        0x0000000000000000 0xffffffffffffffff

Linker script and memory map

LOAD /usr/lib/gcc/arm-none-eabi/10.3.1/thumb/v6-m/nofp/crti.o
LOAD /usr/lib/gcc/arm-none-eabi/10.3.1/thumb/v6-m/nofp/crtbegin.o
LOAD /usr/lib/gcc/arm-none-eabi/10.3.1/../../../arm-none-eabi/lib/thumb/v6-m/nofp/crt0.o
                0x0000000000004000                __PERSISTENT_STORAGE_LEN = 0x4000

.flash_begin    0x0000000010000000        0x0
                0x0000000010000000                __flash_binary_start = .

.boot2          0x0000000010000000      0x100
                0x0000000010000000                __boot2_start__ = .
 *(.boot2)
 .boot2         0x0000000010000000      0x100 /tmp/cchOiUGg.o
                0x0000000010000100                __boot2_end__ = .
                0x0000000000000001                ASSERT (((__boot2_end__ - __boot2_start__) == 0x100), ERROR: Pico second stage bootloader must be 256 bytes in size)

.text           0x0000000010000100    0x17240
                0x0000000010000100                __logical_binary_start = .
 *(.vectors)
 .vectors       0x0000000010000100       0xd4 CMakeFiles/sensing_unit.dir/opt/pico/pico-sdk/src/rp2_common/pico_standard_link/crt0.S.obj
                0x0000000010000100                __vectors
                0x0000000010000100                __VECTOR_TABLE
                0x00000000100001c0                isr_invalid
                0x00000000100001c0                __default_isrs_start
                0x00000000100001c2                isr_nmi
                0x00000000100001c4                isr_hardfault
                0x00000000100001c6                isr_svcall
                0x00000000100001c8                isr_pendsv
                0x00000000100001ca                isr_systick
                0x00000000100001cc                isr_irq30
                0x00000000100001cc                __unhandled_user_irq
                0x00000000100001cc                isr_irq13
                0x00000000100001cc                isr_irq27
                0x00000000100001cc                isr_irq31
                0x00000000100001cc                isr_irq5
                0x00000000100001cc                isr_irq11
                0x00000000100001cc                isr_irq23
                0x00000000100001cc                isr_irq18
                0x00000000100001cc                isr_irq28
                0x00000000100001cc                isr_irq19
                0x00000000100001cc                isr_irq0
                0x00000000100001cc                isr_irq6
                0x00000000100001cc                isr_irq22
                0x00000000100001cc                isr_irq17
                0x00000000100001cc                isr_irq14
                0x00000000100001cc                isr_irq2
                0x00000000100001cc                isr_irq10
                0x00000000100001cc                isr_irq8
                0x00000000100001cc                isr_irq24
                0x00000000100001cc                isr_irq1
                0x00000000100001cc                isr_irq7
                0x00000000100001cc                isr_irq21
                0x00000000100001cc                isr_irq20
                0x00000000100001cc                isr_irq15
                0x00000000100001cc                isr_irq25
                0x00000000100001cc                isr_irq4
                0x00000000100001cc                isr_irq16
                0x00000000100001cc                isr_irq29
                0x00000000100001cc                isr_irq26
                0x00000000100001cc                __default_isrs_end
                0x00000000100001cc                isr_irq3
                0x00000000100001cc                isr_irq12
                0x00000000100001cc                isr_irq9
                0x00000000100001d2                unhandled_user_irq_num_in_r0
 *(.binary_info_header)
 .binary_info_header
                0x00000000100001d4       0x14 CMakeFiles/sensing_unit.dir/opt/pico/pico-sdk/src/rp2_common/pico_standard_link/crt0.S.obj
                0x00000000100001e8                __binary_info_header_end = .
 *(.reset)
 .reset         0x00000000100001e8       0xa0 CMakeFiles/sensing_unit.dir/opt/pico/pico-sdk/src/rp2_common/pico_standard_link/crt0.S.obj
                0x00000000100001e8                _entry_point
 .reset         0x0000000010000288       0x30 CMakeFiles/sensing_unit.dir/opt/pico/pico-sdk/src/rp2_common/pico_standard_link/binary_info.c.obj
 *(.init)
 .init          0x00000000100002b8        0x4 /usr/lib/gcc/arm-none-eabi/10.3.1/thumb/v6-m/nofp/crti.o
                0x00000000100002b8                _init
 *(EXCLUDE_FILE(*libm.a: *libc.a:*lib_a-mem*.o *libgcc.a:) .text*)
 .text          0x00000000100002bc       0x98 /usr/lib/gcc/arm-none-eabi/10.3.1/thumb/v6-m/nofp/crtbegin.o
 .text.resetADE
                0x0000000010000354       0x1e CMakeFiles/sensing_unit.dir/ADE9000API_RP2040.c.obj
                0x0000000010000354                resetADE
 .text.SPI_Write_16
                0x0000000010000372       0x38 CMakeFiles/sensing_unit.dir/ADE9000API_RP2040.c.obj
                0x0000000010000372                SPI_Write_16
 .text.SPI_Write_32
                0x00000000100003aa       0x52 CMakeFiles/sensing_unit.dir/ADE9000API_RP2040.c.obj
                0x00000000100003aa                SPI_Write_32
 .text.SetupADE9000
                0x00000000100003fc      0x114 CMakeFiles/sensing_unit.dir/ADE9000API_RP2040.c.obj
                0x00000000100003fc                SetupADE9000
 .text.SPI_Read_16
                0x0000000010000510       0x38 CMakeFiles/sensing_unit.dir/ADE9000API_RP2040.c.obj
                0x0000000010000510                SPI_Read_16
 .text.SPI_Read_32
                0x0000000010000548       0x5a CMakeFiles/sensing_unit.dir/ADE9000API_RP2040.c.obj
                0x0000000010000548                SPI_Read_32
 .text.ReadActivePowerRegs
                0x00000000100005a2       0x30 CMakeFiles/sensing_unit.dir/ADE9000API_RP2040.c.obj
                0x00000000100005a2                ReadActivePowerRegs
 *fill*         0x00000000100005d2        0x2 
 .text.ReadVoltageRMSRegs
                0x00000000100005d4       0x38 CMakeFiles/sensing_unit.dir/ADE9000API_RP2040.c.obj
                0x00000000100005d4                ReadVoltageRMSRegs
 .text.ReadCurrentRMSRegs
                0x000000001000060c       0x40 CMakeFiles/sensing_unit.dir/ADE9000API_RP2040.c.obj
                0x000000001000060c                ReadCurrentRMSRegs
 .text.read_byte
                0x000000001000064c       0x1c CMakeFiles/sensing_unit.dir/bme280.c.obj
 .text.write_byte
                0x0000000010000668       0x20 CMakeFiles/sensing_unit.dir/bme280.c.obj
 .text.read_block
                0x0000000010000688       0x1a CMakeFiles/sensing_unit.dir/bme280.c.obj
 .text.check_chip_id
                0x00000000100006a2       0x3e CMakeFiles/sensing_unit.dir/bme280.c.obj
 .text.soft_reset
                0x00000000100006e0        0xc CMakeFiles/sensing_unit.dir/bme280.c.obj
 .text.wait_for_calibration_data
                0x00000000100006ec       0x3e CMakeFiles/sensing_unit.dir/bme280.c.obj
 .text.read_uint16_le
                0x000000001000072a        0xc CMakeFiles/sensing_unit.dir/bme280.c.obj
 .text.read_int16_le
                0x0000000010000736        0xe CMakeFiles/sensing_unit.dir/bme280.c.obj
 .text.read_calibration_data
                0x0000000010000744       0xe8 CMakeFiles/sensing_unit.dir/bme280.c.obj
 .text.configure_settings
                0x000000001000082c       0x96 CMakeFiles/sensing_unit.dir/bme280.c.obj
 .text.read_raw_data
                0x00000000100008c2       0x54 CMakeFiles/sensing_unit.dir/bme280.c.obj
 .text.compensate_temperature
                0x0000000010000916       0x82 CMakeFiles/sensing_unit.dir/bme280.c.obj
 .text.compensate_pressure
                0x0000000010000998      0x180 CMakeFiles/sensing_unit.dir/bme280.c.obj
 .text.compensate_humidity
                0x0000000010000b18       0xec CMakeFiles/sensing_unit.dir/bme280.c.obj
 .text.bme280_init_struct
                0x0000000010000c04       0x1a CMakeFiles/sensing_unit.dir/bme280.c.obj
                0x0000000010000c04                bme280_init_struct
 *fill*         0x0000000010000c1e        0x2 
 .text.bme280_read
                0x0000000010000c20       0xc4 CMakeFiles/sensing_unit.dir/bme280.c.obj
                0x0000000010000c20                bme280_read
 .text.bme280_maximum_measurement_time
                0x0000000010000ce4       0x7c CMakeFiles/sensing_unit.dir/bme280.c.obj
                0x0000000010000ce4                bme280_maximum_measurement_time
 .text.bme280_init
                0x0000000010000d60       0x5c CMakeFiles/sensing_unit.dir/bme280.c.obj
                0x0000000010000d60                bme280_init
 .text.pico_sdk_delay_ms
                0x0000000010000dbc        0x8 CMakeFiles/sensing_unit.dir/blocking.c.obj
 .text.pico_sdk_i2c_write
                0x0000000010000dc4       0x54 CMakeFiles/sensing_unit.dir/blocking.c.obj
 .text.pico_sdk_i2c_read
                0x0000000010000e18       0x4a CMakeFiles/sensing_unit.dir/blocking.c.obj
 *fill*         0x0000000010000e62        0x2 
 .text.tcp_server_poll
                0x0000000010000e64       0x10 CMakeFiles/sensing_unit.dir/tcp_server_new.c.obj
                0x0000000010000e64                tcp_server_poll
 .text.tcp_server_sent
                0x0000000010000e74       0x34 CMakeFiles/sensing_unit.dir/tcp_server_new.c.obj
                0x0000000010000e74                tcp_server_sent
 .text.tcp_server_init
                0x0000000010000ea8       0x28 CMakeFiles/sensing_unit.dir/tcp_server_new.c.obj
                0x0000000010000ea8                tcp_server_init
 .text.tcp_server_close
                0x0000000010000ed0       0x78 CMakeFiles/sensing_unit.dir/tcp_server_new.c.obj
                0x0000000010000ed0                tcp_server_close
 .text.tcp_server_result
                0x0000000010000f48       0x2c CMakeFiles/sensing_unit.dir/tcp_server_new.c.obj
                0x0000000010000f48                tcp_server_result
 .text.tcp_server_recv
                0x0000000010000f74       0xcc CMakeFiles/sensing_unit.dir/tcp_server_new.c.obj
                0x0000000010000f74                tcp_server_recv
 .text.tcp_server_err
                0x0000000010001040       0x24 CMakeFiles/sensing_unit.dir/tcp_server_new.c.obj
                0x0000000010001040                tcp_server_err
 .text.tcp_server_send_data
                0x0000000010001064       0x84 CMakeFiles/sensing_unit.dir/tcp_server_new.c.obj
                0x0000000010001064                tcp_server_send_data
 .text.tcp_server_accept
                0x00000000100010e8       0x70 CMakeFiles/sensing_unit.dir/tcp_server_new.c.obj
                0x00000000100010e8                tcp_server_accept
 .text.tcp_server_open
                0x0000000010001158       0x84 CMakeFiles/sensing_unit.dir/tcp_server_new.c.obj
                0x0000000010001158                tcp_server_open
 .text.scan_result
                0x00000000100011dc       0x5c CMakeFiles/sensing_unit.dir/main.c.obj
 .text.get_absolute_time
                0x0000000010001238       0x2c CMakeFiles/sensing_unit.dir/main.c.obj
 .text.reserved_addr
                0x0000000010001264       0x1a CMakeFiles/sensing_unit.dir/main.c.obj
                0x0000000010001264                reserved_addr
 *fill*         0x000000001000127e        0x2 
 .text.getData  0x0000000010001280      0x42c CMakeFiles/sensing_unit.dir/main.c.obj
                0x0000000010001280                getData
 .text.main     0x00000000100016ac      0x3b0 CMakeFiles/sensing_unit.dir/main.c.obj
                0x00000000100016ac                main
 .text.gpio_set_function
                0x0000000010001a5c       0x30 CMakeFiles/sensing_unit.dir/opt/pico/pico-sdk/src/rp2_common/hardware_gpio/gpio.c.obj
                0x0000000010001a5c                gpio_set_function
 .text.gpio_set_pulls
                0x0000000010001a8c       0x34 CMakeFiles/sensing_unit.dir/opt/pico/pico-sdk/src/rp2_common/hardware_gpio/gpio.c.obj
                0x0000000010001a8c                gpio_set_pulls
 .text.gpio_set_input_hysteresis_enabled
                0x0000000010001ac0       0x30 CMakeFiles/sensing_unit.dir/opt/pico/pico-sdk/src/rp2_common/hardware_gpio/gpio.c.obj
                0x0000000010001ac0                gpio_set_input_hysteresis_enabled
 .text.gpio_add_raw_irq_handler_with_order_priority_masked
                0x0000000010001af0       0x40 CMakeFiles/sensing_unit.dir/opt/pico/pico-sdk/src/rp2_common/hardware_gpio/gpio.c.obj
                0x0000000010001af0                gpio_add_raw_irq_handler_with_order_priority_masked
 .text.gpio_remove_raw_irq_handler_masked
                0x0000000010001b30       0x48 CMakeFiles/sensing_unit.dir/opt/pico/pico-sdk/src/rp2_common/hardware_gpio/gpio.c.obj
                0x0000000010001b30                gpio_remove_raw_irq_handler_masked
 .text.gpio_acknowledge_irq
                0x0000000010001b78       0x18 CMakeFiles/sensing_unit.dir/opt/pico/pico-sdk/src/rp2_common/hardware_gpio/gpio.c.obj
                0x0000000010001b78                gpio_acknowledge_irq
 .text._gpio_set_irq_enabled
                0x0000000010001b90       0x34 CMakeFiles/sensing_unit.dir/opt/pico/pico-sdk/src/rp2_common/hardware_gpio/gpio.c.obj
 .text.gpio_set_irq_enabled
                0x0000000010001bc4       0x20 CMakeFiles/sensing_unit.dir/opt/pico/pico-sdk/src/rp2_common/hardware_gpio/gpio.c.obj
                0x0000000010001bc4                gpio_set_irq_enabled
 .text.gpio_init
                0x0000000010001be4       0x16 CMakeFiles/sensing_unit.dir/opt/pico/pico-sdk/src/rp2_common/hardware_gpio/gpio.c.obj
                0x0000000010001be4                gpio_init
 *fill*         0x0000000010001bfa        0x2 
 .text.running_on_fpga
                0x0000000010001bfc       0x14 CMakeFiles/sensing_unit.dir/opt/pico/pico-sdk/src/rp2_common/pico_platform/platform.c.obj
                0x0000000010001bfc                running_on_fpga
 .text.hw_claim_lock
                0x0000000010001c10       0x18 CMakeFiles/sensing_unit.dir/opt/pico/pico-sdk/src/rp2_common/hardware_claim/claim.c.obj
                0x0000000010001c10                hw_claim_lock
 .text.hw_claim_unlock
                0x0000000010001c28       0x14 CMakeFiles/sensing_unit.dir/opt/pico/pico-sdk/src/rp2_common/hardware_claim/claim.c.obj
                0x0000000010001c28                hw_claim_unlock
 .text.hw_claim_or_assert
                0x0000000010001c3c       0x32 CMakeFiles/sensing_unit.dir/opt/pico/pico-sdk/src/rp2_common/hardware_claim/claim.c.obj
                0x0000000010001c3c                hw_claim_or_assert
 .text.hw_claim_unused_from_range
                0x0000000010001c6e       0x50 CMakeFiles/sensing_unit.dir/opt/pico/pico-sdk/src/rp2_common/hardware_claim/claim.c.obj
                0x0000000010001c6e                hw_claim_unused_from_range
 *fill*         0x0000000010001cbe        0x2 
 .text.hw_claim_clear
                0x0000000010001cc0       0x40 CMakeFiles/sensing_unit.dir/opt/pico/pico-sdk/src/rp2_common/hardware_claim/claim.c.obj
                0x0000000010001cc0                hw_claim_clear
 .text.spin_locks_reset
                0x0000000010001d00       0x20 CMakeFiles/sensing_unit.dir/opt/pico/pico-sdk/src/rp2_common/hardware_sync/sync.c.obj
                0x0000000010001d00                spin_locks_reset
 .text.next_striped_spin_lock_num
                0x0000000010001d20       0x1c CMakeFiles/sensing_unit.dir/opt/pico/pico-sdk/src/rp2_common/hardware_sync/sync.c.obj
                0x0000000010001d20                next_striped_spin_lock_num
 .text.spin_lock_claim_unused
                0x0000000010001d3c       0x20 CMakeFiles/sensing_unit.dir/opt/pico/pico-sdk/src/rp2_common/hardware_sync/sync.c.obj
                0x0000000010001d3c                spin_lock_claim_unused
 .text.set_raw_irq_handler_and_unlock
                0x0000000010001d5c       0x28 CMakeFiles/sensing_unit.dir/opt/pico/pico-sdk/src/rp2_common/hardware_irq/irq.c.obj
 .text.get_user_irq_claim_index
                0x0000000010001d84        0x6 CMakeFiles/sensing_unit.dir/opt/pico/pico-sdk/src/rp2_common/hardware_irq/irq.c.obj
 *fill*         0x0000000010001d8a        0x2 
 .text.make_branch
                0x0000000010001d8c       0x48 CMakeFiles/sensing_unit.dir/opt/pico/pico-sdk/src/rp2_common/hardware_irq/irq.c.obj
 .text.insert_branch_and_link
                0x0000000010001dd4       0x40 CMakeFiles/sensing_unit.dir/opt/pico/pico-sdk/src/rp2_common/hardware_irq/irq.c.obj
 .text.irq_is_enabled
                0x0000000010001e14       0x18 CMakeFiles/sensing_unit.dir/opt/pico/pico-sdk/src/rp2_common/hardware_irq/irq.c.obj
                0x0000000010001e14                irq_is_enabled
 .text.irq_set_mask_enabled
                0x0000000010001e2c       0x20 CMakeFiles/sensing_unit.dir/opt/pico/pico-sdk/src/rp2_common/hardware_irq/irq.c.obj
                0x0000000010001e2c                irq_set_mask_enabled
 .text.irq_set_enabled
                0x0000000010001e4c        0xe CMakeFiles/sensing_unit.dir/opt/pico/pico-sdk/src/rp2_common/hardware_irq/irq.c.obj
                0x0000000010001e4c                irq_set_enabled
 *fill*         0x0000000010001e5a        0x2 
 .text.irq_set_pending
                0x0000000010001e5c       0x10 CMakeFiles/sensing_unit.dir/opt/pico/pico-sdk/src/rp2_common/hardware_irq/irq.c.obj
                0x0000000010001e5c                irq_set_pending
 .text.irq_get_vtable_handler
                0x0000000010001e6c       0x10 CMakeFiles/sensing_unit.dir/opt/pico/pico-sdk/src/rp2_common/hardware_irq/irq.c.obj
                0x0000000010001e6c                irq_get_vtable_handler
 .text.irq_has_shared_handler
                0x0000000010001e7c       0x24 CMakeFiles/sensing_unit.dir/opt/pico/pico-sdk/src/rp2_common/hardware_irq/irq.c.obj
                0x0000000010001e7c                irq_has_shared_handler
 .text.irq_set_exclusive_handler
                0x0000000010001ea0       0x54 CMakeFiles/sensing_unit.dir/opt/pico/pico-sdk/src/rp2_common/hardware_irq/irq.c.obj
                0x0000000010001ea0                irq_set_exclusive_handler
 .text.irq_add_shared_handler
                0x0000000010001ef4      0x234 CMakeFiles/sensing_unit.dir/opt/pico/pico-sdk/src/rp2_common/hardware_irq/irq.c.obj
                0x0000000010001ef4                irq_add_shared_handler
 .text.irq_remove_handler
                0x0000000010002128      0x1ac CMakeFiles/sensing_unit.dir/opt/pico/pico-sdk/src/rp2_common/hardware_irq/irq.c.obj
                0x0000000010002128                irq_remove_handler
 .text.irq_set_priority
                0x00000000100022d4       0x28 CMakeFiles/sensing_unit.dir/opt/pico/pico-sdk/src/rp2_common/hardware_irq/irq.c.obj
                0x00000000100022d4                irq_set_priority
 .text.irq_add_tail_to_free_list
                0x00000000100022fc       0xf0 CMakeFiles/sensing_unit.dir/opt/pico/pico-sdk/src/rp2_common/hardware_irq/irq.c.obj
                0x00000000100022fc                irq_add_tail_to_free_list
 .text.irq_init_priorities
                0x00000000100023ec       0x1c CMakeFiles/sensing_unit.dir/opt/pico/pico-sdk/src/rp2_common/hardware_irq/irq.c.obj
                0x00000000100023ec                irq_init_priorities
 .text.user_irq_unclaim
                0x0000000010002408       0x14 CMakeFiles/sensing_unit.dir/opt/pico/pico-sdk/src/rp2_common/hardware_irq/irq.c.obj
                0x0000000010002408                user_irq_unclaim
 .text.user_irq_claim_unused
                0x000000001000241c       0x28 CMakeFiles/sensing_unit.dir/opt/pico/pico-sdk/src/rp2_common/hardware_irq/irq.c.obj
                0x000000001000241c                user_irq_claim_unused
 .text.sem_init
                0x0000000010002444       0x1e CMakeFiles/sensing_unit.dir/opt/pico/pico-sdk/src/common/pico_sync/sem.c.obj
                0x0000000010002444                sem_init
 *fill*         0x0000000010002462        0x2 
 .text.lock_init
                0x0000000010002464       0x10 CMakeFiles/sensing_unit.dir/opt/pico/pico-sdk/src/common/pico_sync/lock_core.c.obj
                0x0000000010002464                lock_init
 .text.mutex_init
                0x0000000010002474       0x1a CMakeFiles/sensing_unit.dir/opt/pico/pico-sdk/src/common/pico_sync/mutex.c.obj
                0x0000000010002474                mutex_init
 .text.recursive_mutex_init
                0x000000001000248e       0x1e CMakeFiles/sensing_unit.dir/opt/pico/pico-sdk/src/common/pico_sync/mutex.c.obj
                0x000000001000248e                recursive_mutex_init
 .text.critical_section_init_with_lock_num
                0x00000000100024ac       0x14 CMakeFiles/sensing_unit.dir/opt/pico/pico-sdk/src/common/pico_sync/critical_section.c.obj
                0x00000000100024ac                critical_section_init_with_lock_num
 .text.critical_section_init
                0x00000000100024c0       0x14 CMakeFiles/sensing_unit.dir/opt/pico/pico-sdk/src/common/pico_sync/critical_section.c.obj
                0x00000000100024c0                critical_section_init
 .text.alarm_pool_post_alloc_init
                0x00000000100024d4       0x40 CMakeFiles/sensing_unit.dir/opt/pico/pico-sdk/src/common/pico_time/time.c.obj
 .text.sleep_until_callback
                0x0000000010002514       0x30 CMakeFiles/sensing_unit.dir/opt/pico/pico-sdk/src/common/pico_time/time.c.obj
 .text.timer_pool_entry_comparator
                0x0000000010002544       0x7c CMakeFiles/sensing_unit.dir/opt/pico/pico-sdk/src/common/pico_time/time.c.obj
                0x0000000010002544                timer_pool_entry_comparator
 .text.ph_add_child_node
                0x00000000100025c0       0xa4 CMakeFiles/sensing_unit.dir/opt/pico/pico-sdk/src/common/pico_time/time.c.obj
 .text.ph_merge_nodes
                0x0000000010002664       0x3e CMakeFiles/sensing_unit.dir/opt/pico/pico-sdk/src/common/pico_time/time.c.obj
 *fill*         0x00000000100026a2        0x2 
 .text.add_alarm_under_lock
                0x00000000100026a4      0x174 CMakeFiles/sensing_unit.dir/opt/pico/pico-sdk/src/common/pico_time/time.c.obj
 .text.alarm_pool_alarm_callback
                0x0000000010002818      0x33c CMakeFiles/sensing_unit.dir/opt/pico/pico-sdk/src/common/pico_time/time.c.obj
 .text.alarm_pool_init_default
                0x0000000010002b54       0x40 CMakeFiles/sensing_unit.dir/opt/pico/pico-sdk/src/common/pico_time/time.c.obj
                0x0000000010002b54                alarm_pool_init_default
 .text.alarm_pool_get_default
                0x0000000010002b94       0x2c CMakeFiles/sensing_unit.dir/opt/pico/pico-sdk/src/common/pico_time/time.c.obj
                0x0000000010002b94                alarm_pool_get_default
 .text.alarm_pool_create_with_unused_hardware_alarm
                0x0000000010002bc0       0x44 CMakeFiles/sensing_unit.dir/opt/pico/pico-sdk/src/common/pico_time/time.c.obj
                0x0000000010002bc0                alarm_pool_create_with_unused_hardware_alarm
 .text.alarm_pool_destroy
                0x0000000010002c04       0x78 CMakeFiles/sensing_unit.dir/opt/pico/pico-sdk/src/common/pico_time/time.c.obj
                0x0000000010002c04                alarm_pool_destroy
 .text.alarm_pool_add_alarm_at
                0x0000000010002c7c      0x168 CMakeFiles/sensing_unit.dir/opt/pico/pico-sdk/src/common/pico_time/time.c.obj
                0x0000000010002c7c                alarm_pool_add_alarm_at
 .text.alarm_pool_add_alarm_at_force_in_context
                0x0000000010002de4       0xa4 CMakeFiles/sensing_unit.dir/opt/pico/pico-sdk/src/common/pico_time/time.c.obj
                0x0000000010002de4                alarm_pool_add_alarm_at_force_in_context
 .text.alarm_pool_cancel_alarm
                0x0000000010002e88       0xf8 CMakeFiles/sensing_unit.dir/opt/pico/pico-sdk/src/common/pico_time/time.c.obj
                0x0000000010002e88                alarm_pool_cancel_alarm
 .text.alarm_pool_core_num
                0x0000000010002f80        0x4 CMakeFiles/sensing_unit.dir/opt/pico/pico-sdk/src/common/pico_time/time.c.obj
                0x0000000010002f80                alarm_pool_core_num
 .text.sleep_until
                0x0000000010002f84       0xfc CMakeFiles/sensing_unit.dir/opt/pico/pico-sdk/src/common/pico_time/time.c.obj
                0x0000000010002f84                sleep_until
 .text.sleep_us
                0x0000000010003080       0x58 CMakeFiles/sensing_unit.dir/opt/pico/pico-sdk/src/common/pico_time/time.c.obj
                0x0000000010003080                sleep_us
 .text.sleep_ms
                0x00000000100030d8       0x14 CMakeFiles/sensing_unit.dir/opt/pico/pico-sdk/src/common/pico_time/time.c.obj
                0x00000000100030d8                sleep_ms
 .text.best_effort_wfe_or_timeout
                0x00000000100030ec       0xac CMakeFiles/sensing_unit.dir/opt/pico/pico-sdk/src/common/pico_time/time.c.obj
                0x00000000100030ec                best_effort_wfe_or_timeout
 .text.check_single_timeout_us
                0x0000000010003198       0x2c CMakeFiles/sensing_unit.dir/opt/pico/pico-sdk/src/common/pico_time/timeout_helper.c.obj
 .text.init_single_timeout_until
                0x00000000100031c4        0xc CMakeFiles/sensing_unit.dir/opt/pico/pico-sdk/src/common/pico_time/timeout_helper.c.obj
                0x00000000100031c4                init_single_timeout_until
 .text.hardware_alarm_irq_handler
                0x00000000100031d0       0x90 CMakeFiles/sensing_unit.dir/opt/pico/pico-sdk/src/rp2_common/hardware_timer/timer.c.obj
 .text.hardware_alarm_claim
                0x0000000010003260       0x18 CMakeFiles/sensing_unit.dir/opt/pico/pico-sdk/src/rp2_common/hardware_timer/timer.c.obj
                0x0000000010003260                hardware_alarm_claim
 .text.hardware_alarm_unclaim
                0x0000000010003278       0x10 CMakeFiles/sensing_unit.dir/opt/pico/pico-sdk/src/rp2_common/hardware_timer/timer.c.obj
                0x0000000010003278                hardware_alarm_unclaim
 .text.hardware_alarm_claim_unused
                0x0000000010003288       0x20 CMakeFiles/sensing_unit.dir/opt/pico/pico-sdk/src/rp2_common/hardware_timer/timer.c.obj
                0x0000000010003288                hardware_alarm_claim_unused
 .text.time_us_64
                0x00000000100032a8       0x18 CMakeFiles/sensing_unit.dir/opt/pico/pico-sdk/src/rp2_common/hardware_timer/timer.c.obj
                0x00000000100032a8                time_us_64
 .text.busy_wait_until
                0x00000000100032c0       0x28 CMakeFiles/sensing_unit.dir/opt/pico/pico-sdk/src/rp2_common/hardware_timer/timer.c.obj
                0x00000000100032c0                busy_wait_until
 .text.hardware_alarm_set_callback
                0x00000000100032e8       0x90 CMakeFiles/sensing_unit.dir/opt/pico/pico-sdk/src/rp2_common/hardware_timer/timer.c.obj
                0x00000000100032e8                hardware_alarm_set_callback
 .text.hardware_alarm_set_target
                0x0000000010003378       0xe8 CMakeFiles/sensing_unit.dir/opt/pico/pico-sdk/src/rp2_common/hardware_timer/timer.c.obj
                0x0000000010003378                hardware_alarm_set_target
 .text.hardware_alarm_cancel
                0x0000000010003460       0x40 CMakeFiles/sensing_unit.dir/opt/pico/pico-sdk/src/rp2_common/hardware_timer/timer.c.obj
                0x0000000010003460                hardware_alarm_cancel
 .text.hardware_alarm_force_irq
                0x00000000100034a0       0x40 CMakeFiles/sensing_unit.dir/opt/pico/pico-sdk/src/rp2_common/hardware_timer/timer.c.obj
                0x00000000100034a0                hardware_alarm_force_irq
 .text.ph_add_child_node
                0x00000000100034e0       0xa4 CMakeFiles/sensing_unit.dir/opt/pico/pico-sdk/src/common/pico_util/pheap.c.obj
 .text.ph_merge_nodes
                0x0000000010003584       0x3e CMakeFiles/sensing_unit.dir/opt/pico/pico-sdk/src/common/pico_util/pheap.c.obj
 *fill*         0x00000000100035c2        0x2 
 .text.ph_clear
                0x00000000100035c4       0x70 CMakeFiles/sensing_unit.dir/opt/pico/pico-sdk/src/common/pico_util/pheap.c.obj
                0x00000000100035c4                ph_clear
 .text.ph_post_alloc_init
                0x0000000010003634        0xe CMakeFiles/sensing_unit.dir/opt/pico/pico-sdk/src/common/pico_util/pheap.c.obj
                0x0000000010003634                ph_post_alloc_init
 .text.ph_create
                0x0000000010003642       0x2c CMakeFiles/sensing_unit.dir/opt/pico/pico-sdk/src/common/pico_util/pheap.c.obj
                0x0000000010003642                ph_create
 .text.ph_destroy
                0x000000001000366e       0x12 CMakeFiles/sensing_unit.dir/opt/pico/pico-sdk/src/common/pico_util/pheap.c.obj
                0x000000001000366e                ph_destroy
 .text.ph_merge_two_pass
                0x0000000010003680       0xa8 CMakeFiles/sensing_unit.dir/opt/pico/pico-sdk/src/common/pico_util/pheap.c.obj
                0x0000000010003680                ph_merge_two_pass
 .text.ph_remove_any_head
                0x0000000010003728      0x128 CMakeFiles/sensing_unit.dir/opt/pico/pico-sdk/src/common/pico_util/pheap.c.obj
 .text.ph_remove_head
                0x0000000010003850       0x14 CMakeFiles/sensing_unit.dir/opt/pico/pico-sdk/src/common/pico_util/pheap.c.obj
                0x0000000010003850                ph_remove_head
 .text.ph_remove_and_free_node
                0x0000000010003864       0xf8 CMakeFiles/sensing_unit.dir/opt/pico/pico-sdk/src/common/pico_util/pheap.c.obj
                0x0000000010003864                ph_remove_and_free_node
 .text.clock_configure
                0x000000001000395c      0x108 CMakeFiles/sensing_unit.dir/opt/pico/pico-sdk/src/rp2_common/hardware_clocks/clocks.c.obj
                0x000000001000395c                clock_configure
 .text.clocks_init
                0x0000000010003a64      0x100 CMakeFiles/sensing_unit.dir/opt/pico/pico-sdk/src/rp2_common/hardware_clocks/clocks.c.obj
                0x0000000010003a64                clocks_init
 .text.clock_get_hz
                0x0000000010003b64        0xc CMakeFiles/sensing_unit.dir/opt/pico/pico-sdk/src/rp2_common/hardware_clocks/clocks.c.obj
                0x0000000010003b64                clock_get_hz
 .text.pll_init
                0x0000000010003b70      0x120 CMakeFiles/sensing_unit.dir/opt/pico/pico-sdk/src/rp2_common/hardware_pll/pll.c.obj
                0x0000000010003b70                pll_init
 .text.watchdog_start_tick
                0x0000000010003c90       0x10 CMakeFiles/sensing_unit.dir/opt/pico/pico-sdk/src/rp2_common/hardware_watchdog/watchdog.c.obj
                0x0000000010003c90                watchdog_start_tick
 .text.watchdog_update
                0x0000000010003ca0       0x14 CMakeFiles/sensing_unit.dir/opt/pico/pico-sdk/src/rp2_common/hardware_watchdog/watchdog.c.obj
                0x0000000010003ca0                watchdog_update
 .text._watchdog_enable
                0x0000000010003cb4       0x78 CMakeFiles/sensing_unit.dir/opt/pico/pico-sdk/src/rp2_common/hardware_watchdog/watchdog.c.obj
                0x0000000010003cb4                _watchdog_enable
 .text.watchdog_reboot
                0x0000000010003d2c       0x48 CMakeFiles/sensing_unit.dir/opt/pico/pico-sdk/src/rp2_common/hardware_watchdog/watchdog.c.obj
                0x0000000010003d2c                watchdog_reboot
 .text.xosc_init
                0x0000000010003d74       0x28 CMakeFiles/sensing_unit.dir/opt/pico/pico-sdk/src/rp2_common/hardware_xosc/xosc.c.obj
                0x0000000010003d74                xosc_init
 .text._exit    0x0000000010003d9c        0x4 CMakeFiles/sensing_unit.dir/opt/pico/pico-sdk/src/rp2_common/pico_runtime/runtime.c.obj
                0x0000000010003d9c                _exit
 .text._sbrk    0x0000000010003da0       0x38 CMakeFiles/sensing_unit.dir/opt/pico/pico-sdk/src/rp2_common/pico_runtime/runtime.c.obj
                0x0000000010003da0                _sbrk
 .text.exit     0x0000000010003dd8        0x6 CMakeFiles/sensing_unit.dir/opt/pico/pico-sdk/src/rp2_common/pico_runtime/runtime.c.obj
                0x0000000010003dd8                exit
 *fill*         0x0000000010003dde        0x2 
 .text.__assert_func
                0x0000000010003de0       0x3c CMakeFiles/sensing_unit.dir/opt/pico/pico-sdk/src/rp2_common/pico_runtime/runtime.c.obj
                0x0000000010003de0                __assert_func
 .text.runtime_init
                0x0000000010003e1c       0xf8 CMakeFiles/sensing_unit.dir/opt/pico/pico-sdk/src/rp2_common/pico_runtime/runtime.c.obj
                0x0000000010003e1c                runtime_init
 .text.panic    0x0000000010003f14       0x30 CMakeFiles/sensing_unit.dir/opt/pico/pico-sdk/src/rp2_common/pico_runtime/runtime.c.obj
                0x0000000010003f14                panic
 .text.panic_unsupported
                0x0000000010003f44        0xc CMakeFiles/sensing_unit.dir/opt/pico/pico-sdk/src/rp2_common/pico_runtime/runtime.c.obj
                0x0000000010003f44                panic_unsupported
 .text._out_null
                0x0000000010003f50        0x2 CMakeFiles/sensing_unit.dir/opt/pico/pico-sdk/src/rp2_common/pico_printf/printf.c.obj
 .text._out_fct
                0x0000000010003f52        0xe CMakeFiles/sensing_unit.dir/opt/pico/pico-sdk/src/rp2_common/pico_printf/printf.c.obj
 .text._atoi    0x0000000010003f60       0x24 CMakeFiles/sensing_unit.dir/opt/pico/pico-sdk/src/rp2_common/pico_printf/printf.c.obj
 .text._out_rev
                0x0000000010003f84       0xae CMakeFiles/sensing_unit.dir/opt/pico/pico-sdk/src/rp2_common/pico_printf/printf.c.obj
 .text._ntoa_format
                0x0000000010004032      0x112 CMakeFiles/sensing_unit.dir/opt/pico/pico-sdk/src/rp2_common/pico_printf/printf.c.obj
 .text._ntoa_long
                0x0000000010004144       0xbc CMakeFiles/sensing_unit.dir/opt/pico/pico-sdk/src/rp2_common/pico_printf/printf.c.obj
 .text._ntoa_long_long
                0x0000000010004200       0xe2 CMakeFiles/sensing_unit.dir/opt/pico/pico-sdk/src/rp2_common/pico_printf/printf.c.obj
 *fill*         0x00000000100042e2        0x2 
 .text._etoa    0x00000000100042e4      0x414 CMakeFiles/sensing_unit.dir/opt/pico/pico-sdk/src/rp2_common/pico_printf/printf.c.obj
 .text._ftoa    0x00000000100046f8      0x354 CMakeFiles/sensing_unit.dir/opt/pico/pico-sdk/src/rp2_common/pico_printf/printf.c.obj
 .text._vsnprintf
                0x0000000010004a4c      0x624 CMakeFiles/sensing_unit.dir/opt/pico/pico-sdk/src/rp2_common/pico_printf/printf.c.obj
 .text.vfctprintf
                0x0000000010005070       0x20 CMakeFiles/sensing_unit.dir/opt/pico/pico-sdk/src/rp2_common/pico_printf/printf.c.obj
                0x0000000010005070                vfctprintf
 .text          0x0000000010005090       0x10 CMakeFiles/sensing_unit.dir/opt/pico/pico-sdk/src/rp2_common/pico_bit_ops/bit_ops_aeabi.S.obj
 .text.ctzsi    0x00000000100050a0        0xc CMakeFiles/sensing_unit.dir/opt/pico/pico-sdk/src/rp2_common/pico_bit_ops/bit_ops_aeabi.S.obj
                0x00000000100050a0                __wrap___ctzsi2
 .text.rom_func_lookup
                0x00000000100050ac       0x10 CMakeFiles/sensing_unit.dir/opt/pico/pico-sdk/src/rp2_common/pico_bootrom/bootrom.c.obj
                0x00000000100050ac                rom_func_lookup
 .text.rom_data_lookup
                0x00000000100050bc       0x10 CMakeFiles/sensing_unit.dir/opt/pico/pico-sdk/src/rp2_common/pico_bootrom/bootrom.c.obj
                0x00000000100050bc                rom_data_lookup
 .text.rom_funcs_lookup
                0x00000000100050cc       0x36 CMakeFiles/sensing_unit.dir/opt/pico/pico-sdk/src/rp2_common/pico_bootrom/bootrom.c.obj
                0x00000000100050cc                rom_funcs_lookup
 *fill*         0x0000000010005102        0x2 
 .text.__wrap___aeabi_idiv
                0x0000000010005104       0x50 CMakeFiles/sensing_unit.dir/opt/pico/pico-sdk/src/rp2_common/pico_divider/divider.S.obj
                0x0000000010005104                __wrap___aeabi_idivmod
                0x0000000010005104                divmod_s32s32
                0x0000000010005104                div_s32s32
                0x0000000010005104                __wrap___aeabi_idiv
                0x000000001000510c                divmod_s32s32_unsafe
                0x0000000010005138                divmod_s32s32_savestate
 .text.__wrap___aeabi_uidiv
                0x0000000010005154       0x4c CMakeFiles/sensing_unit.dir/opt/pico/pico-sdk/src/rp2_common/pico_divider/divider.S.obj
                0x0000000010005154                __wrap___aeabi_uidiv
                0x0000000010005154                __wrap___aeabi_uidivmod
                0x0000000010005154                div_u32u32
                0x0000000010005154                divmod_u32u32
                0x000000001000515c                divmod_u32u32_unsafe
                0x0000000010005184                divmod_u32u32_savestate
 .text.__wrap___aeabi_ldiv
                0x00000000100051a0      0x424 CMakeFiles/sensing_unit.dir/opt/pico/pico-sdk/src/rp2_common/pico_divider/divider.S.obj
                0x00000000100051a0                div_s64s64
                0x00000000100051a0                divmod_s64s64
                0x00000000100051a0                __wrap___aeabi_ldivmod
                0x00000000100051d0                div_u64u64
                0x00000000100051d0                divmod_u64u64
                0x00000000100051d0                __wrap___aeabi_uldivmod
                0x00000000100051e0                divmod_u64u64_savestate
                0x0000000010005200                divmod_s64s64_unsafe
                0x0000000010005288                divmod_u64u64_unsafe
 .text.__wrap___aeabi_darithmetic
                0x00000000100055c4       0x60 CMakeFiles/sensing_unit.dir/opt/pico/pico-sdk/src/rp2_common/pico_double/double_aeabi.S.obj
                0x00000000100055c4                __wrap___aeabi_drsub
                0x00000000100055ca                __wrap___aeabi_dsub
                0x00000000100055d4                __wrap___aeabi_dadd
                0x00000000100055de                __wrap___aeabi_ddiv
                0x0000000010005612                __wrap___aeabi_dmul
 .text.__wrap___aeabi_cdcmple
                0x0000000010005624       0x6c CMakeFiles/sensing_unit.dir/opt/pico/pico-sdk/src/rp2_common/pico_double/double_aeabi.S.obj
                0x0000000010005624                __wrap___aeabi_cdrcmple
                0x0000000010005634                __wrap___aeabi_cdcmple
                0x0000000010005634                __wrap___aeabi_cdcmpeq
 .text.__wrap___aeabi_dcmplt
                0x0000000010005690        0xc CMakeFiles/sensing_unit.dir/opt/pico/pico-sdk/src/rp2_common/pico_double/double_aeabi.S.obj
                0x0000000010005690                __wrap___aeabi_dcmplt
 .text.__wrap___aeabi_dcmple
                0x000000001000569c       0x10 CMakeFiles/sensing_unit.dir/opt/pico/pico-sdk/src/rp2_common/pico_double/double_aeabi.S.obj
                0x000000001000569c                __wrap___aeabi_dcmple
 .text.__wrap___aeabi_dcmpge
                0x00000000100056ac       0x10 CMakeFiles/sensing_unit.dir/opt/pico/pico-sdk/src/rp2_common/pico_double/double_aeabi.S.obj
                0x00000000100056ac                __wrap___aeabi_dcmpge
 .text.__wrap___aeabi_dcmpgt
                0x00000000100056bc        0xa CMakeFiles/sensing_unit.dir/opt/pico/pico-sdk/src/rp2_common/pico_double/double_aeabi.S.obj
                0x00000000100056bc                __wrap___aeabi_dcmpgt
 .text.__wrap___aeabi_dcmpun
                0x00000000100056c6       0x1c CMakeFiles/sensing_unit.dir/opt/pico/pico-sdk/src/rp2_common/pico_double/double_aeabi.S.obj
                0x00000000100056c6                __wrap___aeabi_dcmpun
 *fill*         0x00000000100056e2        0x2 
 .text.__wrap___aeabi_i2d
                0x00000000100056e4       0x38 CMakeFiles/sensing_unit.dir/opt/pico/pico-sdk/src/rp2_common/pico_double/double_aeabi.S.obj
                0x00000000100056e4                __wrap___aeabi_ui2d
                0x00000000100056ec                __wrap___aeabi_i2d
 .text.__wrap___aeabi_d2iz
                0x000000001000571c       0x48 CMakeFiles/sensing_unit.dir/opt/pico/pico-sdk/src/rp2_common/pico_double/double_aeabi.S.obj
                0x000000001000571c                __wrap___aeabi_d2iz
                0x000000001000571c                double2int_z
 .text.__wrap___aeabi_d2uiz
                0x0000000010005764       0x10 CMakeFiles/sensing_unit.dir/opt/pico/pico-sdk/src/rp2_common/pico_double/double_aeabi.S.obj
                0x0000000010005764                double2uint
                0x0000000010005764                __wrap___aeabi_d2uiz
 .text.__wrap___aeabi_d2f
                0x0000000010005774       0x10 CMakeFiles/sensing_unit.dir/opt/pico/pico-sdk/src/rp2_common/pico_double/double_aeabi.S.obj
                0x0000000010005774                __wrap___aeabi_d2f
 .text.missing_double_func_shim
                0x0000000010005784        0xc CMakeFiles/sensing_unit.dir/opt/pico/pico-sdk/src/rp2_common/pico_double/double_init_rom.c.obj
 .text.__aeabi_double_init
                0x0000000010005790       0xcc CMakeFiles/sensing_unit.dir/opt/pico/pico-sdk/src/rp2_common/pico_double/double_init_rom.c.obj
                0x0000000010005790                __aeabi_double_init
 .text.double_table_shim_on_use_helper
                0x000000001000585c       0x34 CMakeFiles/sensing_unit.dir/opt/pico/pico-sdk/src/rp2_common/pico_double/double_v1_rom_shim.S.obj
                0x000000001000585c                double_table_shim_on_use_helper
 .text.__aeabi_lmul
                0x0000000010005890       0x32 CMakeFiles/sensing_unit.dir/opt/pico/pico-sdk/src/rp2_common/pico_int64_ops/pico_int64_ops_aeabi.S.obj
                0x0000000010005890                __wrap___aeabi_lmul
 *fill*         0x00000000100058c2        0x2 
 .text.__wrap___aeabi_farithmetic
                0x00000000100058c4       0x48 CMakeFiles/sensing_unit.dir/opt/pico/pico-sdk/src/rp2_common/pico_float/float_aeabi.S.obj
                0x00000000100058c4                __wrap___aeabi_frsub
                0x00000000100058ca                __wrap___aeabi_fsub
                0x00000000100058d0                __wrap___aeabi_fadd
                0x00000000100058d6                __wrap___aeabi_fdiv
                0x00000000100058fe                __wrap___aeabi_fmul
 .text.__wrap___aeabi_cfcmple
                0x000000001000590c       0x50 CMakeFiles/sensing_unit.dir/opt/pico/pico-sdk/src/rp2_common/pico_float/float_aeabi.S.obj
                0x000000001000590c                __wrap___aeabi_cfrcmple
                0x0000000010005918                __wrap___aeabi_cfcmpeq
                0x0000000010005918                __wrap___aeabi_cfcmple
 .text.__wrap___aeabi_fcmpeq
                0x000000001000595c       0x10 CMakeFiles/sensing_unit.dir/opt/pico/pico-sdk/src/rp2_common/pico_float/float_aeabi.S.obj
                0x000000001000595c                __wrap___aeabi_fcmpeq
 .text.__wrap___aeabi_fcmplt
                0x000000001000596c        0xc CMakeFiles/sensing_unit.dir/opt/pico/pico-sdk/src/rp2_common/pico_float/float_aeabi.S.obj
                0x000000001000596c                __wrap___aeabi_fcmplt
 .text.__wrap___aeabi_fcmpgt
                0x0000000010005978        0xa CMakeFiles/sensing_unit.dir/opt/pico/pico-sdk/src/rp2_common/pico_float/float_aeabi.S.obj
                0x0000000010005978                __wrap___aeabi_fcmpgt
 .text.__wrap___aeabi_ui2f
                0x0000000010005982        0xa CMakeFiles/sensing_unit.dir/opt/pico/pico-sdk/src/rp2_common/pico_float/float_aeabi.S.obj
                0x0000000010005982                __wrap___aeabi_ui2f
 .text.__wrap___aeabi_i2f
                0x000000001000598c       0x44 CMakeFiles/sensing_unit.dir/opt/pico/pico-sdk/src/rp2_common/pico_float/float_aeabi.S.obj
                0x000000001000598c                __wrap___aeabi_i2f
 .text.__wrap___aeabi_f2d
                0x00000000100059d0        0xc CMakeFiles/sensing_unit.dir/opt/pico/pico-sdk/src/rp2_common/pico_float/float_aeabi.S.obj
                0x00000000100059d0                __wrap___aeabi_f2d
 .text.missing_float_func_shim
                0x00000000100059dc        0xc CMakeFiles/sensing_unit.dir/opt/pico/pico-sdk/src/rp2_common/pico_float/float_init_rom.c.obj
 .text.__aeabi_float_init
                0x00000000100059e8       0x88 CMakeFiles/sensing_unit.dir/opt/pico/pico-sdk/src/rp2_common/pico_float/float_init_rom.c.obj
                0x00000000100059e8                __aeabi_float_init
 .text.__wrap_malloc
                0x0000000010005a70       0x3c CMakeFiles/sensing_unit.dir/opt/pico/pico-sdk/src/rp2_common/pico_malloc/pico_malloc.c.obj
                0x0000000010005a70                __wrap_malloc
 .text.__wrap_calloc
                0x0000000010005aac       0x40 CMakeFiles/sensing_unit.dir/opt/pico/pico-sdk/src/rp2_common/pico_malloc/pico_malloc.c.obj
                0x0000000010005aac                __wrap_calloc
 .text.__wrap_free
                0x0000000010005aec       0x20 CMakeFiles/sensing_unit.dir/opt/pico/pico-sdk/src/rp2_common/pico_malloc/pico_malloc.c.obj
                0x0000000010005aec                __wrap_free
 .text          0x0000000010005b0c       0x10 CMakeFiles/sensing_unit.dir/opt/pico/pico-sdk/src/rp2_common/pico_mem_ops/mem_ops_aeabi.S.obj
                0x0000000010005b0c                __aeabi_mem_init
 .text.memset   0x0000000010005b1c        0xc CMakeFiles/sensing_unit.dir/opt/pico/pico-sdk/src/rp2_common/pico_mem_ops/mem_ops_aeabi.S.obj
                0x0000000010005b1c                __wrap_memset
 .text.memcpy   0x0000000010005b28        0xc CMakeFiles/sensing_unit.dir/opt/pico/pico-sdk/src/rp2_common/pico_mem_ops/mem_ops_aeabi.S.obj
                0x0000000010005b28                __wrap___aeabi_memcpy
                0x0000000010005b28                __wrap_memcpy
 .text.stdio_out_chars_no_crlf
                0x0000000010005b34        0xe CMakeFiles/sensing_unit.dir/opt/pico/pico-sdk/src/rp2_common/pico_stdio/stdio.c.obj
 *fill*         0x0000000010005b42        0x2 
 .text.stdio_out_chars_crlf
                0x0000000010005b44       0x80 CMakeFiles/sensing_unit.dir/opt/pico/pico-sdk/src/rp2_common/pico_stdio/stdio.c.obj
 .text.stdio_stack_buffer_flush
                0x0000000010005bc4       0x44 CMakeFiles/sensing_unit.dir/opt/pico/pico-sdk/src/rp2_common/pico_stdio/stdio.c.obj
 .text.stdio_buffered_printer
                0x0000000010005c08       0x20 CMakeFiles/sensing_unit.dir/opt/pico/pico-sdk/src/rp2_common/pico_stdio/stdio.c.obj
 .text.stdout_serialize_begin
                0x0000000010005c28       0x5c CMakeFiles/sensing_unit.dir/opt/pico/pico-sdk/src/rp2_common/pico_stdio/stdio.c.obj
                0x0000000010005c28                stdout_serialize_begin
 .text.stdout_serialize_end
                0x0000000010005c84       0x10 CMakeFiles/sensing_unit.dir/opt/pico/pico-sdk/src/rp2_common/pico_stdio/stdio.c.obj
                0x0000000010005c84                stdout_serialize_end
 .text.stdio_put_string
                0x0000000010005c94       0x98 CMakeFiles/sensing_unit.dir/opt/pico/pico-sdk/src/rp2_common/pico_stdio/stdio.c.obj
 .text.__wrap_putchar
                0x0000000010005d2c       0x1c CMakeFiles/sensing_unit.dir/opt/pico/pico-sdk/src/rp2_common/pico_stdio/stdio.c.obj
                0x0000000010005d2c                __wrap_putchar
 .text.stdio_set_driver_enabled
                0x0000000010005d48       0x2c CMakeFiles/sensing_unit.dir/opt/pico/pico-sdk/src/rp2_common/pico_stdio/stdio.c.obj
                0x0000000010005d48                stdio_set_driver_enabled
 .text.stdio_flush
                0x0000000010005d74       0x20 CMakeFiles/sensing_unit.dir/opt/pico/pico-sdk/src/rp2_common/pico_stdio/stdio.c.obj
                0x0000000010005d74                stdio_flush
 .text.__wrap_puts
                0x0000000010005d94       0x1e CMakeFiles/sensing_unit.dir/opt/pico/pico-sdk/src/rp2_common/pico_stdio/stdio.c.obj
                0x0000000010005d94                __wrap_puts
 *fill*         0x0000000010005db2        0x2 
 .text.__wrap_vprintf
                0x0000000010005db4       0x40 CMakeFiles/sensing_unit.dir/opt/pico/pico-sdk/src/rp2_common/pico_stdio/stdio.c.obj
                0x0000000010005db4                __wrap_vprintf
 .text.__wrap_printf
                0x0000000010005df4       0x18 CMakeFiles/sensing_unit.dir/opt/pico/pico-sdk/src/rp2_common/pico_stdio/stdio.c.obj
                0x0000000010005df4                __wrap_printf
 .text.stdio_init_all
                0x0000000010005e0c        0x8 CMakeFiles/sensing_unit.dir/opt/pico/pico-sdk/src/rp2_common/pico_stdio/stdio.c.obj
                0x0000000010005e0c                stdio_init_all
 .text.resetd_init
                0x0000000010005e14        0x2 CMakeFiles/sensing_unit.dir/opt/pico/pico-sdk/src/rp2_common/pico_stdio_usb/reset_interface.c.obj
 *fill*         0x0000000010005e16        0x2 
 .text.resetd_reset
                0x0000000010005e18        0xc CMakeFiles/sensing_unit.dir/opt/pico/pico-sdk/src/rp2_common/pico_stdio_usb/reset_interface.c.obj
 .text.resetd_open
                0x0000000010005e24       0x34 CMakeFiles/sensing_unit.dir/opt/pico/pico-sdk/src/rp2_common/pico_stdio_usb/reset_interface.c.obj
 .text.resetd_xfer_cb
                0x0000000010005e58        0x4 CMakeFiles/sensing_unit.dir/opt/pico/pico-sdk/src/rp2_common/pico_stdio_usb/reset_interface.c.obj
 .text.reset_usb_boot
                0x0000000010005e5c       0x18 CMakeFiles/sensing_unit.dir/opt/pico/pico-sdk/src/rp2_common/pico_stdio_usb/reset_interface.c.obj
 .text.resetd_control_xfer_cb
                0x0000000010005e74       0x5c CMakeFiles/sensing_unit.dir/opt/pico/pico-sdk/src/rp2_common/pico_stdio_usb/reset_interface.c.obj
 .text.usbd_app_driver_get_cb
                0x0000000010005ed0        0xc CMakeFiles/sensing_unit.dir/opt/pico/pico-sdk/src/rp2_common/pico_stdio_usb/reset_interface.c.obj
                0x0000000010005ed0                usbd_app_driver_get_cb
 .text.tud_cdc_line_coding_cb
                0x0000000010005edc       0x28 CMakeFiles/sensing_unit.dir/opt/pico/pico-sdk/src/rp2_common/pico_stdio_usb/reset_interface.c.obj
                0x0000000010005edc                tud_cdc_line_coding_cb
 .text.stdio_usb_set_chars_available_callback
                0x0000000010005f04       0x14 CMakeFiles/sensing_unit.dir/opt/pico/pico-sdk/src/rp2_common/pico_stdio_usb/stdio_usb.c.obj
                0x0000000010005f04                stdio_usb_set_chars_available_callback
 .text.usb_irq  0x0000000010005f18       0x10 CMakeFiles/sensing_unit.dir/opt/pico/pico-sdk/src/rp2_common/pico_stdio_usb/stdio_usb.c.obj
 .text.timer_task
                0x0000000010005f28       0x5c CMakeFiles/sensing_unit.dir/opt/pico/pico-sdk/src/rp2_common/pico_stdio_usb/stdio_usb.c.obj
 .text.low_priority_worker_irq
                0x0000000010005f84       0xdc CMakeFiles/sensing_unit.dir/opt/pico/pico-sdk/src/rp2_common/pico_stdio_usb/stdio_usb.c.obj
 .text.tud_cdc_rx_cb
                0x0000000010006060       0x20 CMakeFiles/sensing_unit.dir/opt/pico/pico-sdk/src/rp2_common/pico_stdio_usb/stdio_usb.c.obj
                0x0000000010006060                tud_cdc_rx_cb
 .text.stdio_usb_init
                0x0000000010006080      0x11c CMakeFiles/sensing_unit.dir/opt/pico/pico-sdk/src/rp2_common/pico_stdio_usb/stdio_usb.c.obj
                0x0000000010006080                stdio_usb_init
 .text.stdio_usb_connected
                0x000000001000619c        0xa CMakeFiles/sensing_unit.dir/opt/pico/pico-sdk/src/rp2_common/pico_stdio_usb/stdio_usb.c.obj
                0x000000001000619c                stdio_usb_connected
 *fill*         0x00000000100061a6        0x2 
 .text.stdio_usb_in_chars
                0x00000000100061a8       0xc4 CMakeFiles/sensing_unit.dir/opt/pico/pico-sdk/src/rp2_common/pico_stdio_usb/stdio_usb.c.obj
                0x00000000100061a8                stdio_usb_in_chars
 .text.stdio_usb_out_chars
                0x000000001000626c      0x114 CMakeFiles/sensing_unit.dir/opt/pico/pico-sdk/src/rp2_common/pico_stdio_usb/stdio_usb.c.obj
 .text.tud_descriptor_device_cb
                0x0000000010006380        0x8 CMakeFiles/sensing_unit.dir/opt/pico/pico-sdk/src/rp2_common/pico_stdio_usb/stdio_usb_descriptors.c.obj
                0x0000000010006380                tud_descriptor_device_cb
 .text.tud_descriptor_configuration_cb
                0x0000000010006388        0x8 CMakeFiles/sensing_unit.dir/opt/pico/pico-sdk/src/rp2_common/pico_stdio_usb/stdio_usb_descriptors.c.obj
                0x0000000010006388                tud_descriptor_configuration_cb
 .text.tud_descriptor_string_cb
                0x0000000010006390       0x6c CMakeFiles/sensing_unit.dir/opt/pico/pico-sdk/src/rp2_common/pico_stdio_usb/stdio_usb_descriptors.c.obj
                0x0000000010006390                tud_descriptor_string_cb
 .text._retrieve_unique_id_on_boot
                0x00000000100063fc       0x10 CMakeFiles/sensing_unit.dir/opt/pico/pico-sdk/src/rp2_common/pico_unique_id/unique_id.c.obj
 .text.pico_get_unique_board_id
                0x000000001000640c       0x10 CMakeFiles/sensing_unit.dir/opt/pico/pico-sdk/src/rp2_common/pico_unique_id/unique_id.c.obj
                0x000000001000640c                pico_get_unique_board_id
 .text.pico_get_unique_board_id_string
                0x000000001000641c       0x60 CMakeFiles/sensing_unit.dir/opt/pico/pico-sdk/src/rp2_common/pico_unique_id/unique_id.c.obj
                0x000000001000641c                pico_get_unique_board_id_string
 .text.flash_get_unique_id
                0x000000001000647c       0x46 CMakeFiles/sensing_unit.dir/opt/pico/pico-sdk/src/rp2_common/hardware_flash/flash.c.obj
                0x000000001000647c                flash_get_unique_id
 *fill*         0x00000000100064c2        0x2 
 .text.hw_endpoint_get_by_addr
                0x00000000100064c4       0x18 CMakeFiles/sensing_unit.dir/opt/pico/pico-sdk/lib/tinyusb/src/portable/raspberrypi/rp2040/dcd_rp2040.c.obj
 .text._hw_endpoint_alloc
                0x00000000100064dc       0x70 CMakeFiles/sensing_unit.dir/opt/pico/pico-sdk/lib/tinyusb/src/portable/raspberrypi/rp2040/dcd_rp2040.c.obj
 .text.hw_endpoint_init
                0x000000001000654c       0x88 CMakeFiles/sensing_unit.dir/opt/pico/pico-sdk/lib/tinyusb/src/portable/raspberrypi/rp2040/dcd_rp2040.c.obj
 .text.hw_endpoint_xfer
                0x00000000100065d4       0x14 CMakeFiles/sensing_unit.dir/opt/pico/pico-sdk/lib/tinyusb/src/portable/raspberrypi/rp2040/dcd_rp2040.c.obj
 .text.dcd_int_enable
                0x00000000100065e8       0x2c CMakeFiles/sensing_unit.dir/opt/pico/pico-sdk/lib/tinyusb/src/portable/raspberrypi/rp2040/dcd_rp2040.c.obj
                0x00000000100065e8                dcd_int_enable
 .text.dcd_set_address
                0x0000000010006614       0x2c CMakeFiles/sensing_unit.dir/opt/pico/pico-sdk/lib/tinyusb/src/portable/raspberrypi/rp2040/dcd_rp2040.c.obj
                0x0000000010006614                dcd_set_address
 .text.dcd_connect
                0x0000000010006640       0x10 CMakeFiles/sensing_unit.dir/opt/pico/pico-sdk/lib/tinyusb/src/portable/raspberrypi/rp2040/dcd_rp2040.c.obj
                0x0000000010006640                dcd_connect
 .text.dcd_init
                0x0000000010006650       0x80 CMakeFiles/sensing_unit.dir/opt/pico/pico-sdk/lib/tinyusb/src/portable/raspberrypi/rp2040/dcd_rp2040.c.obj
                0x0000000010006650                dcd_init
 .text.dcd_edpt0_status_complete
                0x00000000100066d0       0x1c CMakeFiles/sensing_unit.dir/opt/pico/pico-sdk/lib/tinyusb/src/portable/raspberrypi/rp2040/dcd_rp2040.c.obj
                0x00000000100066d0                dcd_edpt0_status_complete
 .text.dcd_edpt_open
                0x00000000100066ec       0x40 CMakeFiles/sensing_unit.dir/opt/pico/pico-sdk/lib/tinyusb/src/portable/raspberrypi/rp2040/dcd_rp2040.c.obj
                0x00000000100066ec                dcd_edpt_open
 .text.dcd_edpt_close_all
                0x000000001000672c        0x8 CMakeFiles/sensing_unit.dir/opt/pico/pico-sdk/lib/tinyusb/src/portable/raspberrypi/rp2040/dcd_rp2040.c.obj
                0x000000001000672c                dcd_edpt_close_all
 .text.dcd_edpt_xfer
                0x0000000010006734       0x34 CMakeFiles/sensing_unit.dir/opt/pico/pico-sdk/lib/tinyusb/src/portable/raspberrypi/rp2040/dcd_rp2040.c.obj
                0x0000000010006734                dcd_edpt_xfer
 .text.dcd_edpt_stall
                0x0000000010006768       0x2c CMakeFiles/sensing_unit.dir/opt/pico/pico-sdk/lib/tinyusb/src/portable/raspberrypi/rp2040/dcd_rp2040.c.obj
                0x0000000010006768                dcd_edpt_stall
 .text.dcd_edpt_clear_stall
                0x0000000010006794       0x20 CMakeFiles/sensing_unit.dir/opt/pico/pico-sdk/lib/tinyusb/src/portable/raspberrypi/rp2040/dcd_rp2040.c.obj
                0x0000000010006794                dcd_edpt_clear_stall
 .text.rp2040_usb_init
                0x00000000100067b4       0x4c CMakeFiles/sensing_unit.dir/opt/pico/pico-sdk/lib/tinyusb/src/portable/raspberrypi/rp2040/rp2040_usb.c.obj
                0x00000000100067b4                rp2040_usb_init
 .text.hw_endpoint_xfer_start
                0x0000000010006800       0x50 CMakeFiles/sensing_unit.dir/opt/pico/pico-sdk/lib/tinyusb/src/portable/raspberrypi/rp2040/rp2040_usb.c.obj
                0x0000000010006800                hw_endpoint_xfer_start
 .text.configuration_reset
                0x0000000010006850       0x84 CMakeFiles/sensing_unit.dir/opt/pico/pico-sdk/lib/tinyusb/src/device/usbd.c.obj
 .text.usbd_reset
                0x00000000100068d4        0xc CMakeFiles/sensing_unit.dir/opt/pico/pico-sdk/lib/tinyusb/src/device/usbd.c.obj
 .text.invoke_class_control
                0x00000000100068e0       0x1a CMakeFiles/sensing_unit.dir/opt/pico/pico-sdk/lib/tinyusb/src/device/usbd.c.obj
 *fill*         0x00000000100068fa        0x2 
 .text.process_set_config
                0x00000000100068fc      0x178 CMakeFiles/sensing_unit.dir/opt/pico/pico-sdk/lib/tinyusb/src/device/usbd.c.obj
 .text.process_get_descriptor
                0x0000000010006a74       0xdc CMakeFiles/sensing_unit.dir/opt/pico/pico-sdk/lib/tinyusb/src/device/usbd.c.obj
 .text.tud_mounted
                0x0000000010006b50       0x10 CMakeFiles/sensing_unit.dir/opt/pico/pico-sdk/lib/tinyusb/src/device/usbd.c.obj
                0x0000000010006b50                tud_mounted
 .text.tud_suspended
                0x0000000010006b60       0x10 CMakeFiles/sensing_unit.dir/opt/pico/pico-sdk/lib/tinyusb/src/device/usbd.c.obj
                0x0000000010006b60                tud_suspended
 .text.tud_inited
                0x0000000010006b70       0x14 CMakeFiles/sensing_unit.dir/opt/pico/pico-sdk/lib/tinyusb/src/device/usbd.c.obj
                0x0000000010006b70                tud_inited
 .text.tud_init
                0x0000000010006b84       0xcc CMakeFiles/sensing_unit.dir/opt/pico/pico-sdk/lib/tinyusb/src/device/usbd.c.obj
                0x0000000010006b84                tud_init
 .text.usbd_defer_func
                0x0000000010006c50       0x2a CMakeFiles/sensing_unit.dir/opt/pico/pico-sdk/lib/tinyusb/src/device/usbd.c.obj
                0x0000000010006c50                usbd_defer_func
 *fill*         0x0000000010006c7a        0x2 
 .text.usbd_edpt_open
                0x0000000010006c7c       0x34 CMakeFiles/sensing_unit.dir/opt/pico/pico-sdk/lib/tinyusb/src/device/usbd.c.obj
                0x0000000010006c7c                usbd_edpt_open
 .text.usbd_open_edpt_pair
                0x0000000010006cb0       0x62 CMakeFiles/sensing_unit.dir/opt/pico/pico-sdk/lib/tinyusb/src/device/usbd.c.obj
                0x0000000010006cb0                usbd_open_edpt_pair
 *fill*         0x0000000010006d12        0x2 
 .text.usbd_edpt_claim
                0x0000000010006d14       0x28 CMakeFiles/sensing_unit.dir/opt/pico/pico-sdk/lib/tinyusb/src/device/usbd.c.obj
                0x0000000010006d14                usbd_edpt_claim
 .text.usbd_edpt_release
                0x0000000010006d3c       0x28 CMakeFiles/sensing_unit.dir/opt/pico/pico-sdk/lib/tinyusb/src/device/usbd.c.obj
                0x0000000010006d3c                usbd_edpt_release
 .text.usbd_edpt_xfer
                0x0000000010006d64       0x78 CMakeFiles/sensing_unit.dir/opt/pico/pico-sdk/lib/tinyusb/src/device/usbd.c.obj
                0x0000000010006d64                usbd_edpt_xfer
 .text.usbd_edpt_stall
                0x0000000010006ddc       0x48 CMakeFiles/sensing_unit.dir/opt/pico/pico-sdk/lib/tinyusb/src/device/usbd.c.obj
                0x0000000010006ddc                usbd_edpt_stall
 .text.usbd_edpt_clear_stall
                0x0000000010006e24       0x48 CMakeFiles/sensing_unit.dir/opt/pico/pico-sdk/lib/tinyusb/src/device/usbd.c.obj
                0x0000000010006e24                usbd_edpt_clear_stall
 .text.usbd_edpt_stalled
                0x0000000010006e6c       0x1c CMakeFiles/sensing_unit.dir/opt/pico/pico-sdk/lib/tinyusb/src/device/usbd.c.obj
                0x0000000010006e6c                usbd_edpt_stalled
 .text.process_control_request
                0x0000000010006e88      0x37c CMakeFiles/sensing_unit.dir/opt/pico/pico-sdk/lib/tinyusb/src/device/usbd.c.obj
 .text.tud_task_ext
                0x0000000010007204      0x1b8 CMakeFiles/sensing_unit.dir/opt/pico/pico-sdk/lib/tinyusb/src/device/usbd.c.obj
                0x0000000010007204                tud_task_ext
 .text._data_stage_xact
                0x00000000100073bc       0x58 CMakeFiles/sensing_unit.dir/opt/pico/pico-sdk/lib/tinyusb/src/device/usbd_control.c.obj
 .text.tud_control_status
                0x0000000010007414       0x38 CMakeFiles/sensing_unit.dir/opt/pico/pico-sdk/lib/tinyusb/src/device/usbd_control.c.obj
                0x0000000010007414                tud_control_status
 .text.tud_control_xfer
                0x000000001000744c       0x74 CMakeFiles/sensing_unit.dir/opt/pico/pico-sdk/lib/tinyusb/src/device/usbd_control.c.obj
                0x000000001000744c                tud_control_xfer
 .text.usbd_control_reset
                0x00000000100074c0       0x14 CMakeFiles/sensing_unit.dir/opt/pico/pico-sdk/lib/tinyusb/src/device/usbd_control.c.obj
                0x00000000100074c0                usbd_control_reset
 .text.usbd_control_set_complete_callback
                0x00000000100074d4        0xc CMakeFiles/sensing_unit.dir/opt/pico/pico-sdk/lib/tinyusb/src/device/usbd_control.c.obj
                0x00000000100074d4                usbd_control_set_complete_callback
 .text.usbd_control_set_request
                0x00000000100074e0       0x1c CMakeFiles/sensing_unit.dir/opt/pico/pico-sdk/lib/tinyusb/src/device/usbd_control.c.obj
                0x00000000100074e0                usbd_control_set_request
 .text.usbd_control_xfer_cb
                0x00000000100074fc       0xcc CMakeFiles/sensing_unit.dir/opt/pico/pico-sdk/lib/tinyusb/src/device/usbd_control.c.obj
                0x00000000100074fc                usbd_control_xfer_cb
 .text._prep_out_transaction
                0x00000000100075c8       0x4a CMakeFiles/sensing_unit.dir/opt/pico/pico-sdk/lib/tinyusb/src/class/cdc/cdc_device.c.obj
 *fill*         0x0000000010007612        0x2 
 .text.tud_cdc_n_connected
                0x0000000010007614       0x44 CMakeFiles/sensing_unit.dir/opt/pico/pico-sdk/lib/tinyusb/src/class/cdc/cdc_device.c.obj
                0x0000000010007614                tud_cdc_n_connected
 .text.tud_cdc_n_available
                0x0000000010007658       0x18 CMakeFiles/sensing_unit.dir/opt/pico/pico-sdk/lib/tinyusb/src/class/cdc/cdc_device.c.obj
                0x0000000010007658                tud_cdc_n_available
 .text.tud_cdc_n_read
                0x0000000010007670       0x28 CMakeFiles/sensing_unit.dir/opt/pico/pico-sdk/lib/tinyusb/src/class/cdc/cdc_device.c.obj
                0x0000000010007670                tud_cdc_n_read
 .text.tud_cdc_n_write_flush
                0x0000000010007698       0xb8 CMakeFiles/sensing_unit.dir/opt/pico/pico-sdk/lib/tinyusb/src/class/cdc/cdc_device.c.obj
                0x0000000010007698                tud_cdc_n_write_flush
 .text.tud_cdc_n_write
                0x0000000010007750       0x38 CMakeFiles/sensing_unit.dir/opt/pico/pico-sdk/lib/tinyusb/src/class/cdc/cdc_device.c.obj
                0x0000000010007750                tud_cdc_n_write
 .text.tud_cdc_n_write_available
                0x0000000010007788       0x1c CMakeFiles/sensing_unit.dir/opt/pico/pico-sdk/lib/tinyusb/src/class/cdc/cdc_device.c.obj
                0x0000000010007788                tud_cdc_n_write_available
 .text.cdcd_init
                0x00000000100077a4       0xbc CMakeFiles/sensing_unit.dir/opt/pico/pico-sdk/lib/tinyusb/src/class/cdc/cdc_device.c.obj
                0x00000000100077a4                cdcd_init
 .text.cdcd_reset
                0x0000000010007860       0x44 CMakeFiles/sensing_unit.dir/opt/pico/pico-sdk/lib/tinyusb/src/class/cdc/cdc_device.c.obj
                0x0000000010007860                cdcd_reset
 .text.cdcd_open
                0x00000000100078a4       0xcc CMakeFiles/sensing_unit.dir/opt/pico/pico-sdk/lib/tinyusb/src/class/cdc/cdc_device.c.obj
                0x00000000100078a4                cdcd_open
 .text.cdcd_control_xfer_cb
                0x0000000010007970      0x134 CMakeFiles/sensing_unit.dir/opt/pico/pico-sdk/lib/tinyusb/src/class/cdc/cdc_device.c.obj
                0x0000000010007970                cdcd_control_xfer_cb
 .text.cdcd_xfer_cb
                0x0000000010007aa4      0x130 CMakeFiles/sensing_unit.dir/opt/pico/pico-sdk/lib/tinyusb/src/class/cdc/cdc_device.c.obj
                0x0000000010007aa4                cdcd_xfer_cb
 .text.tusb_init
                0x0000000010007bd4        0xa CMakeFiles/sensing_unit.dir/opt/pico/pico-sdk/lib/tinyusb/src/tusb.c.obj
                0x0000000010007bd4                tusb_init
 .text.tusb_inited
                0x0000000010007bde        0xe CMakeFiles/sensing_unit.dir/opt/pico/pico-sdk/lib/tinyusb/src/tusb.c.obj
                0x0000000010007bde                tusb_inited
 .text.tu_edpt_claim
                0x0000000010007bec       0x50 CMakeFiles/sensing_unit.dir/opt/pico/pico-sdk/lib/tinyusb/src/tusb.c.obj
                0x0000000010007bec                tu_edpt_claim
 .text.tu_edpt_release
                0x0000000010007c3c       0x3c CMakeFiles/sensing_unit.dir/opt/pico/pico-sdk/lib/tinyusb/src/tusb.c.obj
                0x0000000010007c3c                tu_edpt_release
 .text.tu_edpt_validate
                0x0000000010007c78       0x78 CMakeFiles/sensing_unit.dir/opt/pico/pico-sdk/lib/tinyusb/src/tusb.c.obj
                0x0000000010007c78                tu_edpt_validate
 .text.tu_edpt_bind_driver
                0x0000000010007cf0       0x26 CMakeFiles/sensing_unit.dir/opt/pico/pico-sdk/lib/tinyusb/src/tusb.c.obj
                0x0000000010007cf0                tu_edpt_bind_driver
 .text.advance_index
                0x0000000010007d16       0x1a CMakeFiles/sensing_unit.dir/opt/pico/pico-sdk/lib/tinyusb/src/common/tusb_fifo.c.obj
 .text._tu_fifo_peek
                0x0000000010007d30       0x56 CMakeFiles/sensing_unit.dir/opt/pico/pico-sdk/lib/tinyusb/src/common/tusb_fifo.c.obj
 .text._ff_pull_const_addr
                0x0000000010007d86       0x4c CMakeFiles/sensing_unit.dir/opt/pico/pico-sdk/lib/tinyusb/src/common/tusb_fifo.c.obj
 .text._ff_pull_n
                0x0000000010007dd2      0x110 CMakeFiles/sensing_unit.dir/opt/pico/pico-sdk/lib/tinyusb/src/common/tusb_fifo.c.obj
 .text._tu_fifo_peek_n
                0x0000000010007ee2       0x6a CMakeFiles/sensing_unit.dir/opt/pico/pico-sdk/lib/tinyusb/src/common/tusb_fifo.c.obj
 .text._tu_fifo_read_n
                0x0000000010007f4c       0x4e CMakeFiles/sensing_unit.dir/opt/pico/pico-sdk/lib/tinyusb/src/common/tusb_fifo.c.obj
 .text._ff_push_const_addr
                0x0000000010007f9a       0x40 CMakeFiles/sensing_unit.dir/opt/pico/pico-sdk/lib/tinyusb/src/common/tusb_fifo.c.obj
 .text._ff_push_n
                0x0000000010007fda      0x10c CMakeFiles/sensing_unit.dir/opt/pico/pico-sdk/lib/tinyusb/src/common/tusb_fifo.c.obj
 .text._tu_fifo_write_n
                0x00000000100080e6       0xf0 CMakeFiles/sensing_unit.dir/opt/pico/pico-sdk/lib/tinyusb/src/common/tusb_fifo.c.obj
 .text.tu_fifo_config
                0x00000000100081d6       0x7c CMakeFiles/sensing_unit.dir/opt/pico/pico-sdk/lib/tinyusb/src/common/tusb_fifo.c.obj
                0x00000000100081d6                tu_fifo_config
 .text.tu_fifo_count
                0x0000000010008252       0x2a CMakeFiles/sensing_unit.dir/opt/pico/pico-sdk/lib/tinyusb/src/common/tusb_fifo.c.obj
                0x0000000010008252                tu_fifo_count
 .text.tu_fifo_empty
                0x000000001000827c       0x10 CMakeFiles/sensing_unit.dir/opt/pico/pico-sdk/lib/tinyusb/src/common/tusb_fifo.c.obj
                0x000000001000827c                tu_fifo_empty
 .text.tu_fifo_full
                0x000000001000828c       0x28 CMakeFiles/sensing_unit.dir/opt/pico/pico-sdk/lib/tinyusb/src/common/tusb_fifo.c.obj
                0x000000001000828c                tu_fifo_full
 .text.tu_fifo_remaining
                0x00000000100082b4       0x2c CMakeFiles/sensing_unit.dir/opt/pico/pico-sdk/lib/tinyusb/src/common/tusb_fifo.c.obj
                0x00000000100082b4                tu_fifo_remaining
 .text.tu_fifo_read
                0x00000000100082e0       0x42 CMakeFiles/sensing_unit.dir/opt/pico/pico-sdk/lib/tinyusb/src/common/tusb_fifo.c.obj
                0x00000000100082e0                tu_fifo_read
 .text.tu_fifo_read_n
                0x0000000010008322        0xa CMakeFiles/sensing_unit.dir/opt/pico/pico-sdk/lib/tinyusb/src/common/tusb_fifo.c.obj
                0x0000000010008322                tu_fifo_read_n
 .text.tu_fifo_write
                0x000000001000832c       0x64 CMakeFiles/sensing_unit.dir/opt/pico/pico-sdk/lib/tinyusb/src/common/tusb_fifo.c.obj
                0x000000001000832c                tu_fifo_write
 .text.tu_fifo_write_n
                0x0000000010008390        0xa CMakeFiles/sensing_unit.dir/opt/pico/pico-sdk/lib/tinyusb/src/common/tusb_fifo.c.obj
                0x0000000010008390                tu_fifo_write_n
 .text.tu_fifo_clear
                0x000000001000839a       0x3e CMakeFiles/sensing_unit.dir/opt/pico/pico-sdk/lib/tinyusb/src/common/tusb_fifo.c.obj
                0x000000001000839a                tu_fifo_clear
 .text.tu_fifo_set_overwritable
                0x00000000100083d8       0x46 CMakeFiles/sensing_unit.dir/opt/pico/pico-sdk/lib/tinyusb/src/common/tusb_fifo.c.obj
                0x00000000100083d8                tu_fifo_set_overwritable
 .text.spi_set_baudrate
                0x000000001000841e       0xcc CMakeFiles/sensing_unit.dir/opt/pico/pico-sdk/src/rp2_common/hardware_spi/spi.c.obj
                0x000000001000841e                spi_set_baudrate
 *fill*         0x00000000100084ea        0x2 
 .text.spi_init
                0x00000000100084ec       0x74 CMakeFiles/sensing_unit.dir/opt/pico/pico-sdk/src/rp2_common/hardware_spi/spi.c.obj
                0x00000000100084ec                spi_init
 .text.i2c_write_blocking_internal
                0x0000000010008560      0x140 CMakeFiles/sensing_unit.dir/opt/pico/pico-sdk/src/rp2_common/hardware_i2c/i2c.c.obj
 .text.i2c_read_blocking_internal
                0x00000000100086a0       0xe6 CMakeFiles/sensing_unit.dir/opt/pico/pico-sdk/src/rp2_common/hardware_i2c/i2c.c.obj
 *fill*         0x0000000010008786        0x2 
 .text.i2c_set_baudrate
                0x0000000010008788       0xf0 CMakeFiles/sensing_unit.dir/opt/pico/pico-sdk/src/rp2_common/hardware_i2c/i2c.c.obj
                0x0000000010008788                i2c_set_baudrate
 .text.i2c_init
                0x0000000010008878       0x58 CMakeFiles/sensing_unit.dir/opt/pico/pico-sdk/src/rp2_common/hardware_i2c/i2c.c.obj
                0x0000000010008878                i2c_init
 .text.i2c_write_blocking
                0x00000000100088d0       0x18 CMakeFiles/sensing_unit.dir/opt/pico/pico-sdk/src/rp2_common/hardware_i2c/i2c.c.obj
                0x00000000100088d0                i2c_write_blocking
 .text.i2c_read_blocking
                0x00000000100088e8       0x18 CMakeFiles/sensing_unit.dir/opt/pico/pico-sdk/src/rp2_common/hardware_i2c/i2c.c.obj
                0x00000000100088e8                i2c_read_blocking
 .text.i2c_read_blocking_until
                0x0000000010008900       0x3e CMakeFiles/sensing_unit.dir/opt/pico/pico-sdk/src/rp2_common/hardware_i2c/i2c.c.obj
                0x0000000010008900                i2c_read_blocking_until
 *fill*         0x000000001000893e        0x2 
 .text.lwip_timeout_reached
                0x0000000010008940       0x2c CMakeFiles/sensing_unit.dir/opt/pico/pico-sdk/src/rp2_common/pico_lwip/lwip_nosys.c.obj
 .text.update_next_timeout
                0x000000001000896c       0xb0 CMakeFiles/sensing_unit.dir/opt/pico/pico-sdk/src/rp2_common/pico_lwip/lwip_nosys.c.obj
 .text.lwip_nosys_init
                0x0000000010008a1c       0x34 CMakeFiles/sensing_unit.dir/opt/pico/pico-sdk/src/rp2_common/pico_lwip/lwip_nosys.c.obj
                0x0000000010008a1c                lwip_nosys_init
 .text.lwip_nosys_deinit
                0x0000000010008a50       0x20 CMakeFiles/sensing_unit.dir/opt/pico/pico-sdk/src/rp2_common/pico_lwip/lwip_nosys.c.obj
                0x0000000010008a50                lwip_nosys_deinit
 .text.sys_arch_protect
                0x0000000010008a70        0x4 CMakeFiles/sensing_unit.dir/opt/pico/pico-sdk/src/rp2_common/pico_lwip/lwip_nosys.c.obj
                0x0000000010008a70                sys_arch_protect
 .text.sys_arch_unprotect
                0x0000000010008a74        0x2 CMakeFiles/sensing_unit.dir/opt/pico/pico-sdk/src/rp2_common/pico_lwip/lwip_nosys.c.obj
                0x0000000010008a74                sys_arch_unprotect
 *fill*         0x0000000010008a76        0x2 
 .text.sys_now  0x0000000010008a78       0x3c CMakeFiles/sensing_unit.dir/opt/pico/pico-sdk/src/rp2_common/pico_lwip/lwip_nosys.c.obj
                0x0000000010008a78                sys_now
 .text.async_context_base_add_at_time_worker
                0x0000000010008ab4       0x1c CMakeFiles/sensing_unit.dir/opt/pico/pico-sdk/src/rp2_common/pico_async_context/async_context_base.c.obj
                0x0000000010008ab4                async_context_base_add_at_time_worker
 .text.async_context_base_remove_at_time_worker
                0x0000000010008ad0       0x1c CMakeFiles/sensing_unit.dir/opt/pico/pico-sdk/src/rp2_common/pico_async_context/async_context_base.c.obj
                0x0000000010008ad0                async_context_base_remove_at_time_worker
 .text.async_context_base_add_when_pending_worker
                0x0000000010008aec       0x1c CMakeFiles/sensing_unit.dir/opt/pico/pico-sdk/src/rp2_common/pico_async_context/async_context_base.c.obj
                0x0000000010008aec                async_context_base_add_when_pending_worker
 .text.async_context_base_remove_when_pending_worker
                0x0000000010008b08       0x1c CMakeFiles/sensing_unit.dir/opt/pico/pico-sdk/src/rp2_common/pico_async_context/async_context_base.c.obj
                0x0000000010008b08                async_context_base_remove_when_pending_worker
 .text.async_context_base_remove_ready_at_time_worker
                0x0000000010008b24       0x94 CMakeFiles/sensing_unit.dir/opt/pico/pico-sdk/src/rp2_common/pico_async_context/async_context_base.c.obj
                0x0000000010008b24                async_context_base_remove_ready_at_time_worker
 .text.async_context_base_refresh_next_timeout
                0x0000000010008bb8       0x4c CMakeFiles/sensing_unit.dir/opt/pico/pico-sdk/src/rp2_common/pico_async_context/async_context_base.c.obj
                0x0000000010008bb8                async_context_base_refresh_next_timeout
 .text.async_context_base_execute_once
                0x0000000010008c04       0x48 CMakeFiles/sensing_unit.dir/opt/pico/pico-sdk/src/rp2_common/pico_async_context/async_context_base.c.obj
                0x0000000010008c04                async_context_base_execute_once
 .text.async_context_base_needs_servicing
                0x0000000010008c4c       0x6c CMakeFiles/sensing_unit.dir/opt/pico/pico-sdk/src/rp2_common/pico_async_context/async_context_base.c.obj
                0x0000000010008c4c                async_context_base_needs_servicing
 .text.splitmix64
                0x0000000010008cb8       0x5c CMakeFiles/sensing_unit.dir/opt/pico/pico-sdk/src/rp2_common/pico_rand/rand.c.obj
 .text.sdbm_hash64_sram
                0x0000000010008d14       0x64 CMakeFiles/sensing_unit.dir/opt/pico/pico-sdk/src/rp2_common/pico_rand/rand.c.obj
 .text.xoroshiro128ss
                0x0000000010008d78       0xb8 CMakeFiles/sensing_unit.dir/opt/pico/pico-sdk/src/rp2_common/pico_rand/rand.c.obj
 .text.capture_additional_rosc_samples
                0x0000000010008e30      0x1a4 CMakeFiles/sensing_unit.dir/opt/pico/pico-sdk/src/rp2_common/pico_rand/rand.c.obj
 .text.initialise_rand
                0x0000000010008fd4      0x118 CMakeFiles/sensing_unit.dir/opt/pico/pico-sdk/src/rp2_common/pico_rand/rand.c.obj
 .text.get_rand_64
                0x00000000100090ec      0x11c CMakeFiles/sensing_unit.dir/opt/pico/pico-sdk/src/rp2_common/pico_rand/rand.c.obj
                0x00000000100090ec                get_rand_64
 .text.get_rand_32
                0x0000000010009208        0x8 CMakeFiles/sensing_unit.dir/opt/pico/pico-sdk/src/rp2_common/pico_rand/rand.c.obj
                0x0000000010009208                get_rand_32
 .text.lwip_init
                0x0000000010009210       0x24 CMakeFiles/sensing_unit.dir/opt/pico/pico-sdk/lib/lwip/src/core/init.c.obj
                0x0000000010009210                lwip_init
 .text.lwip_htons
                0x0000000010009234        0xa CMakeFiles/sensing_unit.dir/opt/pico/pico-sdk/lib/lwip/src/core/def.c.obj
                0x0000000010009234                lwip_htons
 .text.lwip_htonl
                0x000000001000923e       0x1c CMakeFiles/sensing_unit.dir/opt/pico/pico-sdk/lib/lwip/src/core/def.c.obj
                0x000000001000923e                lwip_htonl
 *fill*         0x000000001000925a        0x2 
 .text.dns_backupserver_available
                0x000000001000925c       0x28 CMakeFiles/sensing_unit.dir/opt/pico/pico-sdk/lib/lwip/src/core/dns.c.obj
 .text.dns_create_txid
                0x0000000010009284       0x3c CMakeFiles/sensing_unit.dir/opt/pico/pico-sdk/lib/lwip/src/core/dns.c.obj
 .text.dns_call_found
                0x00000000100092c0       0xf4 CMakeFiles/sensing_unit.dir/opt/pico/pico-sdk/lib/lwip/src/core/dns.c.obj
 .text.dns_send
                0x00000000100093b4      0x178 CMakeFiles/sensing_unit.dir/opt/pico/pico-sdk/lib/lwip/src/core/dns.c.obj
 .text.dns_check_entry
                0x000000001000952c      0x11c CMakeFiles/sensing_unit.dir/opt/pico/pico-sdk/lib/lwip/src/core/dns.c.obj
 .text.dns_check_entries
                0x0000000010009648       0x16 CMakeFiles/sensing_unit.dir/opt/pico/pico-sdk/lib/lwip/src/core/dns.c.obj
 .text.dns_init
                0x000000001000965e        0x2 CMakeFiles/sensing_unit.dir/opt/pico/pico-sdk/lib/lwip/src/core/dns.c.obj
                0x000000001000965e                dns_init
 .text.dns_setserver
                0x0000000010009660       0x28 CMakeFiles/sensing_unit.dir/opt/pico/pico-sdk/lib/lwip/src/core/dns.c.obj
                0x0000000010009660                dns_setserver
 .text.dns_tmr  0x0000000010009688        0x8 CMakeFiles/sensing_unit.dir/opt/pico/pico-sdk/lib/lwip/src/core/dns.c.obj
                0x0000000010009688                dns_tmr
 .text.lwip_standard_chksum
                0x0000000010009690       0xac CMakeFiles/sensing_unit.dir/opt/pico/pico-sdk/lib/lwip/src/core/inet_chksum.c.obj
                0x0000000010009690                lwip_standard_chksum
 .text.inet_cksum_pseudo_base
                0x000000001000973c       0x7c CMakeFiles/sensing_unit.dir/opt/pico/pico-sdk/lib/lwip/src/core/inet_chksum.c.obj
 .text.inet_chksum_pseudo
                0x00000000100097b8       0x30 CMakeFiles/sensing_unit.dir/opt/pico/pico-sdk/lib/lwip/src/core/inet_chksum.c.obj
                0x00000000100097b8                inet_chksum_pseudo
 .text.ip_chksum_pseudo
                0x00000000100097e8       0x10 CMakeFiles/sensing_unit.dir/opt/pico/pico-sdk/lib/lwip/src/core/inet_chksum.c.obj
                0x00000000100097e8                ip_chksum_pseudo
 .text.inet_chksum
                0x00000000100097f8        0xc CMakeFiles/sensing_unit.dir/opt/pico/pico-sdk/lib/lwip/src/core/inet_chksum.c.obj
                0x00000000100097f8                inet_chksum
 .text.inet_chksum_pbuf
                0x0000000010009804       0x52 CMakeFiles/sensing_unit.dir/opt/pico/pico-sdk/lib/lwip/src/core/inet_chksum.c.obj
                0x0000000010009804                inet_chksum_pbuf
 *fill*         0x0000000010009856        0x2 
 .text.ptr_to_mem
                0x0000000010009858        0xc CMakeFiles/sensing_unit.dir/opt/pico/pico-sdk/lib/lwip/src/core/mem.c.obj
 .text.mem_to_ptr
                0x0000000010009864       0x10 CMakeFiles/sensing_unit.dir/opt/pico/pico-sdk/lib/lwip/src/core/mem.c.obj
 .text.mem_link_valid
                0x0000000010009874       0x5c CMakeFiles/sensing_unit.dir/opt/pico/pico-sdk/lib/lwip/src/core/mem.c.obj
 .text.plug_holes
                0x00000000100098d0       0xd4 CMakeFiles/sensing_unit.dir/opt/pico/pico-sdk/lib/lwip/src/core/mem.c.obj
 .text.mem_init
                0x00000000100099a4       0x44 CMakeFiles/sensing_unit.dir/opt/pico/pico-sdk/lib/lwip/src/core/mem.c.obj
                0x00000000100099a4                mem_init
 .text.mem_free
                0x00000000100099e8       0x84 CMakeFiles/sensing_unit.dir/opt/pico/pico-sdk/lib/lwip/src/core/mem.c.obj
                0x00000000100099e8                mem_free
 .text.mem_trim
                0x0000000010009a6c      0x134 CMakeFiles/sensing_unit.dir/opt/pico/pico-sdk/lib/lwip/src/core/mem.c.obj
                0x0000000010009a6c                mem_trim
 .text.mem_malloc
                0x0000000010009ba0      0x134 CMakeFiles/sensing_unit.dir/opt/pico/pico-sdk/lib/lwip/src/core/mem.c.obj
                0x0000000010009ba0                mem_malloc
 .text.do_memp_malloc_pool
                0x0000000010009cd4       0x30 CMakeFiles/sensing_unit.dir/opt/pico/pico-sdk/lib/lwip/src/core/memp.c.obj
 .text.do_memp_free_pool
                0x0000000010009d04       0x28 CMakeFiles/sensing_unit.dir/opt/pico/pico-sdk/lib/lwip/src/core/memp.c.obj
 .text.memp_init_pool
                0x0000000010009d2c       0x2a CMakeFiles/sensing_unit.dir/opt/pico/pico-sdk/lib/lwip/src/core/memp.c.obj
                0x0000000010009d2c                memp_init_pool
 *fill*         0x0000000010009d56        0x2 
 .text.memp_init
                0x0000000010009d58       0x20 CMakeFiles/sensing_unit.dir/opt/pico/pico-sdk/lib/lwip/src/core/memp.c.obj
                0x0000000010009d58                memp_init
 .text.memp_malloc
                0x0000000010009d78       0x24 CMakeFiles/sensing_unit.dir/opt/pico/pico-sdk/lib/lwip/src/core/memp.c.obj
                0x0000000010009d78                memp_malloc
 .text.memp_free
                0x0000000010009d9c       0x28 CMakeFiles/sensing_unit.dir/opt/pico/pico-sdk/lib/lwip/src/core/memp.c.obj
                0x0000000010009d9c                memp_free
 .text.netif_do_set_netmask
                0x0000000010009dc4       0x1a CMakeFiles/sensing_unit.dir/opt/pico/pico-sdk/lib/lwip/src/core/netif.c.obj
 .text.netif_do_set_gw
                0x0000000010009dde       0x1a CMakeFiles/sensing_unit.dir/opt/pico/pico-sdk/lib/lwip/src/core/netif.c.obj
 .text.netif_null_output_ip4
                0x0000000010009df8        0x6 CMakeFiles/sensing_unit.dir/opt/pico/pico-sdk/lib/lwip/src/core/netif.c.obj
 .text.netif_do_ip_addr_changed
                0x0000000010009dfe       0x1c CMakeFiles/sensing_unit.dir/opt/pico/pico-sdk/lib/lwip/src/core/netif.c.obj
 *fill*         0x0000000010009e1a        0x2 
 .text.netif_issue_reports
                0x0000000010009e1c       0x34 CMakeFiles/sensing_unit.dir/opt/pico/pico-sdk/lib/lwip/src/core/netif.c.obj
 .text.netif_do_set_ipaddr
                0x0000000010009e50       0x54 CMakeFiles/sensing_unit.dir/opt/pico/pico-sdk/lib/lwip/src/core/netif.c.obj
 .text.netif_init
                0x0000000010009ea4        0x2 CMakeFiles/sensing_unit.dir/opt/pico/pico-sdk/lib/lwip/src/core/netif.c.obj
                0x0000000010009ea4                netif_init
 *fill*         0x0000000010009ea6        0x2 
 .text.netif_set_addr
                0x0000000010009ea8       0x78 CMakeFiles/sensing_unit.dir/opt/pico/pico-sdk/lib/lwip/src/core/netif.c.obj
                0x0000000010009ea8                netif_set_addr
 .text.netif_add
                0x0000000010009f20      0x124 CMakeFiles/sensing_unit.dir/opt/pico/pico-sdk/lib/lwip/src/core/netif.c.obj
                0x0000000010009f20                netif_add
 .text.netif_set_default
                0x000000001000a044        0xc CMakeFiles/sensing_unit.dir/opt/pico/pico-sdk/lib/lwip/src/core/netif.c.obj
                0x000000001000a044                netif_set_default
 .text.netif_set_up
                0x000000001000a050       0x34 CMakeFiles/sensing_unit.dir/opt/pico/pico-sdk/lib/lwip/src/core/netif.c.obj
                0x000000001000a050                netif_set_up
 .text.netif_set_down
                0x000000001000a084       0x38 CMakeFiles/sensing_unit.dir/opt/pico/pico-sdk/lib/lwip/src/core/netif.c.obj
                0x000000001000a084                netif_set_down
 .text.netif_remove
                0x000000001000a0bc       0x64 CMakeFiles/sensing_unit.dir/opt/pico/pico-sdk/lib/lwip/src/core/netif.c.obj
                0x000000001000a0bc                netif_remove
 .text.netif_set_link_up
                0x000000001000a120       0x3c CMakeFiles/sensing_unit.dir/opt/pico/pico-sdk/lib/lwip/src/core/netif.c.obj
                0x000000001000a120                netif_set_link_up
 .text.netif_set_link_down
                0x000000001000a15c       0x2c CMakeFiles/sensing_unit.dir/opt/pico/pico-sdk/lib/lwip/src/core/netif.c.obj
                0x000000001000a15c                netif_set_link_down
 .text.netif_get_by_index
                0x000000001000a188       0x24 CMakeFiles/sensing_unit.dir/opt/pico/pico-sdk/lib/lwip/src/core/netif.c.obj
                0x000000001000a188                netif_get_by_index
 .text.pbuf_init_alloced_pbuf
                0x000000001000a1ac       0x20 CMakeFiles/sensing_unit.dir/opt/pico/pico-sdk/lib/lwip/src/core/pbuf.c.obj
 .text.pbuf_skip_const
                0x000000001000a1cc       0x1a CMakeFiles/sensing_unit.dir/opt/pico/pico-sdk/lib/lwip/src/core/pbuf.c.obj
 *fill*         0x000000001000a1e6        0x2 
 .text.pbuf_pool_is_empty
                0x000000001000a1e8       0x18 CMakeFiles/sensing_unit.dir/opt/pico/pico-sdk/lib/lwip/src/core/pbuf.c.obj
 .text.pbuf_add_header_impl
                0x000000001000a200       0x68 CMakeFiles/sensing_unit.dir/opt/pico/pico-sdk/lib/lwip/src/core/pbuf.c.obj
 .text.pbuf_free_ooseq
                0x000000001000a268       0x30 CMakeFiles/sensing_unit.dir/opt/pico/pico-sdk/lib/lwip/src/core/pbuf.c.obj
                0x000000001000a268                pbuf_free_ooseq
 .text.pbuf_alloc_reference
                0x000000001000a298       0x3c CMakeFiles/sensing_unit.dir/opt/pico/pico-sdk/lib/lwip/src/core/pbuf.c.obj
                0x000000001000a298                pbuf_alloc_reference
 .text.pbuf_add_header
                0x000000001000a2d4        0xa CMakeFiles/sensing_unit.dir/opt/pico/pico-sdk/lib/lwip/src/core/pbuf.c.obj
                0x000000001000a2d4                pbuf_add_header
 *fill*         0x000000001000a2de        0x2 
 .text.pbuf_remove_header
                0x000000001000a2e0       0x50 CMakeFiles/sensing_unit.dir/opt/pico/pico-sdk/lib/lwip/src/core/pbuf.c.obj
                0x000000001000a2e0                pbuf_remove_header
 .text.pbuf_header_impl
                0x000000001000a330       0x14 CMakeFiles/sensing_unit.dir/opt/pico/pico-sdk/lib/lwip/src/core/pbuf.c.obj
 .text.pbuf_header_force
                0x000000001000a344        0xa CMakeFiles/sensing_unit.dir/opt/pico/pico-sdk/lib/lwip/src/core/pbuf.c.obj
                0x000000001000a344                pbuf_header_force
 *fill*         0x000000001000a34e        0x2 
 .text.pbuf_free
                0x000000001000a350       0x7c CMakeFiles/sensing_unit.dir/opt/pico/pico-sdk/lib/lwip/src/core/pbuf.c.obj
                0x000000001000a350                pbuf_free
 .text.pbuf_alloc
                0x000000001000a3cc      0x148 CMakeFiles/sensing_unit.dir/opt/pico/pico-sdk/lib/lwip/src/core/pbuf.c.obj
                0x000000001000a3cc                pbuf_alloc
 .text.pbuf_realloc
                0x000000001000a514       0x84 CMakeFiles/sensing_unit.dir/opt/pico/pico-sdk/lib/lwip/src/core/pbuf.c.obj
                0x000000001000a514                pbuf_realloc
 .text.pbuf_clen
                0x000000001000a598       0x12 CMakeFiles/sensing_unit.dir/opt/pico/pico-sdk/lib/lwip/src/core/pbuf.c.obj
                0x000000001000a598                pbuf_clen
 *fill*         0x000000001000a5aa        0x2 
 .text.pbuf_ref
                0x000000001000a5ac       0x28 CMakeFiles/sensing_unit.dir/opt/pico/pico-sdk/lib/lwip/src/core/pbuf.c.obj
                0x000000001000a5ac                pbuf_ref
 .text.pbuf_cat
                0x000000001000a5d4       0x44 CMakeFiles/sensing_unit.dir/opt/pico/pico-sdk/lib/lwip/src/core/pbuf.c.obj
                0x000000001000a5d4                pbuf_cat
 .text.pbuf_chain
                0x000000001000a618       0x10 CMakeFiles/sensing_unit.dir/opt/pico/pico-sdk/lib/lwip/src/core/pbuf.c.obj
                0x000000001000a618                pbuf_chain
 .text.pbuf_copy_partial_pbuf
                0x000000001000a628      0x13c CMakeFiles/sensing_unit.dir/opt/pico/pico-sdk/lib/lwip/src/core/pbuf.c.obj
                0x000000001000a628                pbuf_copy_partial_pbuf
 .text.pbuf_copy
                0x000000001000a764       0x20 CMakeFiles/sensing_unit.dir/opt/pico/pico-sdk/lib/lwip/src/core/pbuf.c.obj
                0x000000001000a764                pbuf_copy
 .text.pbuf_copy_partial
                0x000000001000a784       0x90 CMakeFiles/sensing_unit.dir/opt/pico/pico-sdk/lib/lwip/src/core/pbuf.c.obj
                0x000000001000a784                pbuf_copy_partial
 .text.pbuf_skip
                0x000000001000a814        0x8 CMakeFiles/sensing_unit.dir/opt/pico/pico-sdk/lib/lwip/src/core/pbuf.c.obj
                0x000000001000a814                pbuf_skip
 .text.pbuf_take
                0x000000001000a81c       0x98 CMakeFiles/sensing_unit.dir/opt/pico/pico-sdk/lib/lwip/src/core/pbuf.c.obj
                0x000000001000a81c                pbuf_take
 .text.pbuf_take_at
                0x000000001000a8b4       0x70 CMakeFiles/sensing_unit.dir/opt/pico/pico-sdk/lib/lwip/src/core/pbuf.c.obj
                0x000000001000a8b4                pbuf_take_at
 .text.pbuf_clone
                0x000000001000a924       0x2c CMakeFiles/sensing_unit.dir/opt/pico/pico-sdk/lib/lwip/src/core/pbuf.c.obj
                0x000000001000a924                pbuf_clone
 .text.pbuf_put_at
                0x000000001000a950       0x26 CMakeFiles/sensing_unit.dir/opt/pico/pico-sdk/lib/lwip/src/core/pbuf.c.obj
                0x000000001000a950                pbuf_put_at
 *fill*         0x000000001000a976        0x2 
 .text.raw_input_local_match
                0x000000001000a978       0x5c CMakeFiles/sensing_unit.dir/opt/pico/pico-sdk/lib/lwip/src/core/raw.c.obj
 .text.raw_input
                0x000000001000a9d4       0xb0 CMakeFiles/sensing_unit.dir/opt/pico/pico-sdk/lib/lwip/src/core/raw.c.obj
                0x000000001000a9d4                raw_input
 .text.raw_netif_ip_addr_changed
                0x000000001000aa84       0x38 CMakeFiles/sensing_unit.dir/opt/pico/pico-sdk/lib/lwip/src/core/raw.c.obj
                0x000000001000aa84                raw_netif_ip_addr_changed
 .text.stats_init
                0x000000001000aabc        0x2 CMakeFiles/sensing_unit.dir/opt/pico/pico-sdk/lib/lwip/src/core/stats.c.obj
                0x000000001000aabc                stats_init
 *fill*         0x000000001000aabe        0x2 
 .text.tcp_new_port
                0x000000001000aac0       0x6c CMakeFiles/sensing_unit.dir/opt/pico/pico-sdk/lib/lwip/src/core/tcp.c.obj
 .text.tcp_remove_listener
                0x000000001000ab2c       0x24 CMakeFiles/sensing_unit.dir/opt/pico/pico-sdk/lib/lwip/src/core/tcp.c.obj
 .text.tcp_listen_closed
                0x000000001000ab50       0x40 CMakeFiles/sensing_unit.dir/opt/pico/pico-sdk/lib/lwip/src/core/tcp.c.obj
 .text.tcp_free_listen
                0x000000001000ab90       0x1c CMakeFiles/sensing_unit.dir/opt/pico/pico-sdk/lib/lwip/src/core/tcp.c.obj
 .text.tcp_close_shutdown_fin
                0x000000001000abac       0x68 CMakeFiles/sensing_unit.dir/opt/pico/pico-sdk/lib/lwip/src/core/tcp.c.obj
 .text.tcp_handle_closepend
                0x000000001000ac14       0x28 CMakeFiles/sensing_unit.dir/opt/pico/pico-sdk/lib/lwip/src/core/tcp.c.obj
 .text.tcp_init
                0x000000001000ac3c       0x20 CMakeFiles/sensing_unit.dir/opt/pico/pico-sdk/lib/lwip/src/core/tcp.c.obj
                0x000000001000ac3c                tcp_init
 .text.tcp_free
                0x000000001000ac5c       0x1c CMakeFiles/sensing_unit.dir/opt/pico/pico-sdk/lib/lwip/src/core/tcp.c.obj
                0x000000001000ac5c                tcp_free
 .text.tcp_bind