Archive member included to satisfy reference by file (symbol)

/usr/lib/gcc/arm-none-eabi/10.3.1/thumb/v6-m/nofp/libgcc.a(_dvmd_tls.o)
                              CMakeFiles/sensing_unit.dir/opt/pico/pico-sdk/src/rp2_common/pico_divider/divider.S.obj (__aeabi_idiv0)
/usr/lib/gcc/arm-none-eabi/10.3.1/../../../arm-none-eabi/lib/thumb/v6-m/nofp/libg.a(lib_a-atexit.o)
                              /usr/lib/gcc/arm-none-eabi/10.3.1/../../../arm-none-eabi/lib/thumb/v6-m/nofp/crt0.o (atexit)
/usr/lib/gcc/arm-none-eabi/10.3.1/../../../arm-none-eabi/lib/thumb/v6-m/nofp/libg.a(lib_a-atoi.o)
                              CMakeFiles/sensing_unit.dir/opt/pico/pico-sdk/lib/lwip/src/core/netif.c.obj (atoi)
/usr/lib/gcc/arm-none-eabi/10.3.1/../../../arm-none-eabi/lib/thumb/v6-m/nofp/libg.a(lib_a-calloc.o)
                              CMakeFiles/sensing_unit.dir/opt/pico/pico-sdk/src/rp2_common/pico_malloc/pico_malloc.c.obj (calloc)
/usr/lib/gcc/arm-none-eabi/10.3.1/../../../arm-none-eabi/lib/thumb/v6-m/nofp/libg.a(lib_a-callocr.o)
                              /usr/lib/gcc/arm-none-eabi/10.3.1/../../../arm-none-eabi/lib/thumb/v6-m/nofp/libg.a(lib_a-calloc.o) (_calloc_r)
/usr/lib/gcc/arm-none-eabi/10.3.1/../../../arm-none-eabi/lib/thumb/v6-m/nofp/libg.a(lib_a-ctype_.o)
                              CMakeFiles/sensing_unit.dir/opt/pico/pico-sdk/lib/lwip/src/core/dns.c.obj (_ctype_)
/usr/lib/gcc/arm-none-eabi/10.3.1/../../../arm-none-eabi/lib/thumb/v6-m/nofp/libg.a(lib_a-fini.o)
                              /usr/lib/gcc/arm-none-eabi/10.3.1/../../../arm-none-eabi/lib/thumb/v6-m/nofp/crt0.o (__libc_fini_array)
/usr/lib/gcc/arm-none-eabi/10.3.1/../../../arm-none-eabi/lib/thumb/v6-m/nofp/libg.a(lib_a-impure.o)
                              /usr/lib/gcc/arm-none-eabi/10.3.1/../../../arm-none-eabi/lib/thumb/v6-m/nofp/libg.a(lib_a-calloc.o) (_impure_ptr)
/usr/lib/gcc/arm-none-eabi/10.3.1/../../../arm-none-eabi/lib/thumb/v6-m/nofp/libg.a(lib_a-init.o)
                              /usr/lib/gcc/arm-none-eabi/10.3.1/../../../arm-none-eabi/lib/thumb/v6-m/nofp/crt0.o (__libc_init_array)
/usr/lib/gcc/arm-none-eabi/10.3.1/../../../arm-none-eabi/lib/thumb/v6-m/nofp/libg.a(lib_a-malloc.o)
                              CMakeFiles/sensing_unit.dir/opt/pico/pico-sdk/src/rp2_common/pico_malloc/pico_malloc.c.obj (malloc)
/usr/lib/gcc/arm-none-eabi/10.3.1/../../../arm-none-eabi/lib/thumb/v6-m/nofp/libg.a(lib_a-mallocr.o)
                              /usr/lib/gcc/arm-none-eabi/10.3.1/../../../arm-none-eabi/lib/thumb/v6-m/nofp/libg.a(lib_a-callocr.o) (_malloc_r)
/usr/lib/gcc/arm-none-eabi/10.3.1/../../../arm-none-eabi/lib/thumb/v6-m/nofp/libg.a(lib_a-memcmp.o)
                              CMakeFiles/sensing_unit.dir/tcp_server_new.c.obj (memcmp)
/usr/lib/gcc/arm-none-eabi/10.3.1/../../../arm-none-eabi/lib/thumb/v6-m/nofp/libg.a(lib_a-memmove.o)
                              CMakeFiles/sensing_unit.dir/opt/pico/pico-sdk/lib/lwip/src/core/def.c.obj (memmove)
/usr/lib/gcc/arm-none-eabi/10.3.1/../../../arm-none-eabi/lib/thumb/v6-m/nofp/libg.a(lib_a-mlock.o)
                              /usr/lib/gcc/arm-none-eabi/10.3.1/../../../arm-none-eabi/lib/thumb/v6-m/nofp/libg.a(lib_a-mallocr.o) (__malloc_lock)
/usr/lib/gcc/arm-none-eabi/10.3.1/../../../arm-none-eabi/lib/thumb/v6-m/nofp/libg.a(lib_a-realloc.o)
                              CMakeFiles/sensing_unit.dir/opt/pico/pico-sdk/src/rp2_common/pico_malloc/pico_malloc.c.obj (realloc)
/usr/lib/gcc/arm-none-eabi/10.3.1/../../../arm-none-eabi/lib/thumb/v6-m/nofp/libg.a(lib_a-reallocr.o)
                              /usr/lib/gcc/arm-none-eabi/10.3.1/../../../arm-none-eabi/lib/thumb/v6-m/nofp/libg.a(lib_a-realloc.o) (_realloc_r)
/usr/lib/gcc/arm-none-eabi/10.3.1/../../../arm-none-eabi/lib/thumb/v6-m/nofp/libg.a(lib_a-sbrkr.o)
                              /usr/lib/gcc/arm-none-eabi/10.3.1/../../../arm-none-eabi/lib/thumb/v6-m/nofp/libg.a(lib_a-mallocr.o) (_sbrk_r)
/usr/lib/gcc/arm-none-eabi/10.3.1/../../../arm-none-eabi/lib/thumb/v6-m/nofp/libg.a(lib_a-strlen-stub.o)
                              CMakeFiles/sensing_unit.dir/opt/pico/pico-sdk/src/rp2_common/pico_stdio/stdio.c.obj (strlen)
/usr/lib/gcc/arm-none-eabi/10.3.1/../../../arm-none-eabi/lib/thumb/v6-m/nofp/libg.a(lib_a-strncmp.o)
                              CMakeFiles/sensing_unit.dir/opt/pico/pico-sdk/lib/lwip/src/core/def.c.obj (strncmp)
/usr/lib/gcc/arm-none-eabi/10.3.1/../../../arm-none-eabi/lib/thumb/v6-m/nofp/libg.a(lib_a-strtol.o)
                              /usr/lib/gcc/arm-none-eabi/10.3.1/../../../arm-none-eabi/lib/thumb/v6-m/nofp/libg.a(lib_a-atoi.o) (_strtol_r)
/usr/lib/gcc/arm-none-eabi/10.3.1/../../../arm-none-eabi/lib/thumb/v6-m/nofp/libg.a(lib_a-__atexit.o)
                              /usr/lib/gcc/arm-none-eabi/10.3.1/../../../arm-none-eabi/lib/thumb/v6-m/nofp/libg.a(lib_a-atexit.o) (__register_exitproc)
/usr/lib/gcc/arm-none-eabi/10.3.1/../../../arm-none-eabi/lib/thumb/v6-m/nofp/libg.a(lib_a-errno.o)
[...]
Memory Configuration

Name             Origin             Length             Attributes
FLASH            0x0000000010000000 0x00000000001fc000 xr
FLASH_PERSISTENT 0x00000000101fc000 0x0000000000004000 rw
RAM              0x0000000020000000 0x0000000000040000 xrw
SCRATCH_X        0x0000000020040000 0x0000000000001000 xrw
SCRATCH_Y        0x0000000020041000 0x0000000000001000 xrw
*default*        0x0000000000000000 0xffffffffffffffff

Linker script and memory map

LOAD /usr/lib/gcc/arm-none-eabi/10.3.1/thumb/v6-m/nofp/crti.o
LOAD /usr/lib/gcc/arm-none-eabi/10.3.1/thumb/v6-m/nofp/crtbegin.o
LOAD /usr/lib/gcc/arm-none-eabi/10.3.1/../../../arm-none-eabi/lib/thumb/v6-m/nofp/crt0.o
                0x0000000000004000                __PERSISTENT_STORAGE_LEN = 0x4000

.flash_begin    0x0000000010000000        0x0
                0x0000000010000000                __flash_binary_start = .

.boot2          0x0000000010000000      0x100
                0x0000000010000000                __boot2_start__ = .
 *(.boot2)
 .boot2         0x0000000010000000      0x100 /tmp/ccLTLPSt.o
                0x0000000010000100                __boot2_end__ = .
                0x0000000000000001                ASSERT (((__boot2_end__ - __boot2_start__) == 0x100), ERROR: Pico second stage bootloader must be 256 bytes in size)

.text           0x0000000010000100    0x172f8
                0x0000000010000100                __logical_binary_start = .
 *(.vectors)
 .vectors       0x0000000010000100       0xd4 CMakeFiles/sensing_unit.dir/opt/pico/pico-sdk/src/rp2_common/pico_standard_link/crt0.S.obj
                0x0000000010000100                __vectors
                0x0000000010000100                __VECTOR_TABLE
                0x00000000100001c0                isr_invalid
                0x00000000100001c0                __default_isrs_start
                0x00000000100001c2                isr_nmi
                0x00000000100001c4                isr_hardfault
                0x00000000100001c6                isr_svcall
                0x00000000100001c8                isr_pendsv
                0x00000000100001ca                isr_systick
                0x00000000100001cc                isr_irq30
                0x00000000100001cc                __unhandled_user_irq
                0x00000000100001cc                isr_irq13
                0x00000000100001cc                isr_irq27
                0x00000000100001cc                isr_irq31
                0x00000000100001cc                isr_irq5
                0x00000000100001cc                isr_irq11
                0x00000000100001cc                isr_irq23
                0x00000000100001cc                isr_irq18
                0x00000000100001cc                isr_irq28
                0x00000000100001cc                isr_irq19
                0x00000000100001cc                isr_irq0
                0x00000000100001cc                isr_irq6
                0x00000000100001cc                isr_irq22
                0x00000000100001cc                isr_irq17
                0x00000000100001cc                isr_irq14
                0x00000000100001cc                isr_irq2
                0x00000000100001cc                isr_irq10
                0x00000000100001cc                isr_irq8
                0x00000000100001cc                isr_irq24
                0x00000000100001cc                isr_irq1
                0x00000000100001cc                isr_irq7
                0x00000000100001cc                isr_irq21
                0x00000000100001cc                isr_irq20
                0x00000000100001cc                isr_irq15
                0x00000000100001cc                isr_irq25
                0x00000000100001cc                isr_irq4
                0x00000000100001cc                isr_irq16
                0x00000000100001cc                isr_irq29
                0x00000000100001cc                isr_irq26
                0x00000000100001cc                __default_isrs_end
                0x00000000100001cc                isr_irq3
                0x00000000100001cc                isr_irq12
                0x00000000100001cc                isr_irq9
                0x00000000100001d2                unhandled_user_irq_num_in_r0
 *(.binary_info_header)
 .binary_info_header
                0x00000000100001d4       0x14 CMakeFiles/sensing_unit.dir/opt/pico/pico-sdk/src/rp2_common/pico_standard_link/crt0.S.obj
                0x00000000100001e8                __binary_info_header_end = .
 *(.reset)
 .reset         0x00000000100001e8       0xa0 CMakeFiles/sensing_unit.dir/opt/pico/pico-sdk/src/rp2_common/pico_standard_link/crt0.S.obj
                0x00000000100001e8                _entry_point
 .reset         0x0000000010000288       0x30 CMakeFiles/sensing_unit.dir/opt/pico/pico-sdk/src/rp2_common/pico_standard_link/binary_info.c.obj
 *(.init)
 .init          0x00000000100002b8        0x4 /usr/lib/gcc/arm-none-eabi/10.3.1/thumb/v6-m/nofp/crti.o
                0x00000000100002b8                _init
 *(EXCLUDE_FILE(*libm.a: *libc.a:*lib_a-mem*.o *libgcc.a:) .text*)
 .text          0x00000000100002bc       0x98 /usr/lib/gcc/arm-none-eabi/10.3.1/thumb/v6-m/nofp/crtbegin.o
 .text.resetADE
                0x0000000010000354       0x1e CMakeFiles/sensing_unit.dir/ADE9000API_RP2040.c.obj
                0x0000000010000354                resetADE
 .text.SPI_Write_16
                0x0000000010000372       0x38 CMakeFiles/sensing_unit.dir/ADE9000API_RP2040.c.obj
                0x0000000010000372                SPI_Write_16
 .text.SPI_Write_32
                0x00000000100003aa       0x52 CMakeFiles/sensing_unit.dir/ADE9000API_RP2040.c.obj
                0x00000000100003aa                SPI_Write_32
 .text.SetupADE9000
                0x00000000100003fc      0x114 CMakeFiles/sensing_unit.dir/ADE9000API_RP2040.c.obj
                0x00000000100003fc                SetupADE9000
 .text.SPI_Read_16
                0x0000000010000510       0x38 CMakeFiles/sensing_unit.dir/ADE9000API_RP2040.c.obj
                0x0000000010000510                SPI_Read_16
 .text.SPI_Read_32
                0x0000000010000548       0x5a CMakeFiles/sensing_unit.dir/ADE9000API_RP2040.c.obj
                0x0000000010000548                SPI_Read_32
 .text.ReadActivePowerRegs
                0x00000000100005a2       0x30 CMakeFiles/sensing_unit.dir/ADE9000API_RP2040.c.obj
                0x00000000100005a2                ReadActivePowerRegs
 *fill*         0x00000000100005d2        0x2 
 .text.ReadVoltageRMSRegs
                0x00000000100005d4       0x38 CMakeFiles/sensing_unit.dir/ADE9000API_RP2040.c.obj
                0x00000000100005d4                ReadVoltageRMSRegs
 .text.ReadCurrentRMSRegs
                0x000000001000060c       0x40 CMakeFiles/sensing_unit.dir/ADE9000API_RP2040.c.obj
                0x000000001000060c                ReadCurrentRMSRegs
 .text.read_byte
                0x000000001000064c       0x1c CMakeFiles/sensing_unit.dir/bme280.c.obj
 .text.write_byte
                0x0000000010000668       0x20 CMakeFiles/sensing_unit.dir/bme280.c.obj
 .text.read_block
                0x0000000010000688       0x1a CMakeFiles/sensing_unit.dir/bme280.c.obj
 .text.check_chip_id
                0x00000000100006a2       0x3e CMakeFiles/sensing_unit.dir/bme280.c.obj
 .text.soft_reset
                0x00000000100006e0        0xc CMakeFiles/sensing_unit.dir/bme280.c.obj
 .text.wait_for_calibration_data
                0x00000000100006ec       0x3e CMakeFiles/sensing_unit.dir/bme280.c.obj
 .text.read_uint16_le
                0x000000001000072a        0xc CMakeFiles/sensing_unit.dir/bme280.c.obj
 .text.read_int16_le
                0x0000000010000736        0xe CMakeFiles/sensing_unit.dir/bme280.c.obj
 .text.read_calibration_data
                0x0000000010000744       0xe8 CMakeFiles/sensing_unit.dir/bme280.c.obj
 .text.configure_settings
                0x000000001000082c       0x96 CMakeFiles/sensing_unit.dir/bme280.c.obj
 .text.read_raw_data
                0x00000000100008c2       0x54 CMakeFiles/sensing_unit.dir/bme280.c.obj
 .text.compensate_temperature
                0x0000000010000916       0x82 CMakeFiles/sensing_unit.dir/bme280.c.obj
 .text.compensate_pressure
                0x0000000010000998      0x180 CMakeFiles/sensing_unit.dir/bme280.c.obj
 .text.compensate_humidity
                0x0000000010000b18       0xec CMakeFiles/sensing_unit.dir/bme280.c.obj
 .text.bme280_init_struct
                0x0000000010000c04       0x1a CMakeFiles/sensing_unit.dir/bme280.c.obj
                0x0000000010000c04                bme280_init_struct
 *fill*         0x0000000010000c1e        0x2 
 .text.bme280_read
                0x0000000010000c20       0xc4 CMakeFiles/sensing_unit.dir/bme280.c.obj
                0x0000000010000c20                bme280_read
 .text.bme280_maximum_measurement_time
                0x0000000010000ce4       0x7c CMakeFiles/sensing_unit.dir/bme280.c.obj
                0x0000000010000ce4                bme280_maximum_measurement_time
 .text.bme280_init
                0x0000000010000d60       0x5c CMakeFiles/sensing_unit.dir/bme280.c.obj
                0x0000000010000d60                bme280_init
 .text.pico_sdk_delay_ms
                0x0000000010000dbc        0x8 CMakeFiles/sensing_unit.dir/blocking.c.obj
 .text.pico_sdk_i2c_write
                0x0000000010000dc4       0x54 CMakeFiles/sensing_unit.dir/blocking.c.obj
 .text.pico_sdk_i2c_read
                0x0000000010000e18       0x4a CMakeFiles/sensing_unit.dir/blocking.c.obj
 *fill*         0x0000000010000e62        0x2 
 .text.tcp_server_poll
                0x0000000010000e64       0x10 CMakeFiles/sensing_unit.dir/tcp_server_new.c.obj
                0x0000000010000e64                tcp_server_poll
 .text.tcp_server_sent
                0x0000000010000e74       0x34 CMakeFiles/sensing_unit.dir/tcp_server_new.c.obj
                0x0000000010000e74                tcp_server_sent
 .text.tcp_server_init
                0x0000000010000ea8       0x28 CMakeFiles/sensing_unit.dir/tcp_server_new.c.obj
                0x0000000010000ea8                tcp_server_init
 .text.tcp_server_close
                0x0000000010000ed0       0x80 CMakeFiles/sensing_unit.dir/tcp_server_new.c.obj
                0x0000000010000ed0                tcp_server_close
 .text.tcp_server_result
                0x0000000010000f50       0x20 CMakeFiles/sensing_unit.dir/tcp_server_new.c.obj
                0x0000000010000f50                tcp_server_result
 .text.tcp_server_recv
                0x0000000010000f70       0xcc CMakeFiles/sensing_unit.dir/tcp_server_new.c.obj
                0x0000000010000f70                tcp_server_recv
 .text.tcp_server_err
                0x000000001000103c       0x24 CMakeFiles/sensing_unit.dir/tcp_server_new.c.obj
                0x000000001000103c                tcp_server_err
 .text.tcp_server_accept
                0x0000000010001060       0x70 CMakeFiles/sensing_unit.dir/tcp_server_new.c.obj
                0x0000000010001060                tcp_server_accept
 .text.tcp_server_open
                0x00000000100010d0       0x88 CMakeFiles/sensing_unit.dir/tcp_server_new.c.obj
                0x00000000100010d0                tcp_server_open
 .text.tcp_restart
                0x0000000010001158       0x50 CMakeFiles/sensing_unit.dir/tcp_server_new.c.obj
                0x0000000010001158                tcp_restart
 .text.tcp_server_send_data
                0x00000000100011a8       0xa4 CMakeFiles/sensing_unit.dir/tcp_server_new.c.obj
                0x00000000100011a8                tcp_server_send_data
 .text.scan_result
                0x000000001000124c       0x5c CMakeFiles/sensing_unit.dir/main.c.obj
 .text.get_absolute_time
                0x00000000100012a8       0x2c CMakeFiles/sensing_unit.dir/main.c.obj
 .text.reserved_addr
                0x00000000100012d4       0x1a CMakeFiles/sensing_unit.dir/main.c.obj
                0x00000000100012d4                reserved_addr
 *fill*         0x00000000100012ee        0x2 
 .text.getData  0x00000000100012f0      0x434 CMakeFiles/sensing_unit.dir/main.c.obj
                0x00000000100012f0                getData
 .text.main     0x0000000010001724      0x3f0 CMakeFiles/sensing_unit.dir/main.c.obj
                0x0000000010001724                main
 .text.gpio_set_function
                0x0000000010001b14       0x30 CMakeFiles/sensing_unit.dir/opt/pico/pico-sdk/src/rp2_common/hardware_gpio/gpio.c.obj
                0x0000000010001b14                gpio_set_function
 .text.gpio_set_pulls
                0x0000000010001b44       0x34 CMakeFiles/sensing_unit.dir/opt/pico/pico-sdk/src/rp2_common/hardware_gpio/gpio.c.obj
                0x0000000010001b44                gpio_set_pulls
 .text.gpio_set_input_hysteresis_enabled
                0x0000000010001b78       0x30 CMakeFiles/sensing_unit.dir/opt/pico/pico-sdk/src/rp2_common/hardware_gpio/gpio.c.obj
                0x0000000010001b78                gpio_set_input_hysteresis_enabled
 .text.gpio_add_raw_irq_handler_with_order_priority_masked
                0x0000000010001ba8       0x40 CMakeFiles/sensing_unit.dir/opt/pico/pico-sdk/src/rp2_common/hardware_gpio/gpio.c.obj
                0x0000000010001ba8                gpio_add_raw_irq_handler_with_order_priority_masked
 .text.gpio_remove_raw_irq_handler_masked
                0x0000000010001be8       0x48 CMakeFiles/sensing_unit.dir/opt/pico/pico-sdk/src/rp2_common/hardware_gpio/gpio.c.obj
                0x0000000010001be8                gpio_remove_raw_irq_handler_masked
 .text.gpio_acknowledge_irq
                0x0000000010001c30       0x18 CMakeFiles/sensing_unit.dir/opt/pico/pico-sdk/src/rp2_common/hardware_gpio/gpio.c.obj
                0x0000000010001c30                gpio_acknowledge_irq
 .text._gpio_set_irq_enabled
                0x0000000010001c48       0x34 CMakeFiles/sensing_unit.dir/opt/pico/pico-sdk/src/rp2_common/hardware_gpio/gpio.c.obj
 .text.gpio_set_irq_enabled
                0x0000000010001c7c       0x20 CMakeFiles/sensing_unit.dir/opt/pico/pico-sdk/src/rp2_common/hardware_gpio/gpio.c.obj
                0x0000000010001c7c                gpio_set_irq_enabled
 .text.gpio_init
                0x0000000010001c9c       0x16 CMakeFiles/sensing_unit.dir/opt/pico/pico-sdk/src/rp2_common/hardware_gpio/gpio.c.obj
                0x0000000010001c9c                gpio_init
 *fill*         0x0000000010001cb2        0x2 
 .text.running_on_fpga
                0x0000000010001cb4       0x14 CMakeFiles/sensing_unit.dir/opt/pico/pico-sdk/src/rp2_common/pico_platform/platform.c.obj
                0x0000000010001cb4                running_on_fpga
 .text.hw_claim_lock
                0x0000000010001cc8       0x18 CMakeFiles/sensing_unit.dir/opt/pico/pico-sdk/src/rp2_common/hardware_claim/claim.c.obj
                0x0000000010001cc8                hw_claim_lock
 .text.hw_claim_unlock
                0x0000000010001ce0       0x14 CMakeFiles/sensing_unit.dir/opt/pico/pico-sdk/src/rp2_common/hardware_claim/claim.c.obj
                0x0000000010001ce0                hw_claim_unlock
 .text.hw_claim_or_assert
                0x0000000010001cf4       0x32 CMakeFiles/sensing_unit.dir/opt/pico/pico-sdk/src/rp2_common/hardware_claim/claim.c.obj
                0x0000000010001cf4                hw_claim_or_assert
 .text.hw_claim_unused_from_range
                0x0000000010001d26       0x50 CMakeFiles/sensing_unit.dir/opt/pico/pico-sdk/src/rp2_common/hardware_claim/claim.c.obj
                0x0000000010001d26                hw_claim_unused_from_range
 *fill*         0x0000000010001d76        0x2 
 .text.hw_claim_clear
                0x0000000010001d78       0x40 CMakeFiles/sensing_unit.dir/opt/pico/pico-sdk/src/rp2_common/hardware_claim/claim.c.obj
                0x0000000010001d78                hw_claim_clear
 .text.spin_locks_reset
                0x0000000010001db8       0x20 CMakeFiles/sensing_unit.dir/opt/pico/pico-sdk/src/rp2_common/hardware_sync/sync.c.obj
                0x0000000010001db8                spin_locks_reset
 .text.next_striped_spin_lock_num
                0x0000000010001dd8       0x1c CMakeFiles/sensing_unit.dir/opt/pico/pico-sdk/src/rp2_common/hardware_sync/sync.c.obj
                0x0000000010001dd8                next_striped_spin_lock_num
 .text.spin_lock_claim_unused
                0x0000000010001df4       0x20 CMakeFiles/sensing_unit.dir/opt/pico/pico-sdk/src/rp2_common/hardware_sync/sync.c.obj
                0x0000000010001df4                spin_lock_claim_unused
 .text.set_raw_irq_handler_and_unlock
                0x0000000010001e14       0x28 CMakeFiles/sensing_unit.dir/opt/pico/pico-sdk/src/rp2_common/hardware_irq/irq.c.obj
 .text.get_user_irq_claim_index
                0x0000000010001e3c        0x6 CMakeFiles/sensing_unit.dir/opt/pico/pico-sdk/src/rp2_common/hardware_irq/irq.c.obj
 *fill*         0x0000000010001e42        0x2 
 .text.make_branch
                0x0000000010001e44       0x48 CMakeFiles/sensing_unit.dir/opt/pico/pico-sdk/src/rp2_common/hardware_irq/irq.c.obj
 .text.insert_branch_and_link
                0x0000000010001e8c       0x40 CMakeFiles/sensing_unit.dir/opt/pico/pico-sdk/src/rp2_common/hardware_irq/irq.c.obj
 .text.irq_is_enabled
                0x0000000010001ecc       0x18 CMakeFiles/sensing_unit.dir/opt/pico/pico-sdk/src/rp2_common/hardware_irq/irq.c.obj
                0x0000000010001ecc                irq_is_enabled
 .text.irq_set_mask_enabled
                0x0000000010001ee4       0x20 CMakeFiles/sensing_unit.dir/opt/pico/pico-sdk/src/rp2_common/hardware_irq/irq.c.obj
                0x0000000010001ee4                irq_set_mask_enabled
 .text.irq_set_enabled
                0x0000000010001f04        0xe CMakeFiles/sensing_unit.dir/opt/pico/pico-sdk/src/rp2_common/hardware_irq/irq.c.obj
                0x0000000010001f04                irq_set_enabled
 *fill*         0x0000000010001f12        0x2 
 .text.irq_set_pending
                0x0000000010001f14       0x10 CMakeFiles/sensing_unit.dir/opt/pico/pico-sdk/src/rp2_common/hardware_irq/irq.c.obj
                0x0000000010001f14                irq_set_pending
 .text.irq_get_vtable_handler
                0x0000000010001f24       0x10 CMakeFiles/sensing_unit.dir/opt/pico/pico-sdk/src/rp2_common/hardware_irq/irq.c.obj
                0x0000000010001f24                irq_get_vtable_handler
 .text.irq_has_shared_handler
                0x0000000010001f34       0x24 CMakeFiles/sensing_unit.dir/opt/pico/pico-sdk/src/rp2_common/hardware_irq/irq.c.obj
                0x0000000010001f34                irq_has_shared_handler
 .text.irq_set_exclusive_handler
                0x0000000010001f58       0x54 CMakeFiles/sensing_unit.dir/opt/pico/pico-sdk/src/rp2_common/hardware_irq/irq.c.obj
                0x0000000010001f58                irq_set_exclusive_handler
 .text.irq_add_shared_handler
                0x0000000010001fac      0x234 CMakeFiles/sensing_unit.dir/opt/pico/pico-sdk/src/rp2_common/hardware_irq/irq.c.obj
                0x0000000010001fac                irq_add_shared_handler
 .text.irq_remove_handler
                0x00000000100021e0      0x1ac CMakeFiles/sensing_unit.dir/opt/pico/pico-sdk/src/rp2_common/hardware_irq/irq.c.obj
                0x00000000100021e0                irq_remove_handler
 .text.irq_set_priority
                0x000000001000238c       0x28 CMakeFiles/sensing_unit.dir/opt/pico/pico-sdk/src/rp2_common/hardware_irq/irq.c.obj
                0x000000001000238c                irq_set_priority
 .text.irq_add_tail_to_free_list
                0x00000000100023b4       0xf0 CMakeFiles/sensing_unit.dir/opt/pico/pico-sdk/src/rp2_common/hardware_irq/irq.c.obj
                0x00000000100023b4                irq_add_tail_to_free_list
 .text.irq_init_priorities
                0x00000000100024a4       0x1c CMakeFiles/sensing_unit.dir/opt/pico/pico-sdk/src/rp2_common/hardware_irq/irq.c.obj
                0x00000000100024a4                irq_init_priorities
 .text.user_irq_unclaim
                0x00000000100024c0       0x14 CMakeFiles/sensing_unit.dir/opt/pico/pico-sdk/src/rp2_common/hardware_irq/irq.c.obj
                0x00000000100024c0                user_irq_unclaim
 .text.user_irq_claim_unused
                0x00000000100024d4       0x28 CMakeFiles/sensing_unit.dir/opt/pico/pico-sdk/src/rp2_common/hardware_irq/irq.c.obj
                0x00000000100024d4                user_irq_claim_unused
 .text.sem_init
                0x00000000100024fc       0x1e CMakeFiles/sensing_unit.dir/opt/pico/pico-sdk/src/common/pico_sync/sem.c.obj
                0x00000000100024fc                sem_init
 *fill*         0x000000001000251a        0x2 
 .text.lock_init
                0x000000001000251c       0x10 CMakeFiles/sensing_unit.dir/opt/pico/pico-sdk/src/common/pico_sync/lock_core.c.obj
                0x000000001000251c                lock_init
 .text.mutex_init
                0x000000001000252c       0x1a CMakeFiles/sensing_unit.dir/opt/pico/pico-sdk/src/common/pico_sync/mutex.c.obj
                0x000000001000252c                mutex_init
 .text.recursive_mutex_init
                0x0000000010002546       0x1e CMakeFiles/sensing_unit.dir/opt/pico/pico-sdk/src/common/pico_sync/mutex.c.obj
                0x0000000010002546                recursive_mutex_init
 .text.critical_section_init_with_lock_num
                0x0000000010002564       0x14 CMakeFiles/sensing_unit.dir/opt/pico/pico-sdk/src/common/pico_sync/critical_section.c.obj
                0x0000000010002564                critical_section_init_with_lock_num
 .text.critical_section_init
                0x0000000010002578       0x14 CMakeFiles/sensing_unit.dir/opt/pico/pico-sdk/src/common/pico_sync/critical_section.c.obj
                0x0000000010002578                critical_section_init
 .text.alarm_pool_post_alloc_init
                0x000000001000258c       0x40 CMakeFiles/sensing_unit.dir/opt/pico/pico-sdk/src/common/pico_time/time.c.obj
 .text.sleep_until_callback
                0x00000000100025cc       0x30 CMakeFiles/sensing_unit.dir/opt/pico/pico-sdk/src/common/pico_time/time.c.obj
 .text.timer_pool_entry_comparator
                0x00000000100025fc       0x7c CMakeFiles/sensing_unit.dir/opt/pico/pico-sdk/src/common/pico_time/time.c.obj
                0x00000000100025fc                timer_pool_entry_comparator
 .text.ph_add_child_node
                0x0000000010002678       0xa4 CMakeFiles/sensing_unit.dir/opt/pico/pico-sdk/src/common/pico_time/time.c.obj
 .text.ph_merge_nodes
                0x000000001000271c       0x3e CMakeFiles/sensing_unit.dir/opt/pico/pico-sdk/src/common/pico_time/time.c.obj
 *fill*         0x000000001000275a        0x2 
 .text.add_alarm_under_lock
                0x000000001000275c      0x174 CMakeFiles/sensing_unit.dir/opt/pico/pico-sdk/src/common/pico_time/time.c.obj
 .text.alarm_pool_alarm_callback
                0x00000000100028d0      0x33c CMakeFiles/sensing_unit.dir/opt/pico/pico-sdk/src/common/pico_time/time.c.obj
 .text.alarm_pool_init_default
                0x0000000010002c0c       0x40 CMakeFiles/sensing_unit.dir/opt/pico/pico-sdk/src/common/pico_time/time.c.obj
                0x0000000010002c0c                alarm_pool_init_default
 .text.alarm_pool_get_default
                0x0000000010002c4c       0x2c CMakeFiles/sensing_unit.dir/opt/pico/pico-sdk/src/common/pico_time/time.c.obj
                0x0000000010002c4c                alarm_pool_get_default
 .text.alarm_pool_create_with_unused_hardware_alarm
                0x0000000010002c78       0x44 CMakeFiles/sensing_unit.dir/opt/pico/pico-sdk/src/common/pico_time/time.c.obj
                0x0000000010002c78                alarm_pool_create_with_unused_hardware_alarm
 .text.alarm_pool_destroy
                0x0000000010002cbc       0x78 CMakeFiles/sensing_unit.dir/opt/pico/pico-sdk/src/common/pico_time/time.c.obj
                0x0000000010002cbc                alarm_pool_destroy
 .text.alarm_pool_add_alarm_at
                0x0000000010002d34      0x168 CMakeFiles/sensing_unit.dir/opt/pico/pico-sdk/src/common/pico_time/time.c.obj
                0x0000000010002d34                alarm_pool_add_alarm_at
 .text.alarm_pool_add_alarm_at_force_in_context
                0x0000000010002e9c       0xa4 CMakeFiles/sensing_unit.dir/opt/pico/pico-sdk/src/common/pico_time/time.c.obj
                0x0000000010002e9c                alarm_pool_add_alarm_at_force_in_context
 .text.alarm_pool_cancel_alarm
                0x0000000010002f40       0xf8 CMakeFiles/sensing_unit.dir/opt/pico/pico-sdk/src/common/pico_time/time.c.obj
                0x0000000010002f40                alarm_pool_cancel_alarm
 .text.alarm_pool_core_num
                0x0000000010003038        0x4 CMakeFiles/sensing_unit.dir/opt/pico/pico-sdk/src/common/pico_time/time.c.obj
                0x0000000010003038                alarm_pool_core_num
 .text.sleep_until
                0x000000001000303c       0xfc CMakeFiles/sensing_unit.dir/opt/pico/pico-sdk/src/common/pico_time/time.c.obj
                0x000000001000303c                sleep_until
 .text.sleep_us
                0x0000000010003138       0x58 CMakeFiles/sensing_unit.dir/opt/pico/pico-sdk/src/common/pico_time/time.c.obj
                0x0000000010003138                sleep_us
 .text.sleep_ms
                0x0000000010003190       0x14 CMakeFiles/sensing_unit.dir/opt/pico/pico-sdk/src/common/pico_time/time.c.obj
                0x0000000010003190                sleep_ms
 .text.best_effort_wfe_or_timeout
                0x00000000100031a4       0xac CMakeFiles/sensing_unit.dir/opt/pico/pico-sdk/src/common/pico_time/time.c.obj
                0x00000000100031a4                best_effort_wfe_or_timeout
 .text.check_single_timeout_us
                0x0000000010003250       0x2c CMakeFiles/sensing_unit.dir/opt/pico/pico-sdk/src/common/pico_time/timeout_helper.c.obj
 .text.init_single_timeout_until
                0x000000001000327c        0xc CMakeFiles/sensing_unit.dir/opt/pico/pico-sdk/src/common/pico_time/timeout_helper.c.obj
                0x000000001000327c                init_single_timeout_until
 .text.hardware_alarm_irq_handler
                0x0000000010003288       0x90 CMakeFiles/sensing_unit.dir/opt/pico/pico-sdk/src/rp2_common/hardware_timer/timer.c.obj
 .text.hardware_alarm_claim
                0x0000000010003318       0x18 CMakeFiles/sensing_unit.dir/opt/pico/pico-sdk/src/rp2_common/hardware_timer/timer.c.obj
                0x0000000010003318                hardware_alarm_claim
 .text.hardware_alarm_unclaim
                0x0000000010003330       0x10 CMakeFiles/sensing_unit.dir/opt/pico/pico-sdk/src/rp2_common/hardware_timer/timer.c.obj
                0x0000000010003330                hardware_alarm_unclaim
 .text.hardware_alarm_claim_unused
                0x0000000010003340       0x20 CMakeFiles/sensing_unit.dir/opt/pico/pico-sdk/src/rp2_common/hardware_timer/timer.c.obj
                0x0000000010003340                hardware_alarm_claim_unused
 .text.time_us_64
                0x0000000010003360       0x18 CMakeFiles/sensing_unit.dir/opt/pico/pico-sdk/src/rp2_common/hardware_timer/timer.c.obj
                0x0000000010003360                time_us_64
 .text.busy_wait_until
                0x0000000010003378       0x28 CMakeFiles/sensing_unit.dir/opt/pico/pico-sdk/src/rp2_common/hardware_timer/timer.c.obj
                0x0000000010003378                busy_wait_until
 .text.hardware_alarm_set_callback
                0x00000000100033a0       0x90 CMakeFiles/sensing_unit.dir/opt/pico/pico-sdk/src/rp2_common/hardware_timer/timer.c.obj
                0x00000000100033a0                hardware_alarm_set_callback
 .text.hardware_alarm_set_target
                0x0000000010003430       0xe8 CMakeFiles/sensing_unit.dir/opt/pico/pico-sdk/src/rp2_common/hardware_timer/timer.c.obj
                0x0000000010003430                hardware_alarm_set_target
 .text.hardware_alarm_cancel
                0x0000000010003518       0x40 CMakeFiles/sensing_unit.dir/opt/pico/pico-sdk/src/rp2_common/hardware_timer/timer.c.obj
                0x0000000010003518                hardware_alarm_cancel
 .text.hardware_alarm_force_irq
                0x0000000010003558       0x40 CMakeFiles/sensing_unit.dir/opt/pico/pico-sdk/src/rp2_common/hardware_timer/timer.c.obj
                0x0000000010003558                hardware_alarm_force_irq
 .text.ph_add_child_node
                0x0000000010003598       0xa4 CMakeFiles/sensing_unit.dir/opt/pico/pico-sdk/src/common/pico_util/pheap.c.obj
 .text.ph_merge_nodes
                0x000000001000363c       0x3e CMakeFiles/sensing_unit.dir/opt/pico/pico-sdk/src/common/pico_util/pheap.c.obj
 *fill*         0x000000001000367a        0x2 
 .text.ph_clear
                0x000000001000367c       0x70 CMakeFiles/sensing_unit.dir/opt/pico/pico-sdk/src/common/pico_util/pheap.c.obj
                0x000000001000367c                ph_clear
 .text.ph_post_alloc_init
                0x00000000100036ec        0xe CMakeFiles/sensing_unit.dir/opt/pico/pico-sdk/src/common/pico_util/pheap.c.obj
                0x00000000100036ec                ph_post_alloc_init
 .text.ph_create
                0x00000000100036fa       0x2c CMakeFiles/sensing_unit.dir/opt/pico/pico-sdk/src/common/pico_util/pheap.c.obj
                0x00000000100036fa                ph_create
 .text.ph_destroy
                0x0000000010003726       0x12 CMakeFiles/sensing_unit.dir/opt/pico/pico-sdk/src/common/pico_util/pheap.c.obj
                0x0000000010003726                ph_destroy
 .text.ph_merge_two_pass
                0x0000000010003738       0xa8 CMakeFiles/sensing_unit.dir/opt/pico/pico-sdk/src/common/pico_util/pheap.c.obj
                0x0000000010003738                ph_merge_two_pass
 .text.ph_remove_any_head
                0x00000000100037e0      0x128 CMakeFiles/sensing_unit.dir/opt/pico/pico-sdk/src/common/pico_util/pheap.c.obj
 .text.ph_remove_head
                0x0000000010003908       0x14 CMakeFiles/sensing_unit.dir/opt/pico/pico-sdk/src/common/pico_util/pheap.c.obj
                0x0000000010003908                ph_remove_head
 .text.ph_remove_and_free_node
                0x000000001000391c       0xf8 CMakeFiles/sensing_unit.dir/opt/pico/pico-sdk/src/common/pico_util/pheap.c.obj
                0x000000001000391c                ph_remove_and_free_node
 .text.clock_configure
                0x0000000010003a14      0x108 CMakeFiles/sensing_unit.dir/opt/pico/pico-sdk/src/rp2_common/hardware_clocks/clocks.c.obj
                0x0000000010003a14                clock_configure
 .text.clocks_init
                0x0000000010003b1c      0x100 CMakeFiles/sensing_unit.dir/opt/pico/pico-sdk/src/rp2_common/hardware_clocks/clocks.c.obj
                0x0000000010003b1c                clocks_init
 .text.clock_get_hz
                0x0000000010003c1c        0xc CMakeFiles/sensing_unit.dir/opt/pico/pico-sdk/src/rp2_common/hardware_clocks/clocks.c.obj
                0x0000000010003c1c                clock_get_hz
 .text.pll_init
                0x0000000010003c28      0x120 CMakeFiles/sensing_unit.dir/opt/pico/pico-sdk/src/rp2_common/hardware_pll/pll.c.obj
                0x0000000010003c28                pll_init
 .text.watchdog_start_tick
                0x0000000010003d48       0x10 CMakeFiles/sensing_unit.dir/opt/pico/pico-sdk/src/rp2_common/hardware_watchdog/watchdog.c.obj
                0x0000000010003d48                watchdog_start_tick
 .text.watchdog_update
                0x0000000010003d58       0x14 CMakeFiles/sensing_unit.dir/opt/pico/pico-sdk/src/rp2_common/hardware_watchdog/watchdog.c.obj
                0x0000000010003d58                watchdog_update
 .text._watchdog_enable
                0x0000000010003d6c       0x78 CMakeFiles/sensing_unit.dir/opt/pico/pico-sdk/src/rp2_common/hardware_watchdog/watchdog.c.obj
                0x0000000010003d6c                _watchdog_enable
 .text.watchdog_reboot
                0x0000000010003de4       0x48 CMakeFiles/sensing_unit.dir/opt/pico/pico-sdk/src/rp2_common/hardware_watchdog/watchdog.c.obj
                0x0000000010003de4                watchdog_reboot
 .text.xosc_init
                0x0000000010003e2c       0x28 CMakeFiles/sensing_unit.dir/opt/pico/pico-sdk/src/rp2_common/hardware_xosc/xosc.c.obj
                0x0000000010003e2c                xosc_init
 .text._exit    0x0000000010003e54        0x4 CMakeFiles/sensing_unit.dir/opt/pico/pico-sdk/src/rp2_common/pico_runtime/runtime.c.obj
                0x0000000010003e54                _exit
 .text._sbrk    0x0000000010003e58       0x38 CMakeFiles/sensing_unit.dir/opt/pico/pico-sdk/src/rp2_common/pico_runtime/runtime.c.obj
                0x0000000010003e58                _sbrk
 .text.exit     0x0000000010003e90        0x6 CMakeFiles/sensing_unit.dir/opt/pico/pico-sdk/src/rp2_common/pico_runtime/runtime.c.obj
                0x0000000010003e90                exit
 *fill*         0x0000000010003e96        0x2 
 .text.__assert_func
                0x0000000010003e98       0x3c CMakeFiles/sensing_unit.dir/opt/pico/pico-sdk/src/rp2_common/pico_runtime/runtime.c.obj
                0x0000000010003e98                __assert_func
 .text.runtime_init
                0x0000000010003ed4       0xf8 CMakeFiles/sensing_unit.dir/opt/pico/pico-sdk/src/rp2_common/pico_runtime/runtime.c.obj
                0x0000000010003ed4                runtime_init
 .text.panic    0x0000000010003fcc       0x30 CMakeFiles/sensing_unit.dir/opt/pico/pico-sdk/src/rp2_common/pico_runtime/runtime.c.obj
                0x0000000010003fcc                panic
 .text.panic_unsupported
                0x0000000010003ffc        0xc CMakeFiles/sensing_unit.dir/opt/pico/pico-sdk/src/rp2_common/pico_runtime/runtime.c.obj
                0x0000000010003ffc                panic_unsupported
 .text._out_null
                0x0000000010004008        0x2 CMakeFiles/sensing_unit.dir/opt/pico/pico-sdk/src/rp2_common/pico_printf/printf.c.obj
 .text._out_fct
                0x000000001000400a        0xe CMakeFiles/sensing_unit.dir/opt/pico/pico-sdk/src/rp2_common/pico_printf/printf.c.obj
 .text._atoi    0x0000000010004018       0x24 CMakeFiles/sensing_unit.dir/opt/pico/pico-sdk/src/rp2_common/pico_printf/printf.c.obj
 .text._out_rev
                0x000000001000403c       0xae CMakeFiles/sensing_unit.dir/opt/pico/pico-sdk/src/rp2_common/pico_printf/printf.c.obj
 .text._ntoa_format
                0x00000000100040ea      0x112 CMakeFiles/sensing_unit.dir/opt/pico/pico-sdk/src/rp2_common/pico_printf/printf.c.obj
 .text._ntoa_long
                0x00000000100041fc       0xbc CMakeFiles/sensing_unit.dir/opt/pico/pico-sdk/src/rp2_common/pico_printf/printf.c.obj
 .text._ntoa_long_long
                0x00000000100042b8       0xe2 CMakeFiles/sensing_unit.dir/opt/pico/pico-sdk/src/rp2_common/pico_printf/printf.c.obj
 *fill*         0x000000001000439a        0x2 
 .text._etoa    0x000000001000439c      0x414 CMakeFiles/sensing_unit.dir/opt/pico/pico-sdk/src/rp2_common/pico_printf/printf.c.obj
 .text._ftoa    0x00000000100047b0      0x354 CMakeFiles/sensing_unit.dir/opt/pico/pico-sdk/src/rp2_common/pico_printf/printf.c.obj
 .text._vsnprintf
                0x0000000010004b04      0x624 CMakeFiles/sensing_unit.dir/opt/pico/pico-sdk/src/rp2_common/pico_printf/printf.c.obj
 .text.vfctprintf
                0x0000000010005128       0x20 CMakeFiles/sensing_unit.dir/opt/pico/pico-sdk/src/rp2_common/pico_printf/printf.c.obj
                0x0000000010005128                vfctprintf
 .text          0x0000000010005148       0x10 CMakeFiles/sensing_unit.dir/opt/pico/pico-sdk/src/rp2_common/pico_bit_ops/bit_ops_aeabi.S.obj
 .text.ctzsi    0x0000000010005158        0xc CMakeFiles/sensing_unit.dir/opt/pico/pico-sdk/src/rp2_common/pico_bit_ops/bit_ops_aeabi.S.obj
                0x0000000010005158                __wrap___ctzsi2
 .text.rom_func_lookup
                0x0000000010005164       0x10 CMakeFiles/sensing_unit.dir/opt/pico/pico-sdk/src/rp2_common/pico_bootrom/bootrom.c.obj
                0x0000000010005164                rom_func_lookup
 .text.rom_data_lookup
                0x0000000010005174       0x10 CMakeFiles/sensing_unit.dir/opt/pico/pico-sdk/src/rp2_common/pico_bootrom/bootrom.c.obj
                0x0000000010005174                rom_data_lookup
 .text.rom_funcs_lookup
                0x0000000010005184       0x36 CMakeFiles/sensing_unit.dir/opt/pico/pico-sdk/src/rp2_common/pico_bootrom/bootrom.c.obj
                0x0000000010005184                rom_funcs_lookup
 *fill*         0x00000000100051ba        0x2 
 .text.__wrap___aeabi_idiv
                0x00000000100051bc       0x50 CMakeFiles/sensing_unit.dir/opt/pico/pico-sdk/src/rp2_common/pico_divider/divider.S.obj
                0x00000000100051bc                __wrap___aeabi_idivmod
                0x00000000100051bc                divmod_s32s32
                0x00000000100051bc                div_s32s32
                0x00000000100051bc                __wrap___aeabi_idiv
                0x00000000100051c4                divmod_s32s32_unsafe
                0x00000000100051f0                divmod_s32s32_savestate
 .text.__wrap___aeabi_uidiv
                0x000000001000520c       0x4c CMakeFiles/sensing_unit.dir/opt/pico/pico-sdk/src/rp2_common/pico_divider/divider.S.obj
                0x000000001000520c                __wrap___aeabi_uidiv
                0x000000001000520c                __wrap___aeabi_uidivmod
                0x000000001000520c                div_u32u32
                0x000000001000520c                divmod_u32u32
                0x0000000010005214                divmod_u32u32_unsafe
                0x000000001000523c                divmod_u32u32_savestate
 .text.__wrap___aeabi_ldiv
                0x0000000010005258      0x424 CMakeFiles/sensing_unit.dir/opt/pico/pico-sdk/src/rp2_common/pico_divider/divider.S.obj
                0x0000000010005258                div_s64s64
                0x0000000010005258                divmod_s64s64
                0x0000000010005258                __wrap___aeabi_ldivmod
                0x0000000010005288                div_u64u64
                0x0000000010005288                divmod_u64u64
                0x0000000010005288                __wrap___aeabi_uldivmod
                0x0000000010005298                divmod_u64u64_savestate
                0x00000000100052b8                divmod_s64s64_unsafe
                0x0000000010005340                divmod_u64u64_unsafe
 .text.__wrap___aeabi_darithmetic
                0x000000001000567c       0x60 CMakeFiles/sensing_unit.dir/opt/pico/pico-sdk/src/rp2_common/pico_double/double_aeabi.S.obj
                0x000000001000567c                __wrap___aeabi_drsub
                0x0000000010005682                __wrap___aeabi_dsub
                0x000000001000568c                __wrap___aeabi_dadd
                0x0000000010005696                __wrap___aeabi_ddiv
                0x00000000100056ca                __wrap___aeabi_dmul
 .text.__wrap___aeabi_cdcmple
                0x00000000100056dc       0x6c CMakeFiles/sensing_unit.dir/opt/pico/pico-sdk/src/rp2_common/pico_double/double_aeabi.S.obj
                0x00000000100056dc                __wrap___aeabi_cdrcmple
                0x00000000100056ec                __wrap___aeabi_cdcmple
                0x00000000100056ec                __wrap___aeabi_cdcmpeq
 .text.__wrap___aeabi_dcmplt
                0x0000000010005748        0xc CMakeFiles/sensing_unit.dir/opt/pico/pico-sdk/src/rp2_common/pico_double/double_aeabi.S.obj
                0x0000000010005748                __wrap___aeabi_dcmplt
 .text.__wrap___aeabi_dcmple
                0x0000000010005754       0x10 CMakeFiles/sensing_unit.dir/opt/pico/pico-sdk/src/rp2_common/pico_double/double_aeabi.S.obj
                0x0000000010005754                __wrap___aeabi_dcmple
 .text.__wrap___aeabi_dcmpge
                0x0000000010005764       0x10 CMakeFiles/sensing_unit.dir/opt/pico/pico-sdk/src/rp2_common/pico_double/double_aeabi.S.obj
                0x0000000010005764                __wrap___aeabi_dcmpge
 .text.__wrap___aeabi_dcmpgt
                0x0000000010005774        0xa CMakeFiles/sensing_unit.dir/opt/pico/pico-sdk/src/rp2_common/pico_double/double_aeabi.S.obj
                0x0000000010005774                __wrap___aeabi_dcmpgt
 .text.__wrap___aeabi_dcmpun
                0x000000001000577e       0x1c CMakeFiles/sensing_unit.dir/opt/pico/pico-sdk/src/rp2_common/pico_double/double_aeabi.S.obj
                0x000000001000577e                __wrap___aeabi_dcmpun
 *fill*         0x000000001000579a        0x2 
 .text.__wrap___aeabi_i2d
                0x000000001000579c       0x38 CMakeFiles/sensing_unit.dir/opt/pico/pico-sdk/src/rp2_common/pico_double/double_aeabi.S.obj
                0x000000001000579c                __wrap___aeabi_ui2d
                0x00000000100057a4                __wrap___aeabi_i2d
 .text.__wrap___aeabi_d2iz
                0x00000000100057d4       0x48 CMakeFiles/sensing_unit.dir/opt/pico/pico-sdk/src/rp2_common/pico_double/double_aeabi.S.obj
                0x00000000100057d4                __wrap___aeabi_d2iz
                0x00000000100057d4                double2int_z
 .text.__wrap___aeabi_d2uiz
                0x000000001000581c       0x10 CMakeFiles/sensing_unit.dir/opt/pico/pico-sdk/src/rp2_common/pico_double/double_aeabi.S.obj
                0x000000001000581c                double2uint
                0x000000001000581c                __wrap___aeabi_d2uiz
 .text.__wrap___aeabi_d2f
                0x000000001000582c       0x10 CMakeFiles/sensing_unit.dir/opt/pico/pico-sdk/src/rp2_common/pico_double/double_aeabi.S.obj
                0x000000001000582c                __wrap___aeabi_d2f
 .text.missing_double_func_shim
                0x000000001000583c        0xc CMakeFiles/sensing_unit.dir/opt/pico/pico-sdk/src/rp2_common/pico_double/double_init_rom.c.obj
 .text.__aeabi_double_init
                0x0000000010005848       0xcc CMakeFiles/sensing_unit.dir/opt/pico/pico-sdk/src/rp2_common/pico_double/double_init_rom.c.obj
                0x0000000010005848                __aeabi_double_init
 .text.double_table_shim_on_use_helper
                0x0000000010005914       0x34 CMakeFiles/sensing_unit.dir/opt/pico/pico-sdk/src/rp2_common/pico_double/double_v1_rom_shim.S.obj
                0x0000000010005914                double_table_shim_on_use_helper
 .text.__aeabi_lmul
                0x0000000010005948       0x32 CMakeFiles/sensing_unit.dir/opt/pico/pico-sdk/src/rp2_common/pico_int64_ops/pico_int64_ops_aeabi.S.obj
                0x0000000010005948                __wrap___aeabi_lmul
 *fill*         0x000000001000597a        0x2 
 .text.__wrap___aeabi_farithmetic
                0x000000001000597c       0x48 CMakeFiles/sensing_unit.dir/opt/pico/pico-sdk/src/rp2_common/pico_float/float_aeabi.S.obj
                0x000000001000597c                __wrap___aeabi_frsub
                0x0000000010005982                __wrap___aeabi_fsub
                0x0000000010005988                __wrap___aeabi_fadd
                0x000000001000598e                __wrap___aeabi_fdiv
                0x00000000100059b6                __wrap___aeabi_fmul
 .text.__wrap___aeabi_cfcmple
                0x00000000100059c4       0x50 CMakeFiles/sensing_unit.dir/opt/pico/pico-sdk/src/rp2_common/pico_float/float_aeabi.S.obj
                0x00000000100059c4                __wrap___aeabi_cfrcmple
                0x00000000100059d0                __wrap___aeabi_cfcmpeq
                0x00000000100059d0                __wrap___aeabi_cfcmple
 .text.__wrap___aeabi_fcmpeq
                0x0000000010005a14       0x10 CMakeFiles/sensing_unit.dir/opt/pico/pico-sdk/src/rp2_common/pico_float/float_aeabi.S.obj
                0x0000000010005a14                __wrap___aeabi_fcmpeq
 .text.__wrap___aeabi_fcmplt
                0x0000000010005a24        0xc CMakeFiles/sensing_unit.dir/opt/pico/pico-sdk/src/rp2_common/pico_float/float_aeabi.S.obj
                0x0000000010005a24                __wrap___aeabi_fcmplt
 .text.__wrap___aeabi_fcmpgt
                0x0000000010005a30        0xa CMakeFiles/sensing_unit.dir/opt/pico/pico-sdk/src/rp2_common/pico_float/float_aeabi.S.obj
                0x0000000010005a30                __wrap___aeabi_fcmpgt
 .text.__wrap___aeabi_ui2f
                0x0000000010005a3a        0xa CMakeFiles/sensing_unit.dir/opt/pico/pico-sdk/src/rp2_common/pico_float/float_aeabi.S.obj
                0x0000000010005a3a                __wrap___aeabi_ui2f
 .text.__wrap___aeabi_i2f
                0x0000000010005a44       0x44 CMakeFiles/sensing_unit.dir/opt/pico/pico-sdk/src/rp2_common/pico_float/float_aeabi.S.obj
                0x0000000010005a44                __wrap___aeabi_i2f
 .text.__wrap___aeabi_f2d
                0x0000000010005a88        0xc CMakeFiles/sensing_unit.dir/opt/pico/pico-sdk/src/rp2_common/pico_float/float_aeabi.S.obj
                0x0000000010005a88                __wrap___aeabi_f2d
 .text.missing_float_func_shim
                0x0000000010005a94        0xc CMakeFiles/sensing_unit.dir/opt/pico/pico-sdk/src/rp2_common/pico_float/float_init_rom.c.obj
 .text.__aeabi_float_init
                0x0000000010005aa0       0x88 CMakeFiles/sensing_unit.dir/opt/pico/pico-sdk/src/rp2_common/pico_float/float_init_rom.c.obj
                0x0000000010005aa0                __aeabi_float_init
 .text.__wrap_malloc
                0x0000000010005b28       0x3c CMakeFiles/sensing_unit.dir/opt/pico/pico-sdk/src/rp2_common/pico_malloc/pico_malloc.c.obj
                0x0000000010005b28                __wrap_malloc
 .text.__wrap_calloc
                0x0000000010005b64       0x40 CMakeFiles/sensing_unit.dir/opt/pico/pico-sdk/src/rp2_common/pico_malloc/pico_malloc.c.obj
                0x0000000010005b64                __wrap_calloc
 .text.__wrap_free
                0x0000000010005ba4       0x20 CMakeFiles/sensing_unit.dir/opt/pico/pico-sdk/src/rp2_common/pico_malloc/pico_malloc.c.obj
                0x0000000010005ba4                __wrap_free
 .text          0x0000000010005bc4       0x10 CMakeFiles/sensing_unit.dir/opt/pico/pico-sdk/src/rp2_common/pico_mem_ops/mem_ops_aeabi.S.obj
                0x0000000010005bc4                __aeabi_mem_init
 .text.memset   0x0000000010005bd4        0xc CMakeFiles/sensing_unit.dir/opt/pico/pico-sdk/src/rp2_common/pico_mem_ops/mem_ops_aeabi.S.obj
                0x0000000010005bd4                __wrap_memset
 .text.memcpy   0x0000000010005be0        0xc CMakeFiles/sensing_unit.dir/opt/pico/pico-sdk/src/rp2_common/pico_mem_ops/mem_ops_aeabi.S.obj
                0x0000000010005be0                __wrap___aeabi_memcpy
                0x0000000010005be0                __wrap_memcpy
 .text.stdio_out_chars_no_crlf
                0x0000000010005bec        0xe CMakeFiles/sensing_unit.dir/opt/pico/pico-sdk/src/rp2_common/pico_stdio/stdio.c.obj
 *fill*         0x0000000010005bfa        0x2 
 .text.stdio_out_chars_crlf
                0x0000000010005bfc       0x80 CMakeFiles/sensing_unit.dir/opt/pico/pico-sdk/src/rp2_common/pico_stdio/stdio.c.obj
 .text.stdio_stack_buffer_flush
                0x0000000010005c7c       0x44 CMakeFiles/sensing_unit.dir/opt/pico/pico-sdk/src/rp2_common/pico_stdio/stdio.c.obj
 .text.stdio_buffered_printer
                0x0000000010005cc0       0x20 CMakeFiles/sensing_unit.dir/opt/pico/pico-sdk/src/rp2_common/pico_stdio/stdio.c.obj
 .text.stdout_serialize_begin
                0x0000000010005ce0       0x5c CMakeFiles/sensing_unit.dir/opt/pico/pico-sdk/src/rp2_common/pico_stdio/stdio.c.obj
                0x0000000010005ce0                stdout_serialize_begin
 .text.stdout_serialize_end
                0x0000000010005d3c       0x10 CMakeFiles/sensing_unit.dir/opt/pico/pico-sdk/src/rp2_common/pico_stdio/stdio.c.obj
                0x0000000010005d3c                stdout_serialize_end
 .text.stdio_put_string
                0x0000000010005d4c       0x98 CMakeFiles/sensing_unit.dir/opt/pico/pico-sdk/src/rp2_common/pico_stdio/stdio.c.obj
 .text.__wrap_putchar
                0x0000000010005de4       0x1c CMakeFiles/sensing_unit.dir/opt/pico/pico-sdk/src/rp2_common/pico_stdio/stdio.c.obj
                0x0000000010005de4                __wrap_putchar
 .text.stdio_set_driver_enabled
                0x0000000010005e00       0x2c CMakeFiles/sensing_unit.dir/opt/pico/pico-sdk/src/rp2_common/pico_stdio/stdio.c.obj
                0x0000000010005e00                stdio_set_driver_enabled
 .text.stdio_flush
                0x0000000010005e2c       0x20 CMakeFiles/sensing_unit.dir/opt/pico/pico-sdk/src/rp2_common/pico_stdio/stdio.c.obj
                0x0000000010005e2c                stdio_flush
 .text.__wrap_puts
                0x0000000010005e4c       0x1e CMakeFiles/sensing_unit.dir/opt/pico/pico-sdk/src/rp2_common/pico_stdio/stdio.c.obj
                0x0000000010005e4c                __wrap_puts
 *fill*         0x0000000010005e6a        0x2 
 .text.__wrap_vprintf
                0x0000000010005e6c       0x40 CMakeFiles/sensing_unit.dir/opt/pico/pico-sdk/src/rp2_common/pico_stdio/stdio.c.obj
                0x0000000010005e6c                __wrap_vprintf
 .text.__wrap_printf
                0x0000000010005eac       0x18 CMakeFiles/sensing_unit.dir/opt/pico/pico-sdk/src/rp2_common/pico_stdio/stdio.c.obj
                0x0000000010005eac                __wrap_printf
 .text.stdio_init_all
                0x0000000010005ec4        0x8 CMakeFiles/sensing_unit.dir/opt/pico/pico-sdk/src/rp2_common/pico_stdio/stdio.c.obj
                0x0000000010005ec4                stdio_init_all
 .text.resetd_init
                0x0000000010005ecc        0x2 CMakeFiles/sensing_unit.dir/opt/pico/pico-sdk/src/rp2_common/pico_stdio_usb/reset_interface.c.obj
 *fill*         0x0000000010005ece        0x2 
 .text.resetd_reset
                0x0000000010005ed0        0xc CMakeFiles/sensing_unit.dir/opt/pico/pico-sdk/src/rp2_common/pico_stdio_usb/reset_interface.c.obj
 .text.resetd_open
                0x0000000010005edc       0x34 CMakeFiles/sensing_unit.dir/opt/pico/pico-sdk/src/rp2_common/pico_stdio_usb/reset_interface.c.obj
 .text.resetd_xfer_cb
                0x0000000010005f10        0x4 CMakeFiles/sensing_unit.dir/opt/pico/pico-sdk/src/rp2_common/pico_stdio_usb/reset_interface.c.obj
 .text.reset_usb_boot
                0x0000000010005f14       0x18 CMakeFiles/sensing_unit.dir/opt/pico/pico-sdk/src/rp2_common/pico_stdio_usb/reset_interface.c.obj
 .text.resetd_control_xfer_cb
                0x0000000010005f2c       0x5c CMakeFiles/sensing_unit.dir/opt/pico/pico-sdk/src/rp2_common/pico_stdio_usb/reset_interface.c.obj
 .text.usbd_app_driver_get_cb
                0x0000000010005f88        0xc CMakeFiles/sensing_unit.dir/opt/pico/pico-sdk/src/rp2_common/pico_stdio_usb/reset_interface.c.obj
                0x0000000010005f88                usbd_app_driver_get_cb
 .text.tud_cdc_line_coding_cb
                0x0000000010005f94       0x28 CMakeFiles/sensing_unit.dir/opt/pico/pico-sdk/src/rp2_common/pico_stdio_usb/reset_interface.c.obj
                0x0000000010005f94                tud_cdc_line_coding_cb
 .text.stdio_usb_set_chars_available_callback
                0x0000000010005fbc       0x14 CMakeFiles/sensing_unit.dir/opt/pico/pico-sdk/src/rp2_common/pico_stdio_usb/stdio_usb.c.obj
                0x0000000010005fbc                stdio_usb_set_chars_available_callback
 .text.usb_irq  0x0000000010005fd0       0x10 CMakeFiles/sensing_unit.dir/opt/pico/pico-sdk/src/rp2_common/pico_stdio_usb/stdio_usb.c.obj
 .text.timer_task
                0x0000000010005fe0       0x5c CMakeFiles/sensing_unit.dir/opt/pico/pico-sdk/src/rp2_common/pico_stdio_usb/stdio_usb.c.obj
 .text.low_priority_worker_irq
                0x000000001000603c       0xdc CMakeFiles/sensing_unit.dir/opt/pico/pico-sdk/src/rp2_common/pico_stdio_usb/stdio_usb.c.obj
 .text.tud_cdc_rx_cb
                0x0000000010006118       0x20 CMakeFiles/sensing_unit.dir/opt/pico/pico-sdk/src/rp2_common/pico_stdio_usb/stdio_usb.c.obj
                0x0000000010006118                tud_cdc_rx_cb
 .text.stdio_usb_init
                0x0000000010006138      0x11c CMakeFiles/sensing_unit.dir/opt/pico/pico-sdk/src/rp2_common/pico_stdio_usb/stdio_usb.c.obj
                0x0000000010006138                stdio_usb_init
 .text.stdio_usb_connected
                0x0000000010006254        0xa CMakeFiles/sensing_unit.dir/opt/pico/pico-sdk/src/rp2_common/pico_stdio_usb/stdio_usb.c.obj
                0x0000000010006254                stdio_usb_connected
 *fill*         0x000000001000625e        0x2 
 .text.stdio_usb_in_chars
                0x0000000010006260       0xc4 CMakeFiles/sensing_unit.dir/opt/pico/pico-sdk/src/rp2_common/pico_stdio_usb/stdio_usb.c.obj
                0x0000000010006260                stdio_usb_in_chars
 .text.stdio_usb_out_chars
                0x0000000010006324      0x114 CMakeFiles/sensing_unit.dir/opt/pico/pico-sdk/src/rp2_common/pico_stdio_usb/stdio_usb.c.obj
 .text.tud_descriptor_device_cb
                0x0000000010006438        0x8 CMakeFiles/sensing_unit.dir/opt/pico/pico-sdk/src/rp2_common/pico_stdio_usb/stdio_usb_descriptors.c.obj
                0x0000000010006438                tud_descriptor_device_cb
 .text.tud_descriptor_configuration_cb
                0x0000000010006440        0x8 CMakeFiles/sensing_unit.dir/opt/pico/pico-sdk/src/rp2_common/pico_stdio_usb/stdio_usb_descriptors.c.obj
                0x0000000010006440                tud_descriptor_configuration_cb
 .text.tud_descriptor_string_cb
                0x0000000010006448       0x6c CMakeFiles/sensing_unit.dir/opt/pico/pico-sdk/src/rp2_common/pico_stdio_usb/stdio_usb_descriptors.c.obj
                0x0000000010006448                tud_descriptor_string_cb
 .text._retrieve_unique_id_on_boot
                0x00000000100064b4       0x10 CMakeFiles/sensing_unit.dir/opt/pico/pico-sdk/src/rp2_common/pico_unique_id/unique_id.c.obj
 .text.pico_get_unique_board_id
                0x00000000100064c4       0x10 CMakeFiles/sensing_unit.dir/opt/pico/pico-sdk/src/rp2_common/pico_unique_id/unique_id.c.obj
                0x00000000100064c4                pico_get_unique_board_id
 .text.pico_get_unique_board_id_string
                0x00000000100064d4       0x60 CMakeFiles/sensing_unit.dir/opt/pico/pico-sdk/src/rp2_common/pico_unique_id/unique_id.c.obj
                0x00000000100064d4                pico_get_unique_board_id_string
 .text.flash_get_unique_id
                0x0000000010006534       0x46 CMakeFiles/sensing_unit.dir/opt/pico/pico-sdk/src/rp2_common/hardware_flash/flash.c.obj
                0x0000000010006534                flash_get_unique_id
 *fill*         0x000000001000657a        0x2 
 .text.hw_endpoint_get_by_addr
                0x000000001000657c       0x18 CMakeFiles/sensing_unit.dir/opt/pico/pico-sdk/lib/tinyusb/src/portable/raspberrypi/rp2040/dcd_rp2040.c.obj
 .text._hw_endpoint_alloc
                0x0000000010006594       0x70 CMakeFiles/sensing_unit.dir/opt/pico/pico-sdk/lib/tinyusb/src/portable/raspberrypi/rp2040/dcd_rp2040.c.obj
 .text.hw_endpoint_init
                0x0000000010006604       0x88 CMakeFiles/sensing_unit.dir/opt/pico/pico-sdk/lib/tinyusb/src/portable/raspberrypi/rp2040/dcd_rp2040.c.obj
 .text.hw_endpoint_xfer
                0x000000001000668c       0x14 CMakeFiles/sensing_unit.dir/opt/pico/pico-sdk/lib/tinyusb/src/portable/raspberrypi/rp2040/dcd_rp2040.c.obj
 .text.dcd_int_enable
                0x00000000100066a0       0x2c CMakeFiles/sensing_unit.dir/opt/pico/pico-sdk/lib/tinyusb/src/portable/raspberrypi/rp2040/dcd_rp2040.c.obj
                0x00000000100066a0                dcd_int_enable
 .text.dcd_set_address
                0x00000000100066cc       0x2c CMakeFiles/sensing_unit.dir/opt/pico/pico-sdk/lib/tinyusb/src/portable/raspberrypi/rp2040/dcd_rp2040.c.obj
                0x00000000100066cc                dcd_set_address
 .text.dcd_connect
                0x00000000100066f8       0x10 CMakeFiles/sensing_unit.dir/opt/pico/pico-sdk/lib/tinyusb/src/portable/raspberrypi/rp2040/dcd_rp2040.c.obj
                0x00000000100066f8                dcd_connect
 .text.dcd_init
                0x0000000010006708       0x80 CMakeFiles/sensing_unit.dir/opt/pico/pico-sdk/lib/tinyusb/src/portable/raspberrypi/rp2040/dcd_rp2040.c.obj
                0x0000000010006708                dcd_init
 .text.dcd_edpt0_status_complete
                0x0000000010006788       0x1c CMakeFiles/sensing_unit.dir/opt/pico/pico-sdk/lib/tinyusb/src/portable/raspberrypi/rp2040/dcd_rp2040.c.obj
                0x0000000010006788                dcd_edpt0_status_complete
 .text.dcd_edpt_open
                0x00000000100067a4       0x40 CMakeFiles/sensing_unit.dir/opt/pico/pico-sdk/lib/tinyusb/src/portable/raspberrypi/rp2040/dcd_rp2040.c.obj
                0x00000000100067a4                dcd_edpt_open
 .text.dcd_edpt_close_all
                0x00000000100067e4        0x8 CMakeFiles/sensing_unit.dir/opt/pico/pico-sdk/lib/tinyusb/src/portable/raspberrypi/rp2040/dcd_rp2040.c.obj
                0x00000000100067e4                dcd_edpt_close_all
 .text.dcd_edpt_xfer
                0x00000000100067ec       0x34 CMakeFiles/sensing_unit.dir/opt/pico/pico-sdk/lib/tinyusb/src/portable/raspberrypi/rp2040/dcd_rp2040.c.obj
                0x00000000100067ec                dcd_edpt_xfer
 .text.dcd_edpt_stall
                0x0000000010006820       0x2c CMakeFiles/sensing_unit.dir/opt/pico/pico-sdk/lib/tinyusb/src/portable/raspberrypi/rp2040/dcd_rp2040.c.obj
                0x0000000010006820                dcd_edpt_stall
 .text.dcd_edpt_clear_stall
                0x000000001000684c       0x20 CMakeFiles/sensing_unit.dir/opt/pico/pico-sdk/lib/tinyusb/src/portable/raspberrypi/rp2040/dcd_rp2040.c.obj
                0x000000001000684c                dcd_edpt_clear_stall
 .text.rp2040_usb_init
                0x000000001000686c       0x4c CMakeFiles/sensing_unit.dir/opt/pico/pico-sdk/lib/tinyusb/src/portable/raspberrypi/rp2040/rp2040_usb.c.obj
                0x000000001000686c                rp2040_usb_init
 .text.hw_endpoint_xfer_start
                0x00000000100068b8       0x50 CMakeFiles/sensing_unit.dir/opt/pico/pico-sdk/lib/tinyusb/src/portable/raspberrypi/rp2040/rp2040_usb.c.obj
                0x00000000100068b8                hw_endpoint_xfer_start
 .text.configuration_reset
                0x0000000010006908       0x84 CMakeFiles/sensing_unit.dir/opt/pico/pico-sdk/lib/tinyusb/src/device/usbd.c.obj
 .text.usbd_reset
                0x000000001000698c        0xc CMakeFiles/sensing_unit.dir/opt/pico/pico-sdk/lib/tinyusb/src/device/usbd.c.obj
 .text.invoke_class_control
                0x0000000010006998       0x1a CMakeFiles/sensing_unit.dir/opt/pico/pico-sdk/lib/tinyusb/src/device/usbd.c.obj
 *fill*         0x00000000100069b2        0x2 
 .text.process_set_config
                0x00000000100069b4      0x178 CMakeFiles/sensing_unit.dir/opt/pico/pico-sdk/lib/tinyusb/src/device/usbd.c.obj
 .text.process_get_descriptor
                0x0000000010006b2c       0xdc CMakeFiles/sensing_unit.dir/opt/pico/pico-sdk/lib/tinyusb/src/device/usbd.c.obj
 .text.tud_mounted
                0x0000000010006c08       0x10 CMakeFiles/sensing_unit.dir/opt/pico/pico-sdk/lib/tinyusb/src/device/usbd.c.obj
                0x0000000010006c08                tud_mounted
 .text.tud_suspended
                0x0000000010006c18       0x10 CMakeFiles/sensing_unit.dir/opt/pico/pico-sdk/lib/tinyusb/src/device/usbd.c.obj
                0x0000000010006c18                tud_suspended
 .text.tud_inited
                0x0000000010006c28       0x14 CMakeFiles/sensing_unit.dir/opt/pico/pico-sdk/lib/tinyusb/src/device/usbd.c.obj
                0x0000000010006c28                tud_inited
 .text.tud_init
                0x0000000010006c3c       0xcc CMakeFiles/sensing_unit.dir/opt/pico/pico-sdk/lib/tinyusb/src/device/usbd.c.obj
                0x0000000010006c3c                tud_init
 .text.usbd_defer_func
                0x0000000010006d08       0x2a CMakeFiles/sensing_unit.dir/opt/pico/pico-sdk/lib/tinyusb/src/device/usbd.c.obj
                0x0000000010006d08                usbd_defer_func
 *fill*         0x0000000010006d32        0x2 
 .text.usbd_edpt_open
                0x0000000010006d34       0x34 CMakeFiles/sensing_unit.dir/opt/pico/pico-sdk/lib/tinyusb/src/device/usbd.c.obj
                0x0000000010006d34                usbd_edpt_open
 .text.usbd_open_edpt_pair
                0x0000000010006d68       0x62 CMakeFiles/sensing_unit.dir/opt/pico/pico-sdk/lib/tinyusb/src/device/usbd.c.obj
                0x0000000010006d68                usbd_open_edpt_pair
 *fill*         0x0000000010006dca        0x2 
 .text.usbd_edpt_claim
                0x0000000010006dcc       0x28 CMakeFiles/sensing_unit.dir/opt/pico/pico-sdk/lib/tinyusb/src/device/usbd.c.obj
                0x0000000010006dcc                usbd_edpt_claim
 .text.usbd_edpt_release
                0x0000000010006df4       0x28 CMakeFiles/sensing_unit.dir/opt/pico/pico-sdk/lib/tinyusb/src/device/usbd.c.obj
                0x0000000010006df4                usbd_edpt_release
 .text.usbd_edpt_xfer
                0x0000000010006e1c       0x78 CMakeFiles/sensing_unit.dir/opt/pico/pico-sdk/lib/tinyusb/src/device/usbd.c.obj
                0x0000000010006e1c                usbd_edpt_xfer
 .text.usbd_edpt_stall
                0x0000000010006e94       0x48 CMakeFiles/sensing_unit.dir/opt/pico/pico-sdk/lib/tinyusb/src/device/usbd.c.obj
                0x0000000010006e94                usbd_edpt_stall
 .text.usbd_edpt_clear_stall
                0x0000000010006edc       0x48 CMakeFiles/sensing_unit.dir/opt/pico/pico-sdk/lib/tinyusb/src/device/usbd.c.obj
                0x0000000010006edc                usbd_edpt_clear_stall
 .text.usbd_edpt_stalled
                0x0000000010006f24       0x1c CMakeFiles/sensing_unit.dir/opt/pico/pico-sdk/lib/tinyusb/src/device/usbd.c.obj
                0x0000000010006f24                usbd_edpt_stalled
 .text.process_control_request
                0x0000000010006f40      0x37c CMakeFiles/sensing_unit.dir/opt/pico/pico-sdk/lib/tinyusb/src/device/usbd.c.obj
 .text.tud_task_ext
                0x00000000100072bc      0x1b8 CMakeFiles/sensing_unit.dir/opt/pico/pico-sdk/lib/tinyusb/src/device/usbd.c.obj
                0x00000000100072bc                tud_task_ext
 .text._data_stage_xact
                0x0000000010007474       0x58 CMakeFiles/sensing_unit.dir/opt/pico/pico-sdk/lib/tinyusb/src/device/usbd_control.c.obj
 .text.tud_control_status
                0x00000000100074cc       0x38 CMakeFiles/sensing_unit.dir/opt/pico/pico-sdk/lib/tinyusb/src/device/usbd_control.c.obj
                0x00000000100074cc                tud_control_status
 .text.tud_control_xfer
                0x0000000010007504       0x74 CMakeFiles/sensing_unit.dir/opt/pico/pico-sdk/lib/tinyusb/src/device/usbd_control.c.obj
                0x0000000010007504                tud_control_xfer
 .text.usbd_control_reset
                0x0000000010007578       0x14 CMakeFiles/sensing_unit.dir/opt/pico/pico-sdk/lib/tinyusb/src/device/usbd_control.c.obj
                0x0000000010007578                usbd_control_reset
 .text.usbd_control_set_complete_callback
                0x000000001000758c        0xc CMakeFiles/sensing_unit.dir/opt/pico/pico-sdk/lib/tinyusb/src/device/usbd_control.c.obj
                0x000000001000758c                usbd_control_set_complete_callback
 .text.usbd_control_set_request
                0x0000000010007598       0x1c CMakeFiles/sensing_unit.dir/opt/pico/pico-sdk/lib/tinyusb/src/device/usbd_control.c.obj
                0x0000000010007598                usbd_control_set_request
 .text.usbd_control_xfer_cb
                0x00000000100075b4       0xcc CMakeFiles/sensing_unit.dir/opt/pico/pico-sdk/lib/tinyusb/src/device/usbd_control.c.obj
                0x00000000100075b4                usbd_control_xfer_cb
 .text._prep_out_transaction
                0x0000000010007680       0x4a CMakeFiles/sensing_unit.dir/opt/pico/pico-sdk/lib/tinyusb/src/class/cdc/cdc_device.c.obj
 *fill*         0x00000000100076ca        0x2 
 .text.tud_cdc_n_connected
                0x00000000100076cc       0x44 CMakeFiles/sensing_unit.dir/opt/pico/pico-sdk/lib/tinyusb/src/class/cdc/cdc_device.c.obj
                0x00000000100076cc                tud_cdc_n_connected
 .text.tud_cdc_n_available
                0x0000000010007710       0x18 CMakeFiles/sensing_unit.dir/opt/pico/pico-sdk/lib/tinyusb/src/class/cdc/cdc_device.c.obj
                0x0000000010007710                tud_cdc_n_available
 .text.tud_cdc_n_read
                0x0000000010007728       0x28 CMakeFiles/sensing_unit.dir/opt/pico/pico-sdk/lib/tinyusb/src/class/cdc/cdc_device.c.obj
                0x0000000010007728                tud_cdc_n_read
 .text.tud_cdc_n_write_flush
                0x0000000010007750       0xb8 CMakeFiles/sensing_unit.dir/opt/pico/pico-sdk/lib/tinyusb/src/class/cdc/cdc_device.c.obj
                0x0000000010007750                tud_cdc_n_write_flush
 .text.tud_cdc_n_write
                0x0000000010007808       0x38 CMakeFiles/sensing_unit.dir/opt/pico/pico-sdk/lib/tinyusb/src/class/cdc/cdc_device.c.obj
                0x0000000010007808                tud_cdc_n_write
 .text.tud_cdc_n_write_available
                0x0000000010007840       0x1c CMakeFiles/sensing_unit.dir/opt/pico/pico-sdk/lib/tinyusb/src/class/cdc/cdc_device.c.obj
                0x0000000010007840                tud_cdc_n_write_available
 .text.cdcd_init
                0x000000001000785c       0xbc CMakeFiles/sensing_unit.dir/opt/pico/pico-sdk/lib/tinyusb/src/class/cdc/cdc_device.c.obj
                0x000000001000785c                cdcd_init
 .text.cdcd_reset
                0x0000000010007918       0x44 CMakeFiles/sensing_unit.dir/opt/pico/pico-sdk/lib/tinyusb/src/class/cdc/cdc_device.c.obj
                0x0000000010007918                cdcd_reset
 .text.cdcd_open
                0x000000001000795c       0xcc CMakeFiles/sensing_unit.dir/opt/pico/pico-sdk/lib/tinyusb/src/class/cdc/cdc_device.c.obj
                0x000000001000795c                cdcd_open
 .text.cdcd_control_xfer_cb
                0x0000000010007a28      0x134 CMakeFiles/sensing_unit.dir/opt/pico/pico-sdk/lib/tinyusb/src/class/cdc/cdc_device.c.obj
                0x0000000010007a28                cdcd_control_xfer_cb
 .text.cdcd_xfer_cb
                0x0000000010007b5c      0x130 CMakeFiles/sensing_unit.dir/opt/pico/pico-sdk/lib/tinyusb/src/class/cdc/cdc_device.c.obj
                0x0000000010007b5c                cdcd_xfer_cb
 .text.tusb_init
                0x0000000010007c8c        0xa CMakeFiles/sensing_unit.dir/opt/pico/pico-sdk/lib/tinyusb/src/tusb.c.obj
                0x0000000010007c8c                tusb_init
 .text.tusb_inited
                0x0000000010007c96        0xe CMakeFiles/sensing_unit.dir/opt/pico/pico-sdk/lib/tinyusb/src/tusb.c.obj
                0x0000000010007c96                tusb_inited
 .text.tu_edpt_claim
                0x0000000010007ca4       0x50 CMakeFiles/sensing_unit.dir/opt/pico/pico-sdk/lib/tinyusb/src/tusb.c.obj
                0x0000000010007ca4                tu_edpt_claim
 .text.tu_edpt_release
                0x0000000010007cf4       0x3c CMakeFiles/sensing_unit.dir/opt/pico/pico-sdk/lib/tinyusb/src/tusb.c.obj
                0x0000000010007cf4                tu_edpt_release
 .text.tu_edpt_validate
                0x0000000010007d30       0x78 CMakeFiles/sensing_unit.dir/opt/pico/pico-sdk/lib/tinyusb/src/tusb.c.obj
                0x0000000010007d30                tu_edpt_validate
 .text.tu_edpt_bind_driver
                0x0000000010007da8       0x26 CMakeFiles/sensing_unit.dir/opt/pico/pico-sdk/lib/tinyusb/src/tusb.c.obj
                0x0000000010007da8                tu_edpt_bind_driver
 .text.advance_index
                0x0000000010007dce       0x1a CMakeFiles/sensing_unit.dir/opt/pico/pico-sdk/lib/tinyusb/src/common/tusb_fifo.c.obj
 .text._tu_fifo_peek
                0x0000000010007de8       0x56 CMakeFiles/sensing_unit.dir/opt/pico/pico-sdk/lib/tinyusb/src/common/tusb_fifo.c.obj
 .text._ff_pull_const_addr
                0x0000000010007e3e       0x4c CMakeFiles/sensing_unit.dir/opt/pico/pico-sdk/lib/tinyusb/src/common/tusb_fifo.c.obj
 .text._ff_pull_n
                0x0000000010007e8a      0x110 CMakeFiles/sensing_unit.dir/opt/pico/pico-sdk/lib/tinyusb/src/common/tusb_fifo.c.obj
 .text._tu_fifo_peek_n
                0x0000000010007f9a       0x6a CMakeFiles/sensing_unit.dir/opt/pico/pico-sdk/lib/tinyusb/src/common/tusb_fifo.c.obj
 .text._tu_fifo_read_n
                0x0000000010008004       0x4e CMakeFiles/sensing_unit.dir/opt/pico/pico-sdk/lib/tinyusb/src/common/tusb_fifo.c.obj
 .text._ff_push_const_addr
                0x0000000010008052       0x40 CMakeFiles/sensing_unit.dir/opt/pico/pico-sdk/lib/tinyusb/src/common/tusb_fifo.c.obj
 .text._ff_push_n
                0x0000000010008092      0x10c CMakeFiles/sensing_unit.dir/opt/pico/pico-sdk/lib/tinyusb/src/common/tusb_fifo.c.obj
 .text._tu_fifo_write_n
                0x000000001000819e       0xf0 CMakeFiles/sensing_unit.dir/opt/pico/pico-sdk/lib/tinyusb/src/common/tusb_fifo.c.obj
 .text.tu_fifo_config
                0x000000001000828e       0x7c CMakeFiles/sensing_unit.dir/opt/pico/pico-sdk/lib/tinyusb/src/common/tusb_fifo.c.obj
                0x000000001000828e                tu_fifo_config
 .text.tu_fifo_count
                0x000000001000830a       0x2a CMakeFiles/sensing_unit.dir/opt/pico/pico-sdk/lib/tinyusb/src/common/tusb_fifo.c.obj
                0x000000001000830a                tu_fifo_count
 .text.tu_fifo_empty
                0x0000000010008334       0x10 CMakeFiles/sensing_unit.dir/opt/pico/pico-sdk/lib/tinyusb/src/common/tusb_fifo.c.obj
                0x0000000010008334                tu_fifo_empty
 .text.tu_fifo_full
                0x0000000010008344       0x28 CMakeFiles/sensing_unit.dir/opt/pico/pico-sdk/lib/tinyusb/src/common/tusb_fifo.c.obj
                0x0000000010008344                tu_fifo_full
 .text.tu_fifo_remaining
                0x000000001000836c       0x2c CMakeFiles/sensing_unit.dir/opt/pico/pico-sdk/lib/tinyusb/src/common/tusb_fifo.c.obj
                0x000000001000836c                tu_fifo_remaining
 .text.tu_fifo_read
                0x0000000010008398       0x42 CMakeFiles/sensing_unit.dir/opt/pico/pico-sdk/lib/tinyusb/src/common/tusb_fifo.c.obj
                0x0000000010008398                tu_fifo_read
 .text.tu_fifo_read_n
                0x00000000100083da        0xa CMakeFiles/sensing_unit.dir/opt/pico/pico-sdk/lib/tinyusb/src/common/tusb_fifo.c.obj
                0x00000000100083da                tu_fifo_read_n
 .text.tu_fifo_write
                0x00000000100083e4       0x64 CMakeFiles/sensing_unit.dir/opt/pico/pico-sdk/lib/tinyusb/src/common/tusb_fifo.c.obj
                0x00000000100083e4                tu_fifo_write
 .text.tu_fifo_write_n
                0x0000000010008448        0xa CMakeFiles/sensing_unit.dir/opt/pico/pico-sdk/lib/tinyusb/src/common/tusb_fifo.c.obj
                0x0000000010008448                tu_fifo_write_n
 .text.tu_fifo_clear
                0x0000000010008452       0x3e CMakeFiles/sensing_unit.dir/opt/pico/pico-sdk/lib/tinyusb/src/common/tusb_fifo.c.obj
                0x0000000010008452                tu_fifo_clear
 .text.tu_fifo_set_overwritable
                0x0000000010008490       0x46 CMakeFiles/sensing_unit.dir/opt/pico/pico-sdk/lib/tinyusb/src/common/tusb_fifo.c.obj
                0x0000000010008490                tu_fifo_set_overwritable
 .text.spi_set_baudrate
                0x00000000100084d6       0xcc CMakeFiles/sensing_unit.dir/opt/pico/pico-sdk/src/rp2_common/hardware_spi/spi.c.obj
                0x00000000100084d6                spi_set_baudrate
 *fill*         0x00000000100085a2        0x2 
 .text.spi_init
                0x00000000100085a4       0x74 CMakeFiles/sensing_unit.dir/opt/pico/pico-sdk/src/rp2_common/hardware_spi/spi.c.obj
                0x00000000100085a4                spi_init
 .text.i2c_write_blocking_internal
                0x0000000010008618      0x140 CMakeFiles/sensing_unit.dir/opt/pico/pico-sdk/src/rp2_common/hardware_i2c/i2c.c.obj
 .text.i2c_read_blocking_internal
                0x0000000010008758       0xe6 CMakeFiles/sensing_unit.dir/opt/pico/pico-sdk/src/rp2_common/hardware_i2c/i2c.c.obj
 *fill*         0x000000001000883e        0x2 
 .text.i2c_set_baudrate
                0x0000000010008840       0xf0 CMakeFiles/sensing_unit.dir/opt/pico/pico-sdk/src/rp2_common/hardware_i2c/i2c.c.obj
                0x0000000010008840                i2c_set_baudrate
 .text.i2c_init
                0x0000000010008930       0x58 CMakeFiles/sensing_unit.dir/opt/pico/pico-sdk/src/rp2_common/hardware_i2c/i2c.c.obj
                0x0000000010008930                i2c_init
 .text.i2c_write_blocking
                0x0000000010008988       0x18 CMakeFiles/sensing_unit.dir/opt/pico/pico-sdk/src/rp2_common/hardware_i2c/i2c.c.obj
                0x0000000010008988                i2c_write_blocking
 .text.i2c_read_blocking
                0x00000000100089a0       0x18 CMakeFiles/sensing_unit.dir/opt/pico/pico-sdk/src/rp2_common/hardware_i2c/i2c.c.obj
                0x00000000100089a0                i2c_read_blocking
 .text.i2c_read_blocking_until
                0x00000000100089b8       0x3e CMakeFiles/sensing_unit.dir/opt/pico/pico-sdk/src/rp2_common/hardware_i2c/i2c.c.obj
                0x00000000100089b8                i2c_read_blocking_until
 *fill*         0x00000000100089f6        0x2 
 .text.lwip_timeout_reached
                0x00000000100089f8       0x2c CMakeFiles/sensing_unit.dir/opt/pico/pico-sdk/src/rp2_common/pico_lwip/lwip_nosys.c.obj
 .text.update_next_timeout
                0x0000000010008a24       0xb0 CMakeFiles/sensing_unit.dir/opt/pico/pico-sdk/src/rp2_common/pico_lwip/lwip_nosys.c.obj
 .text.lwip_nosys_init
                0x0000000010008ad4       0x34 CMakeFiles/sensing_unit.dir/opt/pico/pico-sdk/src/rp2_common/pico_lwip/lwip_nosys.c.obj
                0x0000000010008ad4                lwip_nosys_init
 .text.lwip_nosys_deinit
                0x0000000010008b08       0x20 CMakeFiles/sensing_unit.dir/opt/pico/pico-sdk/src/rp2_common/pico_lwip/lwip_nosys.c.obj
                0x0000000010008b08                lwip_nosys_deinit
 .text.sys_arch_protect
                0x0000000010008b28        0x4 CMakeFiles/sensing_unit.dir/opt/pico/pico-sdk/src/rp2_common/pico_lwip/lwip_nosys.c.obj
                0x0000000010008b28                sys_arch_protect
 .text.sys_arch_unprotect
                0x0000000010008b2c        0x2 CMakeFiles/sensing_unit.dir/opt/pico/pico-sdk/src/rp2_common/pico_lwip/lwip_nosys.c.obj
                0x0000000010008b2c                sys_arch_unprotect
 *fill*         0x0000000010008b2e        0x2 
 .text.sys_now  0x0000000010008b30       0x3c CMakeFiles/sensing_unit.dir/opt/pico/pico-sdk/src/rp2_common/pico_lwip/lwip_nosys.c.obj
                0x0000000010008b30                sys_now
 .text.async_context_base_add_at_time_worker
                0x0000000010008b6c       0x1c CMakeFiles/sensing_unit.dir/opt/pico/pico-sdk/src/rp2_common/pico_async_context/async_context_base.c.obj
                0x0000000010008b6c                async_context_base_add_at_time_worker
 .text.async_context_base_remove_at_time_worker
                0x0000000010008b88       0x1c CMakeFiles/sensing_unit.dir/opt/pico/pico-sdk/src/rp2_common/pico_async_context/async_context_base.c.obj
                0x0000000010008b88                async_context_base_remove_at_time_worker
 .text.async_context_base_add_when_pending_worker
                0x0000000010008ba4       0x1c CMakeFiles/sensing_unit.dir/opt/pico/pico-sdk/src/rp2_common/pico_async_context/async_context_base.c.obj
                0x0000000010008ba4                async_context_base_add_when_pending_worker
 .text.async_context_base_remove_when_pending_worker
                0x0000000010008bc0       0x1c CMakeFiles/sensing_unit.dir/opt/pico/pico-sdk/src/rp2_common/pico_async_context/async_context_base.c.obj
                0x0000000010008bc0                async_context_base_remove_when_pending_worker
 .text.async_context_base_remove_ready_at_time_worker
                0x0000000010008bdc       0x94 CMakeFiles/sensing_unit.dir/opt/pico/pico-sdk/src/rp2_common/pico_async_context/async_context_base.c.obj
                0x0000000010008bdc                async_context_base_remove_ready_at_time_worker
 .text.async_context_base_refresh_next_timeout
                0x0000000010008c70       0x4c CMakeFiles/sensing_unit.dir/opt/pico/pico-sdk/src/rp2_common/pico_async_context/async_context_base.c.obj
                0x0000000010008c70                async_context_base_refresh_next_timeout
 .text.async_context_base_execute_once
                0x0000000010008cbc       0x48 CMakeFiles/sensing_unit.dir/opt/pico/pico-sdk/src/rp2_common/pico_async_context/async_context_base.c.obj
                0x0000000010008cbc                async_context_base_execute_once
 .text.async_context_base_needs_servicing
                0x0000000010008d04       0x6c CMakeFiles/sensing_unit.dir/opt/pico/pico-sdk/src/rp2_common/pico_async_context/async_context_base.c.obj
                0x0000000010008d04                async_context_base_needs_servicing
 .text.splitmix64
                0x0000000010008d70       0x5c CMakeFiles/sensing_unit.dir/opt/pico/pico-sdk/src/rp2_common/pico_rand/rand.c.obj
 .text.sdbm_hash64_sram
                0x0000000010008dcc       0x64 CMakeFiles/sensing_unit.dir/opt/pico/pico-sdk/src/rp2_common/pico_rand/rand.c.obj
 .text.xoroshiro128ss
                0x0000000010008e30       0xb8 CMakeFiles/sensing_unit.dir/opt/pico/pico-sdk/src/rp2_common/pico_rand/rand.c.obj
 .text.capture_additional_rosc_samples
                0x0000000010008ee8      0x1a4 CMakeFiles/sensing_unit.dir/opt/pico/pico-sdk/src/rp2_common/pico_rand/rand.c.obj
 .text.initialise_rand
                0x000000001000908c      0x118 CMakeFiles/sensing_unit.dir/opt/pico/pico-sdk/src/rp2_common/pico_rand/rand.c.obj
 .text.get_rand_64
                0x00000000100091a4      0x11c CMakeFiles/sensing_unit.dir/opt/pico/pico-sdk/src/rp2_common/pico_rand/rand.c.obj
                0x00000000100091a4                get_rand_64
 .text.get_rand_32
                0x00000000100092c0        0x8 CMakeFiles/sensing_unit.dir/opt/pico/pico-sdk/src/rp2_common/pico_rand/rand.c.obj
                0x00000000100092c0                get_rand_32
 .text.lwip_init
                0x00000000100092c8       0x24 CMakeFiles/sensing_unit.dir/opt/pico/pico-sdk/lib/lwip/src/core/init.c.obj
                0x00000000100092c8                lwip_init
 .text.lwip_htons
                0x00000000100092ec        0xa CMakeFiles/sensing_unit.dir/opt/pico/pico-sdk/lib/lwip/src/core/def.c.obj
                0x00000000100092ec                lwip_htons
 .text.lwip_htonl
                0x00000000100092f6       0x1c CMakeFiles/sensing_unit.dir/opt/pico/pico-sdk/lib/lwip/src/core/def.c.obj
                0x00000000100092f6                lwip_htonl
 *fill*         0x0000000010009312        0x2 
 .text.dns_backupserver_available
                0x0000000010009314       0x28 CMakeFiles/sensing_unit.dir/opt/pico/pico-sdk/lib/lwip/src/core/dns.c.obj
 .text.dns_create_txid
                0x000000001000933c       0x3c CMakeFiles/sensing_unit.dir/opt/pico/pico-sdk/lib/lwip/src/core/dns.c.obj
 .text.dns_call_found
                0x0000000010009378       0xf4 CMakeFiles/sensing_unit.dir/opt/pico/pico-sdk/lib/lwip/src/core/dns.c.obj
 .text.dns_send
                0x000000001000946c      0x178 CMakeFiles/sensing_unit.dir/opt/pico/pico-sdk/lib/lwip/src/core/dns.c.obj
 .text.dns_check_entry
                0x00000000100095e4      0x11c CMakeFiles/sensing_unit.dir/opt/pico/pico-sdk/lib/lwip/src/core/dns.c.obj
 .text.dns_check_entries
                0x0000000010009700       0x16 CMakeFiles/sensing_unit.dir/opt/pico/pico-sdk/lib/lwip/src/core/dns.c.obj
 .text.dns_init
                0x0000000010009716        0x2 CMakeFiles/sensing_unit.dir/opt/pico/pico-sdk/lib/lwip/src/core/dns.c.obj
                0x0000000010009716                dns_init
 .text.dns_setserver
                0x0000000010009718       0x28 CMakeFiles/sensing_unit.dir/opt/pico/pico-sdk/lib/lwip/src/core/dns.c.obj
                0x0000000010009718                dns_setserver
 .text.dns_tmr  0x0000000010009740        0x8 CMakeFiles/sensing_unit.dir/opt/pico/pico-sdk/lib/lwip/src/core/dns.c.obj
                0x0000000010009740                dns_tmr
 .text.lwip_standard_chksum
                0x0000000010009748       0xac CMakeFiles/sensing_unit.dir/opt/pico/pico-sdk/lib/lwip/src/core/inet_chksum.c.obj
                0x0000000010009748                lwip_standard_chksum
 .text.inet_cksum_pseudo_base
                0x00000000100097f4       0x7c CMakeFiles/sensing_unit.dir/opt/pico/pico-sdk/lib/lwip/src/core/inet_chksum.c.obj
 .text.inet_chksum_pseudo
                0x0000000010009870       0x30 CMakeFiles/sensing_unit.dir/opt/pico/pico-sdk/lib/lwip/src/core/inet_chksum.c.obj
                0x0000000010009870                inet_chksum_pseudo
 .text.ip_chksum_pseudo
                0x00000000100098a0       0x10 CMakeFiles/sensing_unit.dir/opt/pico/pico-sdk/lib/lwip/src/core/inet_chksum.c.obj
                0x00000000100098a0                ip_chksum_pseudo
 .text.inet_chksum
                0x00000000100098b0        0xc CMakeFiles/sensing_unit.dir/opt/pico/pico-sdk/lib/lwip/src/core/inet_chksum.c.obj
                0x00000000100098b0                inet_chksum
 .text.inet_chksum_pbuf
                0x00000000100098bc       0x52 CMakeFiles/sensing_unit.dir/opt/pico/pico-sdk/lib/lwip/src/core/inet_chksum.c.obj
                0x00000000100098bc                inet_chksum_pbuf
 *fill*         0x000000001000990e        0x2 
 .text.ptr_to_mem
                0x0000000010009910        0xc CMakeFiles/sensing_unit.dir/opt/pico/pico-sdk/lib/lwip/src/core/mem.c.obj
 .text.mem_to_ptr
                0x000000001000991c       0x10 CMakeFiles/sensing_unit.dir/opt/pico/pico-sdk/lib/lwip/src/core/mem.c.obj
 .text.mem_link_valid
                0x000000001000992c       0x5c CMakeFiles/sensing_unit.dir/opt/pico/pico-sdk/lib/lwip/src/core/mem.c.obj
 .text.plug_holes
                0x0000000010009988       0xd4 CMakeFiles/sensing_unit.dir/opt/pico/pico-sdk/lib/lwip/src/core/mem.c.obj
 .text.mem_init
                0x0000000010009a5c       0x44 CMakeFiles/sensing_unit.dir/opt/pico/pico-sdk/lib/lwip/src/core/mem.c.obj
                0x0000000010009a5c                mem_init
 .text.mem_free
                0x0000000010009aa0       0x84 CMakeFiles/sensing_unit.dir/opt/pico/pico-sdk/lib/lwip/src/core/mem.c.obj
                0x0000000010009aa0                mem_free
 .text.mem_trim
                0x0000000010009b24      0x134 CMakeFiles/sensing_unit.dir/opt/pico/pico-sdk/lib/lwip/src/core/mem.c.obj
                0x0000000010009b24                mem_trim
 .text.mem_malloc
                0x0000000010009c58      0x134 CMakeFiles/sensing_unit.dir/opt/pico/pico-sdk/lib/lwip/src/core/mem.c.obj
                0x0000000010009c58                mem_malloc
 .text.do_memp_malloc_pool
                0x0000000010009d8c       0x30 CMakeFiles/sensing_unit.dir/opt/pico/pico-sdk/lib/lwip/src/core/memp.c.obj
 .text.do_memp_free_pool
                0x0000000010009dbc       0x28 CMakeFiles/sensing_unit.dir/opt/pico/pico-sdk/lib/lwip/src/core/memp.c.obj
 .text.memp_init_pool
                0x0000000010009de4       0x2a CMakeFiles/sensing_unit.dir/opt/pico/pico-sdk/lib/lwip/src/core/memp.c.obj
                0x0000000010009de4                memp_init_pool
 *fill*         0x0000000010009e0e        0x2 
 .text.memp_init
                0x0000000010009e10       0x20 CMakeFiles/sensing_unit.dir/opt/pico/pico-sdk/lib/lwip/src/core/memp.c.obj
                0x0000000010009e10                memp_init
 .text.memp_malloc
                0x0000000010009e30       0x24 CMakeFiles/sensing_unit.dir/opt/pico/pico-sdk/lib/lwip/src/core/memp.c.obj
                0x0000000010009e30                memp_malloc
 .text.memp_free
                0x0000000010009e54       0x28 CMakeFiles/sensing_unit.dir/opt/pico/pico-sdk/lib/lwip/src/core/memp.c.obj
                0x0000000010009e54                memp_free
 .text.netif_do_set_netmask
                0x0000000010009e7c       0x1a CMakeFiles/sensing_unit.dir/opt/pico/pico-sdk/lib/lwip/src/core/netif.c.obj
 .text.netif_do_set_gw
                0x0000000010009e96       0x1a CMakeFiles/sensing_unit.dir/opt/pico/pico-sdk/lib/lwip/src/core/netif.c.obj
 .text.netif_null_output_ip4
                0x0000000010009eb0        0x6 CMakeFiles/sensing_unit.dir/opt/pico/pico-sdk/lib/lwip/src/core/netif.c.obj
 .text.netif_do_ip_addr_changed
                0x0000000010009eb6       0x1c CMakeFiles/sensing_unit.dir/opt/pico/pico-sdk/lib/lwip/src/core/netif.c.obj
 *fill*         0x0000000010009ed2        0x2 
 .text.netif_issue_reports
                0x0000000010009ed4       0x34 CMakeFiles/sensing_unit.dir/opt/pico/pico-sdk/lib/lwip/src/core/netif.c.obj
 .text.netif_do_set_ipaddr
                0x0000000010009f08       0x54 CMakeFiles/sensing_unit.dir/opt/pico/pico-sdk/lib/lwip/src/core/netif.c.obj
 .text.netif_init
                0x0000000010009f5c        0x2 CMakeFiles/sensing_unit.dir/opt/pico/pico-sdk/lib/lwip/src/core/netif.c.obj
                0x0000000010009f5c                netif_init
 *fill*         0x0000000010009f5e        0x2 
 .text.netif_set_addr
                0x0000000010009f60       0x78 CMakeFiles/sensing_unit.dir/opt/pico/pico-sdk/lib/lwip/src/core/netif.c.obj
                0x0000000010009f60                netif_set_addr
 .text.netif_add
                0x0000000010009fd8      0x124 CMakeFiles/sensing_unit.dir/opt/pico/pico-sdk/lib/lwip/src/core/netif.c.obj
                0x0000000010009fd8                netif_add
 .text.netif_set_default
                0x000000001000a0fc        0xc CMakeFiles/sensing_unit.dir/opt/pico/pico-sdk/lib/lwip/src/core/netif.c.obj
                0x000000001000a0fc                netif_set_default
 .text.netif_set_up
                0x000000001000a108       0x34 CMakeFiles/sensing_unit.dir/opt/pico/pico-sdk/lib/lwip/src/core/netif.c.obj
                0x000000001000a108                netif_set_up
 .text.netif_set_down
                0x000000001000a13c       0x38 CMakeFiles/sensing_unit.dir/opt/pico/pico-sdk/lib/lwip/src/core/netif.c.obj
                0x000000001000a13c                netif_set_down
 .text.netif_remove
                0x000000001000a174       0x64 CMakeFiles/sensing_unit.dir/opt/pico/pico-sdk/lib/lwip/src/core/netif.c.obj
                0x000000001000a174                netif_remove
 .text.netif_set_link_up
                0x000000001000a1d8       0x3c CMakeFiles/sensing_unit.dir/opt/pico/pico-sdk/lib/lwip/src/core/netif.c.obj
                0x000000001000a1d8                netif_set_link_up
 .text.netif_set_link_down
                0x000000001000a214       0x2c CMakeFiles/sensing_unit.dir/opt/pico/pico-sdk/lib/lwip/src/core/netif.c.obj
                0x000000001000a214                netif_set_link_down
 .text.netif_get_by_index
                0x000000001000a240       0x24 CMakeFiles/sensing_unit.dir/opt/pico/pico-sdk/lib/lwip/src/core/netif.c.obj
                0x000000001000a240                netif_get_by_index
 .text.pbuf_init_alloced_pbuf
                0x000000001000a264       0x20 CMakeFiles/sensing_unit.dir/opt/pico/pico-sdk/lib/lwip/src/core/pbuf.c.obj
 .text.pbuf_skip_const
                0x000000001000a284       0x1a CMakeFiles/sensing_unit.dir/opt/pico/pico-sdk/lib/lwip/src/core/pbuf.c.obj
 *fill*         0x000000001000a29e        0x2 
 .text.pbuf_pool_is_empty
                0x000000001000a2a0       0x18 CMakeFiles/sensing_unit.dir/opt/pico/pico-sdk/lib/lwip/src/core/pbuf.c.obj
 .text.pbuf_add_header_impl
                0x000000001000a2b8       0x68 CMakeFiles/sensing_unit.dir/opt/pico/pico-sdk/lib/lwip/src/core/pbuf.c.obj
 .text.pbuf_free_ooseq
                0x000000001000a320       0x30 CMakeFiles/sensing_unit.dir/opt/pico/pico-sdk/lib/lwip/src/core/pbuf.c.obj
                0x000000001000a320                pbuf_free_ooseq
 .text.pbuf_alloc_reference
                0x000000001000a350       0x3c CMakeFiles/sensing_unit.dir/opt/pico/pico-sdk/lib/lwip/src/core/pbuf.c.obj
                0x000000001000a350                pbuf_alloc_reference
 .text.pbuf_add_header
                0x000000001000a38c        0xa CMakeFiles/sensing_unit.dir/opt/pico/pico-sdk/lib/lwip/src/core/pbuf.c.obj
                0x000000001000a38c                pbuf_add_header
 *fill*         0x000000001000a396        0x2 
 .text.pbuf_remove_header
                0x000000001000a398       0x50 CMakeFiles/sensing_unit.dir/opt/pico/pico-sdk/lib/lwip/src/core/pbuf.c.obj
                0x000000001000a398                pbuf_remove_header
 .text.pbuf_header_impl
                0x000000001000a3e8       0x14 CMakeFiles/sensing_unit.dir/opt/pico/pico-sdk/lib/lwip/src/core/pbuf.c.obj
 .text.pbuf_header_force
                0x000000001000a3fc        0xa CMakeFiles/sensing_unit.dir/opt/pico/pico-sdk/lib/lwip/src/core/pbuf.c.obj
                0x000000001000a3fc                pbuf_header_force
 *fill*         0x000000001000a406        0x2 
 .text.pbuf_free
                0x000000001000a408       0x7c CMakeFiles/sensing_unit.dir/opt/pico/pico-sdk/lib/lwip/src/core/pbuf.c.obj
                0x000000001000a408                pbuf_free
 .text.pbuf_alloc
                0x000000001000a484      0x148 CMakeFiles/sensing_unit.dir/opt/pico/pico-sdk/lib/lwip/src/core/pbuf.c.obj
                0x000000001000a484                pbuf_alloc
 .text.pbuf_realloc
                0x000000001000a5cc       0x84 CMakeFiles/sensing_unit.dir/opt/pico/pico-sdk/lib/lwip/src/core/pbuf.c.obj
                0x000000001000a5cc                pbuf_realloc
 .text.pbuf_clen
                0x000000001000a650       0x12 CMakeFiles/sensing_unit.dir/opt/pico/pico-sdk/lib/lwip/src/core/pbuf.c.obj
                0x000000001000a650                pbuf_clen
 *fill*         0x000000001000a662        0x2 
 .text.pbuf_ref
                0x000000001000a664       0x28 CMakeFiles/sensing_unit.dir/opt/pico/pico-sdk/lib/lwip/src/core/pbuf.c.obj
                0x000000001000a664                pbuf_ref
 .text.pbuf_cat
                0x000000001000a68c       0x44 CMakeFiles/sensing_unit.dir/opt/pico/pico-sdk/lib/lwip/src/core/pbuf.c.obj
                0x000000001000a68c                pbuf_cat
 .text.pbuf_chain
                0x000000001000a6d0       0x10 CMakeFiles/sensing_unit.dir/opt/pico/pico-sdk/lib/lwip/src/core/pbuf.c.obj
                0x000000001000a6d0                pbuf_chain
 .text.pbuf_copy_partial_pbuf
                0x000000001000a6e0      0x13c CMakeFiles/sensing_unit.dir/opt/pico/pico-sdk/lib/lwip/src/core/pbuf.c.obj
                0x000000001000a6e0                pbuf_copy_partial_pbuf
 .text.pbuf_copy
                0x000000001000a81c       0x20 CMakeFiles/sensing_unit.dir/opt/pico/pico-sdk/lib/lwip/src/core/pbuf.c.obj
                0x000000001000a81c                pbuf_copy
 .text.pbuf_copy_partial
                0x000000001000a83c       0x90 CMakeFiles/sensing_unit.dir/opt/pico/pico-sdk/lib/lwip/src/core/pbuf.c.obj
                0x000000001000a83c                pbuf_copy_partial
 .text.pbuf_skip
                0x000000001000a8cc        0x8 CMakeFiles/sensing_unit.dir/opt/pico/pico-sdk/lib/lwip/src/core/pbuf.c.obj
                0x000000001000a8cc                pbuf_skip
 .text.pbuf_take
                0x000000001000a8d4       0x98 CMakeFiles/sensing_unit.dir/opt/pico/pico-sdk/lib/lwip/src/core/pbuf.c.obj
                0x000000001000a8d4                pbuf_take
 .text.pbuf_take_at
                0x000000001000a96c       0x70 CMakeFiles/sensing_unit.dir/opt/pico/pico-sdk/lib/lwip/src/core/pbuf.c.obj
                0x000000001000a96c                pbuf_take_at
 .text.pbuf_clone
                0x000000001000a9dc       0x2c CMakeFiles/sensing_unit.dir/opt/pico/pico-sdk/lib/lwip/src/core/pbuf.c.obj
                0x000000001000a9dc                pbuf_clone
 .text.pbuf_put_at
                0x000000001000aa08       0x26 CMakeFiles/sensing_unit.dir/opt/pico/pico-sdk/lib/lwip/src/core/pbuf.c.obj
                0x000000001000aa08                pbuf_put_at
 *fill*         0x000000001000aa2e        0x2 
 .text.raw_input_local_match
                0x000000001000aa30       0x5c CMakeFiles/sensing_unit.dir/opt/pico/pico-sdk/lib/lwip/src/core/raw.c.obj
 .text.raw_input
                0x000000001000aa8c       0xb0 CMakeFiles/sensing_unit.dir/opt/pico/pico-sdk/lib/lwip/src/core/raw.c.obj
                0x000000001000aa8c                raw_input
 .text.raw_netif_ip_addr_changed
                0x000000001000ab3c       0x38 CMakeFiles/sensing_unit.dir/opt/pico/pico-sdk/lib/lwip/src/core/raw.c.obj
                0x000000001000ab3c                raw_netif_ip_addr_changed
 .text.stats_init
                0x000000001000ab74        0x2 CMakeFiles/sensing_unit.dir/opt/pico/pico-sdk/lib/lwip/src/core/stats.c.obj
                0x000000001000ab74                stats_init
 *fill*         0x000000001000ab76        0x2 
 .text.tcp_new_port
                0x000000001000ab78       0x6c CMakeFiles/sensing_unit.dir/opt/pico/pico-sdk/lib/lwip/src/core/tcp.c.obj
 .text.tcp_remove_listener
                0x000000001000abe4       0x24 CMakeFiles/sensing_unit.dir/opt/pico/pico-sdk/lib/lwip/src/core/tcp.c.obj
 .text.tcp_listen_closed
                0x000000001000ac08       0x40 CMakeFiles/sensing_unit.dir/opt/pico/pico-sdk/lib/lwip/src/core/tcp.c.obj
 .text.tcp_free_listen
                0x000000001000ac48       0x1c CMakeFiles/sensing_unit.dir/opt/pico/pico-sdk/lib/lwip/src/core/tcp.c.obj
 .text.tcp_close_shutdown_fin
                0x000000001000ac64       0x68 CMakeFiles/sensing_unit.dir/opt/pico/pico-sdk/lib/lwip/src/core/tcp.c.obj
 .text.tcp_handle_closepend
                0x000000001000accc       0x28 CMakeFiles/sensing_unit.dir/opt/pico/pico-sdk/lib/lwip/src/core/tcp.c.obj
 .text.tcp_init
                0x000000001000acf4       0x20 CMakeFiles/sensing_unit.dir/opt/pico/pico-sdk/lib/lwip/src/core/tcp.c.obj
                0x000000001000acf4                tcp_init
 .text.tcp_free